nohup: ignoring input
[assemble] 1 fragment(s): ['paris1_fr34']  (concurrent_fragments=1, workers/frag=16, chunks=(8,64,64))

======================================================================
paris1_fr34 (20230301213423)  id=20230301213423
======================================================================
  $ curl -L --fail --retry 5 --retry-delay 2 -o _ves_tmp/rescan_20230301213423/mask.png https://dl.ash2txt.org/fragments/Frag3/PHercParis1Fr34.volpkg/working/54keV_exposed_surface/mask.png
  % Total    % Received % Xferd  Average Speed   Time    Time     Time  Current
                                 Dload  Upload   Total   Spent    Left  Speed
  0     0    0     0    0     0      0      0 --:--:-- --:--:-- --:--:--     0  0 40713    0     0    0     0      0      0 --:--:-- --:--:-- --:--:--     0100 40713  100 40713    0     0  42487      0 --:--:-- --:--:-- --:--:-- 42453
  [1/3] 88 keV rescan -> (28, 2632, 1817); empty layers [0, 1, 2, 25, 26, 27]
  [rescan] 3556 chunks under the surface, 1305 missing from the published zarr
  [rescan] tif fill row 1/95 (z32 y4, 31 chunks, 12s)
  [rescan] tif fill row 2/95 (z32 y5, 42 chunks, 24s)
  [rescan] tif fill row 3/95 (z32 y6, 15 chunks, 42s)
  [rescan] tif fill row 4/95 (z32 y7, 3 chunks, 61s)
  [rescan] tif fill row 5/95 (z32 y8, 1 chunks, 79s)
  [rescan] tif fill row 6/95 (z33 y3, 3 chunks, 98s)
  [rescan] tif fill row 7/95 (z33 y4, 27 chunks, 118s)
  [rescan] tif fill row 8/95 (z33 y5, 36 chunks, 135s)
  [rescan] tif fill row 9/95 (z33 y6, 17 chunks, 151s)
  [rescan] tif fill row 10/95 (z33 y7, 2 chunks, 168s)
  [rescan] tif fill row 11/95 (z34 y3, 7 chunks, 184s)
  [rescan] tif fill row 12/95 (z34 y4, 24 chunks, 196s)
  [rescan] tif fill row 13/95 (z34 y5, 35 chunks, 209s)
  [rescan] tif fill row 14/95 (z34 y6, 17 chunks, 230s)
  [rescan] tif fill row 15/95 (z34 y7, 1 chunks, 245s)
  [rescan] tif fill row 16/95 (z35 y3, 10 chunks, 263s)
  [rescan] tif fill row 17/95 (z35 y4, 24 chunks, 284s)
  [rescan] tif fill row 18/95 (z35 y5, 31 chunks, 307s)
  [rescan] tif fill row 19/95 (z35 y6, 18 chunks, 324s)
  [rescan] tif fill row 20/95 (z35 y7, 3 chunks, 339s)
  [rescan] tif fill row 21/95 (z36 y3, 11 chunks, 354s)
  [rescan] tif fill row 22/95 (z36 y4, 23 chunks, 374s)
  [rescan] tif fill row 23/95 (z36 y5, 25 chunks, 397s)
  [rescan] tif fill row 24/95 (z36 y6, 16 chunks, 415s)
  [rescan] tif fill row 25/95 (z36 y7, 5 chunks, 431s)
  [rescan] tif fill row 26/95 (z37 y3, 12 chunks, 451s)
  [rescan] tif fill row 27/95 (z37 y4, 21 chunks, 464s)
  [rescan] tif fill row 28/95 (z37 y5, 24 chunks, 478s)
  [rescan] tif fill row 29/95 (z37 y6, 15 chunks, 497s)
  [rescan] tif fill row 30/95 (z37 y7, 4 chunks, 511s)
  [rescan] tif fill row 31/95 (z38 y3, 11 chunks, 527s)
  [rescan] tif fill row 32/95 (z38 y4, 22 chunks, 545s)
  [rescan] tif fill row 33/95 (z38 y5, 21 chunks, 563s)
  [rescan] tif fill row 34/95 (z38 y6, 13 chunks, 580s)
  [rescan] tif fill row 35/95 (z38 y7, 5 chunks, 597s)
  [rescan] tif fill row 36/95 (z39 y3, 11 chunks, 615s)
  [rescan] tif fill row 37/95 (z39 y4, 23 chunks, 636s)
  [rescan] tif fill row 38/95 (z39 y5, 19 chunks, 647s)
  [rescan] tif fill row 39/95 (z39 y6, 12 chunks, 665s)
  [rescan] tif fill row 40/95 (z39 y7, 5 chunks, 682s)
  [rescan] tif fill row 41/95 (z40 y3, 13 chunks, 697s)
  [rescan] tif fill row 42/95 (z40 y4, 22 chunks, 712s)
  [rescan] tif fill row 43/95 (z40 y5, 15 chunks, 734s)
  [rescan] tif fill row 44/95 (z40 y6, 12 chunks, 748s)
  [rescan] tif fill row 45/95 (z40 y7, 5 chunks, 763s)
  [rescan] tif fill row 46/95 (z41 y3, 14 chunks, 777s)
  [rescan] tif fill row 47/95 (z41 y4, 20 chunks, 796s)
  [rescan] tif fill row 48/95 (z41 y5, 13 chunks, 806s)
  [rescan] tif fill row 49/95 (z41 y6, 13 chunks, 826s)
  [rescan] tif fill row 50/95 (z41 y7, 6 chunks, 840s)
  [rescan] tif fill row 51/95 (z42 y3, 13 chunks, 855s)
  [rescan] tif fill row 52/95 (z42 y4, 20 chunks, 872s)
  [rescan] tif fill row 53/95 (z42 y5, 11 chunks, 886s)
  [rescan] tif fill row 54/95 (z42 y6, 12 chunks, 899s)
  [rescan] tif fill row 55/95 (z42 y7, 6 chunks, 919s)
  [rescan] tif fill row 56/95 (z43 y3, 14 chunks, 930s)
  [rescan] tif fill row 57/95 (z43 y4, 19 chunks, 952s)
  [rescan] tif fill row 58/95 (z43 y5, 9 chunks, 966s)
  [rescan] tif fill row 59/95 (z43 y6, 11 chunks, 981s)
  [rescan] tif fill row 60/95 (z43 y7, 7 chunks, 996s)
  [rescan] tif fill row 61/95 (z44 y3, 14 chunks, 1015s)
  [rescan] tif fill row 62/95 (z44 y4, 17 chunks, 1029s)
  [rescan] tif fill row 63/95 (z44 y5, 11 chunks, 1046s)
  [rescan] tif fill row 64/95 (z44 y6, 13 chunks, 1063s)
  [rescan] tif fill row 65/95 (z44 y7, 8 chunks, 1075s)
  [rescan] tif fill row 66/95 (z45 y3, 12 chunks, 1093s)
  [rescan] tif fill row 67/95 (z45 y4, 13 chunks, 1104s)
  [rescan] tif fill row 68/95 (z45 y5, 12 chunks, 1122s)
  [rescan] tif fill row 69/95 (z45 y6, 14 chunks, 1134s)
  [rescan] tif fill row 70/95 (z45 y7, 5 chunks, 1149s)
  [rescan] tif fill row 71/95 (z46 y3, 10 chunks, 1162s)
  [rescan] tif fill row 72/95 (z46 y4, 13 chunks, 1177s)
  [rescan] tif fill row 73/95 (z46 y5, 17 chunks, 1190s)
  [rescan] tif fill row 74/95 (z46 y6, 15 chunks, 1213s)
  [rescan] tif fill row 75/95 (z46 y7, 2 chunks, 1231s)
  [rescan] tif fill row 76/95 (z47 y3, 9 chunks, 1248s)
  [rescan] tif fill row 77/95 (z47 y4, 11 chunks, 1264s)
  [rescan] tif fill row 78/95 (z47 y5, 18 chunks, 1285s)
  [rescan] tif fill row 79/95 (z47 y6, 16 chunks, 1307s)
  [rescan] tif fill row 80/95 (z48 y3, 8 chunks, 1323s)
  [rescan] tif fill row 81/95 (z48 y4, 17 chunks, 1344s)
  [rescan] tif fill row 82/95 (z48 y5, 18 chunks, 1359s)
  [rescan] tif fill row 83/95 (z48 y6, 10 chunks, 1374s)
  [rescan] tif fill row 84/95 (z49 y3, 5 chunks, 1388s)
  [rescan] tif fill row 85/95 (z49 y4, 14 chunks, 1402s)
  [rescan] tif fill row 86/95 (z49 y5, 16 chunks, 1417s)
  [rescan] tif fill row 87/95 (z49 y6, 6 chunks, 1431s)
  [rescan] tif fill row 88/95 (z50 y3, 5 chunks, 1445s)
  [rescan] tif fill row 89/95 (z50 y4, 12 chunks, 1460s)
  [rescan] tif fill row 90/95 (z50 y5, 17 chunks, 1474s)
  [rescan] tif fill row 91/95 (z50 y6, 9 chunks, 1489s)
  [rescan] tif fill row 92/95 (z51 y4, 9 chunks, 1503s)
  [rescan] tif fill row 93/95 (z51 y5, 17 chunks, 1517s)
  [rescan] tif fill row 94/95 (z51 y6, 10 chunks, 1531s)
  [rescan] tif fill row 95/95 (z51 y7, 2 chunks, 1545s)
/usr/local/lib/python3.10/dist-packages/zarr/creation.py:614: UserWarning: ignoring keyword argument 'zarr_format'
  compressor, fill_value = _kwargs_compat(compressor, fill_value, kwargs)
  [rescan] tile 15/315 (24s)
  [rescan] tile 75/315 (103s)
  [rescan] tile 135/315 (216s)
  [rescan] tile 195/315 (358s)
  [rescan] tile 255/315 (530s)
  [rescan] tile 315/315 (597s)
  [1/3] wrote /vesuvius/ves_zarrs2/20230301213423.zarr + masks/20230301213423.png (footprint 0.626, 0.9976 of the source mask)
  [verify] paris1_fr34: shape=(28, 2632, 1817) mask/midslice=1.00000
  [2/3] eroded labels present: eroded_inklabels/20230301213423.png  valid=0.0190
  [3/3] --skip-norm -> skip
[done] paris1_fr34 (20230301213423)

======================================================================
[assemble] SUMMARY
======================================================================
  paris1_fr34: OK

======================================================================
[assemble] INTEGRITY SWEEP (34 scrolls)
======================================================================
  OK   w044         20260115000000  cov=1.00
  OK   w059         20250223000000  cov=1.00
  [91mFAIL w047         20260206000001  MISSING zarr[0m
  [91mFAIL w056         20260115000001  MISSING zarr[0m
  [91mFAIL w058         20260210000000  MISSING zarr[0m
  [91mFAIL w052         20260227000000  MISSING zarr[0m
  [91mFAIL w049         20260318000000  MISSING zarr[0m
  [91mFAIL w046         20260325000000  MISSING zarr[0m
  OK   w041         20260108000000  cov=1.00
  OK   w040         20250831000000  cov=1.00
  OK   w039         20260302000000  cov=1.00
  [91mFAIL w038         20260306000000  MISSING zarr[0m
  [91mFAIL w037         20260310000000  MISSING zarr[0m
  [91mFAIL w034         20260303000000  MISSING zarr[0m
  OK   w035         20260317000000  cov=1.00
  OK   w030         20250108000005  cov=1.00
  OK   w043         20260112000000  cov=1.00
  OK   w045         20260126000000  cov=1.00
  [91mFAIL w055         20251226000000  MISSING zarr[0m
  OK   seg46527     20260226000000  cov=1.00
  OK   500P2_front  20250628074500  cov=1.00
  OK   w013         20240304141531  cov=1.00
  OK   w087         20251112000002  cov=1.00
  OK   w068         20251111010954  cov=1.00
  [91mFAIL w018         20240304144031  MISSING zarr[0m
  OK   p9b_487      20250919125754  cov=1.00
  OK   paris4       20231210121321  cov=1.00
  [91mFAIL paris2_fr143 20230301213755  MISSING zarr[0m
  OK   paris2_fr47  20230205142449  cov=1.00
  OK   scroll6_fr8  20231205222200  cov=1.00
  OK   paris1_fr34  20230301213423  cov=1.00
  OK   p343         20250511003658  cov=1.00
  OK   cr1fr3       20231201215900  cov=1.00
  OK   p841         20260221022814  cov=1.00

[91m[assemble] 12 scroll(s) FAILED integrity: ['w047', 'w056', 'w058', 'w052', 'w049', 'w046', 'w038', 'w037', 'w034', 'w055', 'w018', 'paris2_fr143']
  fix with: python assemble_training_segments.py --force --only w047,w056,w058,w052,w049,w046,w038,w037,w034,w055,w018,paris2_fr143[0m
