nohup: ignoring input
[assemble] 1 fragment(s): ['paris4']  (concurrent_fragments=1, workers/frag=16, chunks=(8,64,64))

======================================================================
paris4 (20231210121321)  id=20231210121321
======================================================================
/usr/local/lib/python3.10/dist-packages/zarr/creation.py:614: UserWarning: ignoring keyword argument 'zarr_format'
  compressor, fill_value = _kwargs_compat(compressor, fill_value, kwargs)
  [1/3] level-2 pool (109, 12750, 9995) crop=(0, 12750, 0, 9995) depth=109->28 output=(28, 12750, 9995)
  [pool] rows 128/12750
  [pool] rows 256/12750
  [pool] rows 384/12750
  [pool] rows 512/12750
  [pool] rows 640/12750
  [pool] rows 768/12750
  [pool] rows 896/12750
  [pool] rows 1024/12750
  [pool] rows 1152/12750
  [pool] rows 1280/12750
  [pool] rows 1408/12750
  [pool] rows 1536/12750
  [pool] rows 1664/12750
  [pool] rows 1792/12750
  [pool] rows 1920/12750
  [pool] rows 2048/12750
  [pool] rows 2176/12750
  [pool] rows 2304/12750
  [pool] rows 2432/12750
  [pool] rows 2560/12750
  [pool] rows 2688/12750
  [pool] rows 2816/12750
  [pool] rows 2944/12750
  [pool] rows 3072/12750
  [pool] rows 3200/12750
  [pool] rows 3328/12750
  [pool] rows 3456/12750
  [pool] rows 3584/12750
  [pool] rows 3712/12750
  [pool] rows 3840/12750
  [pool] rows 3968/12750
  [pool] rows 4096/12750
  [pool] rows 4224/12750
  [pool] rows 4352/12750
  [pool] rows 4480/12750
  [pool] rows 4608/12750
  [pool] rows 4736/12750
  [pool] rows 4864/12750
  [pool] rows 4992/12750
  [pool] rows 5120/12750
  [pool] rows 5248/12750
  [pool] rows 5376/12750
  [pool] rows 5504/12750
  [pool] rows 5632/12750
  [pool] rows 5760/12750
  [pool] rows 5888/12750
  [pool] rows 6016/12750
  [pool] rows 6144/12750
  [pool] rows 6272/12750
  [pool] rows 6400/12750
  [pool] rows 6528/12750
  [pool] rows 6656/12750
  [pool] rows 6784/12750
  [pool] rows 6912/12750
  [pool] rows 7040/12750
  [pool] rows 7168/12750
  [pool] rows 7296/12750
  [pool] rows 7424/12750
  [pool] rows 7552/12750
  [pool] rows 7680/12750
  [pool] rows 7808/12750
  [pool] rows 7936/12750
  [pool] rows 8064/12750
  [pool] rows 8192/12750
  [pool] rows 8320/12750
  [pool] rows 8448/12750
  [pool] rows 8576/12750
  [pool] rows 8704/12750
  [pool] rows 8832/12750
  [pool] rows 8960/12750
  [pool] rows 9088/12750
  [pool] rows 9216/12750
  [pool] rows 9344/12750
  [pool] rows 9472/12750
  [pool] rows 9600/12750
  [pool] rows 9728/12750
  [pool] rows 9856/12750
  [pool] rows 9984/12750
  [pool] rows 10112/12750
  [pool] rows 10240/12750
  [pool] rows 10368/12750
  [pool] rows 10496/12750
  [pool] rows 10624/12750
  [pool] rows 10752/12750
  [pool] rows 10880/12750
  [pool] rows 11008/12750
  [pool] rows 11136/12750
  [pool] rows 11264/12750
  [pool] rows 11392/12750
  [pool] rows 11520/12750
  [pool] rows 11648/12750
  [pool] rows 11776/12750
  [pool] rows 11904/12750
  [pool] rows 12032/12750
  [pool] rows 12160/12750
  [pool] rows 12288/12750
  [pool] rows 12416/12750
  [pool] rows 12544/12750
  [pool] rows 12672/12750
  [pool] rows 12750/12750
  [mask] wrote masks/20231210121321.png from midslice valid_frac=0.862
  [pool] wrote /vesuvius/ves_zarrs2/20231210121321.zarr shape=(28, 12750, 9995)
  [2/3] eroded labels present: eroded_inklabels/20231210121321.png  valid=0.0125
  [3/3] --skip-norm -> skip
[done] paris4 (20231210121321)

======================================================================
[assemble] SUMMARY
======================================================================
  paris4: OK

======================================================================
[assemble] INTEGRITY SWEEP (34 scrolls)
======================================================================
  OK   w044         20260115000000  cov=1.00
  OK   w059         20250223000000  cov=1.00
  [91mFAIL w047         20260206000001  MISSING zarr[0m
  [91mFAIL w056         20260115000001  MISSING zarr[0m
  [91mFAIL w058         20260210000000  MISSING zarr[0m
  [91mFAIL w052         20260227000000  MISSING zarr[0m
  [91mFAIL w049         20260318000000  MISSING zarr[0m
  [91mFAIL w046         20260325000000  MISSING zarr[0m
  OK   w041         20260108000000  cov=1.00
  OK   w040         20250831000000  cov=1.00
  OK   w039         20260302000000  cov=1.00
  [91mFAIL w038         20260306000000  MISSING zarr[0m
  [91mFAIL w037         20260310000000  MISSING zarr[0m
  [91mFAIL w034         20260303000000  MISSING zarr[0m
  OK   w035         20260317000000  cov=1.00
  OK   w030         20250108000005  cov=1.00
  OK   w043         20260112000000  cov=1.00
  OK   w045         20260126000000  cov=1.00
  [91mFAIL w055         20251226000000  MISSING zarr[0m
  OK   seg46527     20260226000000  cov=1.00
  OK   500P2_front  20250628074500  cov=1.00
  OK   w013         20240304141531  cov=1.00
  OK   w087         20251112000002  cov=1.00
  [91mFAIL w068         20251111010954  MISSING zarr[0m
  [91mFAIL w018         20240304144031  MISSING zarr[0m
  OK   p9b_487      20250919125754  cov=1.00
  OK   paris4       20231210121321  cov=1.00
  [91mFAIL paris2_fr143 20230301213755  MISSING zarr[0m
  [91mFAIL paris2_fr47  20230205142449  MISSING zarr[0m
  [91mFAIL scroll6_fr8  20231205222200  MISSING zarr[0m
  [91mFAIL paris1_fr34  20230301213423  MISSING zarr[0m
  OK   p343         20250511003658  cov=1.00
  OK   cr1fr3       20231201215900  cov=1.00
  OK   p841         20260221022814  cov=1.00

[91m[assemble] 16 scroll(s) FAILED integrity: ['w047', 'w056', 'w058', 'w052', 'w049', 'w046', 'w038', 'w037', 'w034', 'w055', 'w068', 'w018', 'paris2_fr143', 'paris2_fr47', 'scroll6_fr8', 'paris1_fr34']
  fix with: python assemble_training_segments.py --force --only w047,w056,w058,w052,w049,w046,w038,w037,w034,w055,w068,w018,paris2_fr143,paris2_fr47,scroll6_fr8,paris1_fr34[0m
