nohup: ignoring input
[assemble] 1 fragment(s): ['p343']  (concurrent_fragments=1, workers/frag=16, chunks=(8,64,64))

======================================================================
p343 (20250511003658)  id=20250511003658
======================================================================
/usr/local/lib/python3.10/dist-packages/zarr/creation.py:614: UserWarning: ignoring keyword argument 'zarr_format'
  compressor, fill_value = _kwargs_compat(compressor, fill_value, kwargs)
  [1/3] isotropic resample (31, 3440, 2060) @8.640um -> (28, 3175, 1901) @9.362um
  [resample] rows 118/3175
  [resample] rows 236/3175
  [resample] rows 354/3175
  [resample] rows 473/3175
  [resample] rows 591/3175
  [resample] rows 709/3175
  [resample] rows 827/3175
  [resample] rows 945/3175
  [resample] rows 1063/3175
  [resample] rows 1181/3175
  [resample] rows 1300/3175
  [resample] rows 1418/3175
  [resample] rows 1536/3175
  [resample] rows 1654/3175
  [resample] rows 1772/3175
  [resample] rows 1890/3175
  [resample] rows 2008/3175
  [resample] rows 2127/3175
  [resample] rows 2245/3175
  [resample] rows 2363/3175
  [resample] rows 2481/3175
  [resample] rows 2599/3175
  [resample] rows 2717/3175
  [resample] rows 2835/3175
  [resample] rows 2953/3175
  [resample] rows 3072/3175
  [resample] rows 3175/3175
  [mask] wrote masks/20250511003658.png from midslice valid_frac=0.613
  [resample] wrote /vesuvius/ves_zarrs2/20250511003658.zarr shape=(28, 3175, 1901)
  [2/3] eroded labels present: eroded_inklabels/20250511003658.png  valid=0.0143
  [3/3] --skip-norm -> skip
[done] p343 (20250511003658)

======================================================================
[assemble] SUMMARY
======================================================================
  p343: OK

======================================================================
[assemble] INTEGRITY SWEEP (34 scrolls)
======================================================================
  OK   w044         20260115000000  cov=1.00
  OK   w059         20250223000000  cov=1.00
  [91mFAIL w047         20260206000001  MISSING zarr[0m
  [91mFAIL w056         20260115000001  MISSING zarr[0m
  [91mFAIL w058         20260210000000  MISSING zarr[0m
  [91mFAIL w052         20260227000000  MISSING zarr[0m
  [91mFAIL w049         20260318000000  MISSING zarr[0m
  [91mFAIL w046         20260325000000  MISSING zarr[0m
  OK   w041         20260108000000  cov=1.00
  OK   w040         20250831000000  cov=1.00
  OK   w039         20260302000000  cov=1.00
  [91mFAIL w038         20260306000000  MISSING zarr[0m
  [91mFAIL w037         20260310000000  MISSING zarr[0m
  [91mFAIL w034         20260303000000  MISSING zarr[0m
  OK   w035         20260317000000  cov=1.00
  OK   w030         20250108000005  cov=1.00
  OK   w043         20260112000000  cov=1.00
  OK   w045         20260126000000  cov=1.00
  [91mFAIL w055         20251226000000  MISSING zarr[0m
  OK   seg46527     20260226000000  cov=1.00
  OK   500P2_front  20250628074500  cov=1.00
  [91mFAIL w013         20240304141531  DATA_UNDERFILL cov=0.13 (mask=88% valid)[0m
  [91mFAIL w087         20251112000002  MISSING zarr[0m
  [91mFAIL w068         20251111010954  MISSING zarr[0m
  [91mFAIL w018         20240304144031  MISSING zarr[0m
  OK   p9b_487      20250919125754  cov=1.00
  [91mFAIL paris4       20231210121321  MISSING zarr[0m
  [91mFAIL paris2_fr143 20230301213755  MISSING zarr[0m
  [91mFAIL paris2_fr47  20230205142449  MISSING zarr[0m
  [91mFAIL scroll6_fr8  20231205222200  MISSING zarr[0m
  [91mFAIL paris1_fr34  20230301213423  MISSING zarr[0m
  OK   p343         20250511003658  cov=1.00
  [91mFAIL cr1fr3       20231201215900  MISSING zarr[0m
  OK   p841         20260221022814  cov=1.00

[91m[assemble] 20 scroll(s) FAILED integrity: ['w047', 'w056', 'w058', 'w052', 'w049', 'w046', 'w038', 'w037', 'w034', 'w055', 'w013', 'w087', 'w068', 'w018', 'paris4', 'paris2_fr143', 'paris2_fr47', 'scroll6_fr8', 'paris1_fr34', 'cr1fr3']
  fix with: python assemble_training_segments.py --force --only w047,w056,w058,w052,w049,w046,w038,w037,w034,w055,w013,w087,w068,w018,paris4,paris2_fr143,paris2_fr47,scroll6_fr8,paris1_fr34,cr1fr3[0m
