nohup: ignoring input
[assemble] 1 fragment(s): ['w068']  (concurrent_fragments=1, workers/frag=16, chunks=(8,64,64))

======================================================================
w068 (20251111010954)  id=20251111010954
======================================================================
/usr/local/lib/python3.10/dist-packages/zarr/creation.py:614: UserWarning: ignoring keyword argument 'zarr_format'
  compressor, fill_value = _kwargs_compat(compressor, fill_value, kwargs)
  [1/3] isotropic resample (33, 13080, 14920) @7.910um -> (28, 11051, 12606) @9.362um
  [resample] rows 108/11051
  [resample] rows 216/11051
  [resample] rows 324/11051
  [resample] rows 433/11051
  [resample] rows 541/11051
  [resample] rows 649/11051
  [resample] rows 757/11051
  [resample] rows 865/11051
  [resample] rows 973/11051
  [resample] rows 1081/11051
  [resample] rows 1190/11051
  [resample] rows 1298/11051
  [resample] rows 1406/11051
  [resample] rows 1514/11051
  [resample] rows 1622/11051
  [resample] rows 1730/11051
  [resample] rows 1838/11051
  [resample] rows 1947/11051
  [resample] rows 2055/11051
  [resample] rows 2163/11051
  [resample] rows 2271/11051
  [resample] rows 2379/11051
  [resample] rows 2487/11051
  [resample] rows 2595/11051
  [resample] rows 2704/11051
  [resample] rows 2812/11051
  [resample] rows 2920/11051
  [resample] rows 3028/11051
  [resample] rows 3136/11051
  [resample] rows 3244/11051
  [resample] rows 3352/11051
  [resample] rows 3461/11051
  [resample] rows 3569/11051
  [resample] rows 3677/11051
  [resample] rows 3785/11051
  [resample] rows 3893/11051
  [resample] rows 4001/11051
  [resample] rows 4109/11051
  [resample] rows 4218/11051
  [resample] rows 4326/11051
  [resample] rows 4434/11051
  [resample] rows 4542/11051
  [resample] rows 4650/11051
  [resample] rows 4758/11051
  [resample] rows 4866/11051
  [resample] rows 4975/11051
  [resample] rows 5083/11051
  [resample] rows 5191/11051
  [resample] rows 5299/11051
  [resample] rows 5407/11051
  [resample] rows 5515/11051
  [resample] rows 5624/11051
  [resample] rows 5732/11051
  [resample] rows 5840/11051
  [resample] rows 5948/11051
  [resample] rows 6056/11051
  [resample] rows 6164/11051
  [resample] rows 6272/11051
  [resample] rows 6381/11051
  [resample] rows 6489/11051
  [resample] rows 6597/11051
  [resample] rows 6705/11051
  [resample] rows 6813/11051
  [resample] rows 6921/11051
  [resample] rows 7029/11051
  [resample] rows 7138/11051
  [resample] rows 7246/11051
  [resample] rows 7354/11051
  [resample] rows 7462/11051
  [resample] rows 7570/11051
  [resample] rows 7678/11051
  [resample] rows 7786/11051
  [resample] rows 7895/11051
  [resample] rows 8003/11051
  [resample] rows 8111/11051
  [resample] rows 8219/11051
  [resample] rows 8327/11051
  [resample] rows 8435/11051
  [resample] rows 8543/11051
  [resample] rows 8652/11051
  [resample] rows 8760/11051
  [resample] rows 8868/11051
  [resample] rows 8976/11051
  [resample] rows 9084/11051
  [resample] rows 9192/11051
  [resample] rows 9300/11051
  [resample] rows 9409/11051
  [resample] rows 9517/11051
  [resample] rows 9625/11051
  [resample] rows 9733/11051
  [resample] rows 9841/11051
  [resample] rows 9949/11051
  [resample] rows 10057/11051
  [resample] rows 10166/11051
  [resample] rows 10274/11051
  [resample] rows 10382/11051
  [resample] rows 10490/11051
  [resample] rows 10598/11051
  [resample] rows 10706/11051
  [resample] rows 10814/11051
  [resample] rows 10923/11051
  [resample] rows 11031/11051
  [resample] rows 11051/11051
  [mask] wrote masks/20251111010954.png from midslice valid_frac=0.916
  [resample] wrote /vesuvius/ves_zarrs2/20251111010954.zarr shape=(28, 11051, 12606)
  [2/3] eroded labels present: eroded_inklabels/20251111010954.png  valid=0.0022
  [3/3] --skip-norm -> skip
[done] w068 (20251111010954)

======================================================================
[assemble] SUMMARY
======================================================================
  w068: OK

======================================================================
[assemble] INTEGRITY SWEEP (34 scrolls)
======================================================================
  OK   w044         20260115000000  cov=1.00
  OK   w059         20250223000000  cov=1.00
  [91mFAIL w047         20260206000001  MISSING zarr[0m
  [91mFAIL w056         20260115000001  MISSING zarr[0m
  [91mFAIL w058         20260210000000  MISSING zarr[0m
  [91mFAIL w052         20260227000000  MISSING zarr[0m
  [91mFAIL w049         20260318000000  MISSING zarr[0m
  [91mFAIL w046         20260325000000  MISSING zarr[0m
  OK   w041         20260108000000  cov=1.00
  OK   w040         20250831000000  cov=1.00
  OK   w039         20260302000000  cov=1.00
  [91mFAIL w038         20260306000000  MISSING zarr[0m
  [91mFAIL w037         20260310000000  MISSING zarr[0m
  [91mFAIL w034         20260303000000  MISSING zarr[0m
  OK   w035         20260317000000  cov=1.00
  OK   w030         20250108000005  cov=1.00
  OK   w043         20260112000000  cov=1.00
  OK   w045         20260126000000  cov=1.00
  [91mFAIL w055         20251226000000  MISSING zarr[0m
  OK   seg46527     20260226000000  cov=1.00
  OK   500P2_front  20250628074500  cov=1.00
  OK   w013         20240304141531  cov=1.00
  OK   w087         20251112000002  cov=1.00
  OK   w068         20251111010954  cov=1.00
  [91mFAIL w018         20240304144031  MISSING zarr[0m
  OK   p9b_487      20250919125754  cov=1.00
  OK   paris4       20231210121321  cov=1.00
  [91mFAIL paris2_fr143 20230301213755  MISSING zarr[0m
  [91mFAIL paris2_fr47  20230205142449  MISSING zarr[0m
  [91mFAIL scroll6_fr8  20231205222200  MISSING zarr[0m
  [91mFAIL paris1_fr34  20230301213423  MISSING zarr[0m
  OK   p343         20250511003658  cov=1.00
  OK   cr1fr3       20231201215900  cov=1.00
  OK   p841         20260221022814  cov=1.00

[91m[assemble] 15 scroll(s) FAILED integrity: ['w047', 'w056', 'w058', 'w052', 'w049', 'w046', 'w038', 'w037', 'w034', 'w055', 'w018', 'paris2_fr143', 'paris2_fr47', 'scroll6_fr8', 'paris1_fr34']
  fix with: python assemble_training_segments.py --force --only w047,w056,w058,w052,w049,w046,w038,w037,w034,w055,w018,paris2_fr143,paris2_fr47,scroll6_fr8,paris1_fr34[0m
