nohup: ignoring input
[assemble] 1 fragment(s): ['paris2_fr47']  (concurrent_fragments=1, workers/frag=16, chunks=(8,64,64))

======================================================================
paris2_fr47 (20230205142449)  id=20230205142449
======================================================================
  $ curl -L --fail --retry 5 --retry-delay 2 -o _ves_tmp/rescan_20230205142449/mask.png https://dl.ash2txt.org/fragments/Frag1/PHercParis2Fr47.volpkg/working/54keV_exposed_surface/mask.png
  % Total    % Received % Xferd  Average Speed   Time    Time     Time  Current
                                 Dload  Upload   Total   Spent    Left  Speed
  0     0    0     0    0     0      0      0 --:--:-- --:--:-- --:--:--     0  0     0    0     0    0     0      0      0 --:--:-- --:--:-- --:--:--     0100 61652  100 61652    0     0  47610      0  0:00:01  0:00:01 --:--:-- 51078
  [1/3] 88 keV rescan -> (28, 2831, 2191); empty layers [0, 1, 2, 25, 26, 27]
  [rescan] 4084 chunks under the surface, 0 missing from the published zarr
/usr/local/lib/python3.10/dist-packages/zarr/creation.py:614: UserWarning: ignoring keyword argument 'zarr_format'
  compressor, fill_value = _kwargs_compat(compressor, fill_value, kwargs)
  [rescan] tile 18/414 (43s)
  [rescan] tile 90/414 (325s)
  [rescan] tile 162/414 (492s)
  [rescan] tile 234/414 (619s)
  [rescan] tile 306/414 (743s)
  [rescan] tile 378/414 (868s)
  [rescan] tile 414/414 (882s)
  [1/3] wrote /vesuvius/ves_zarrs2/20230205142449.zarr + masks/20230205142449.png (footprint 0.561, 0.9970 of the source mask)
  [verify] paris2_fr47: shape=(28, 2831, 2191) mask/midslice=1.00000
  [2/3] eroded labels present: eroded_inklabels/20230205142449.png  valid=0.0979
  [3/3] --skip-norm -> skip
[done] paris2_fr47 (20230205142449)

======================================================================
[assemble] SUMMARY
======================================================================
  paris2_fr47: OK

======================================================================
[assemble] INTEGRITY SWEEP (34 scrolls)
======================================================================
  OK   w044         20260115000000  cov=1.00
  OK   w059         20250223000000  cov=1.00
  [91mFAIL w047         20260206000001  MISSING zarr[0m
  [91mFAIL w056         20260115000001  MISSING zarr[0m
  [91mFAIL w058         20260210000000  MISSING zarr[0m
  [91mFAIL w052         20260227000000  MISSING zarr[0m
  [91mFAIL w049         20260318000000  MISSING zarr[0m
  [91mFAIL w046         20260325000000  MISSING zarr[0m
  OK   w041         20260108000000  cov=1.00
  OK   w040         20250831000000  cov=1.00
  OK   w039         20260302000000  cov=1.00
  [91mFAIL w038         20260306000000  MISSING zarr[0m
  [91mFAIL w037         20260310000000  MISSING zarr[0m
  [91mFAIL w034         20260303000000  MISSING zarr[0m
  OK   w035         20260317000000  cov=1.00
  OK   w030         20250108000005  cov=1.00
  OK   w043         20260112000000  cov=1.00
  OK   w045         20260126000000  cov=1.00
  [91mFAIL w055         20251226000000  MISSING zarr[0m
  OK   seg46527     20260226000000  cov=1.00
  OK   500P2_front  20250628074500  cov=1.00
  OK   w013         20240304141531  cov=1.00
  OK   w087         20251112000002  cov=1.00
  OK   w068         20251111010954  cov=1.00
  [91mFAIL w018         20240304144031  MISSING zarr[0m
  OK   p9b_487      20250919125754  cov=1.00
  OK   paris4       20231210121321  cov=1.00
  [91mFAIL paris2_fr143 20230301213755  MISSING zarr[0m
  OK   paris2_fr47  20230205142449  cov=1.00
  [91mFAIL scroll6_fr8  20231205222200  MISSING zarr[0m
  [91mFAIL paris1_fr34  20230301213423  MISSING zarr[0m
  OK   p343         20250511003658  cov=1.00
  OK   cr1fr3       20231201215900  cov=1.00
  OK   p841         20260221022814  cov=1.00

[91m[assemble] 14 scroll(s) FAILED integrity: ['w047', 'w056', 'w058', 'w052', 'w049', 'w046', 'w038', 'w037', 'w034', 'w055', 'w018', 'paris2_fr143', 'scroll6_fr8', 'paris1_fr34']
  fix with: python assemble_training_segments.py --force --only w047,w056,w058,w052,w049,w046,w038,w037,w034,w055,w018,paris2_fr143,scroll6_fr8,paris1_fr34[0m
