nohup: ignoring input
[assemble] 1 fragment(s): ['w087']  (concurrent_fragments=1, workers/frag=16, chunks=(8,64,64))

======================================================================
w087 (20251112000002)  id=20251112000002
======================================================================
/usr/local/lib/python3.10/dist-packages/zarr/creation.py:614: UserWarning: ignoring keyword argument 'zarr_format'
  compressor, fill_value = _kwargs_compat(compressor, fill_value, kwargs)
  [1/3] isotropic resample (33, 12420, 9620) @7.910um -> (28, 10494, 8128) @9.362um
  [resample] rows 108/10494
  [resample] rows 216/10494
  [resample] rows 324/10494
  [resample] rows 433/10494
  [resample] rows 541/10494
  [resample] rows 649/10494
  [resample] rows 757/10494
  [resample] rows 865/10494
  [resample] rows 973/10494
  [resample] rows 1082/10494
  [resample] rows 1190/10494
  [resample] rows 1298/10494
  [resample] rows 1406/10494
  [resample] rows 1514/10494
  [resample] rows 1622/10494
  [resample] rows 1730/10494
  [resample] rows 1839/10494
  [resample] rows 1947/10494
  [resample] rows 2055/10494
  [resample] rows 2163/10494
  [resample] rows 2271/10494
  [resample] rows 2379/10494
  [resample] rows 2487/10494
  [resample] rows 2596/10494
  [resample] rows 2704/10494
  [resample] rows 2812/10494
  [resample] rows 2920/10494
  [resample] rows 3028/10494
  [resample] rows 3136/10494
  [resample] rows 3245/10494
  [resample] rows 3353/10494
  [resample] rows 3461/10494
  [resample] rows 3569/10494
  [resample] rows 3677/10494
  [resample] rows 3785/10494
  [resample] rows 3893/10494
  [resample] rows 4002/10494
  [resample] rows 4110/10494
  [resample] rows 4218/10494
  [resample] rows 4326/10494
  [resample] rows 4434/10494
  [resample] rows 4542/10494
  [resample] rows 4650/10494
  [resample] rows 4759/10494
  [resample] rows 4867/10494
  [resample] rows 4975/10494
  [resample] rows 5083/10494
  [resample] rows 5191/10494
  [resample] rows 5299/10494
  [resample] rows 5408/10494
  [resample] rows 5516/10494
  [resample] rows 5624/10494
  [resample] rows 5732/10494
  [resample] rows 5840/10494
  [resample] rows 5948/10494
  [resample] rows 6056/10494
  [resample] rows 6165/10494
  [resample] rows 6273/10494
  [resample] rows 6381/10494
  [resample] rows 6489/10494
  [resample] rows 6597/10494
  [resample] rows 6705/10494
  [resample] rows 6813/10494
  [resample] rows 6922/10494
  [resample] rows 7030/10494
  [resample] rows 7138/10494
  [resample] rows 7246/10494
  [resample] rows 7354/10494
  [resample] rows 7462/10494
  [resample] rows 7571/10494
  [resample] rows 7679/10494
  [resample] rows 7787/10494
  [resample] rows 7895/10494
  [resample] rows 8003/10494
  [resample] rows 8111/10494
  [resample] rows 8219/10494
  [resample] rows 8328/10494
  [resample] rows 8436/10494
  [resample] rows 8544/10494
  [resample] rows 8652/10494
  [resample] rows 8760/10494
  [resample] rows 8868/10494
  [resample] rows 8977/10494
  [resample] rows 9085/10494
  [resample] rows 9193/10494
  [resample] rows 9301/10494
  [resample] rows 9409/10494
  [resample] rows 9517/10494
  [resample] rows 9625/10494
  [resample] rows 9734/10494
  [resample] rows 9842/10494
  [resample] rows 9950/10494
  [resample] rows 10058/10494
  [resample] rows 10166/10494
  [resample] rows 10274/10494
  [resample] rows 10382/10494
  [resample] rows 10491/10494
  [resample] rows 10494/10494
  [mask] wrote masks/20251112000002.png from midslice valid_frac=0.856
  [resample] wrote /vesuvius/ves_zarrs2/20251112000002.zarr shape=(28, 10494, 8128)
  [2/3] eroded labels present: eroded_inklabels/20251112000002.png  valid=0.0089
  [3/3] --skip-norm -> skip
[done] w087 (20251112000002)

======================================================================
[assemble] SUMMARY
======================================================================
  w087: OK

======================================================================
[assemble] INTEGRITY SWEEP (34 scrolls)
======================================================================
  OK   w044         20260115000000  cov=1.00
  OK   w059         20250223000000  cov=1.00
  [91mFAIL w047         20260206000001  MISSING zarr[0m
  [91mFAIL w056         20260115000001  MISSING zarr[0m
  [91mFAIL w058         20260210000000  MISSING zarr[0m
  [91mFAIL w052         20260227000000  MISSING zarr[0m
  [91mFAIL w049         20260318000000  MISSING zarr[0m
  [91mFAIL w046         20260325000000  MISSING zarr[0m
  OK   w041         20260108000000  cov=1.00
  OK   w040         20250831000000  cov=1.00
  OK   w039         20260302000000  cov=1.00
  [91mFAIL w038         20260306000000  MISSING zarr[0m
  [91mFAIL w037         20260310000000  MISSING zarr[0m
  [91mFAIL w034         20260303000000  MISSING zarr[0m
  OK   w035         20260317000000  cov=1.00
  OK   w030         20250108000005  cov=1.00
  OK   w043         20260112000000  cov=1.00
  OK   w045         20260126000000  cov=1.00
  [91mFAIL w055         20251226000000  MISSING zarr[0m
  OK   seg46527     20260226000000  cov=1.00
  OK   500P2_front  20250628074500  cov=1.00
  OK   w013         20240304141531  cov=1.00
  OK   w087         20251112000002  cov=1.00
  [91mFAIL w068         20251111010954  MISSING zarr[0m
  [91mFAIL w018         20240304144031  MISSING zarr[0m
  OK   p9b_487      20250919125754  cov=1.00
  [91mFAIL paris4       20231210121321  MISSING zarr[0m
  [91mFAIL paris2_fr143 20230301213755  MISSING zarr[0m
  [91mFAIL paris2_fr47  20230205142449  MISSING zarr[0m
  [91mFAIL scroll6_fr8  20231205222200  MISSING zarr[0m
  [91mFAIL paris1_fr34  20230301213423  MISSING zarr[0m
  OK   p343         20250511003658  cov=1.00
  OK   cr1fr3       20231201215900  cov=1.00
  OK   p841         20260221022814  cov=1.00

[91m[assemble] 17 scroll(s) FAILED integrity: ['w047', 'w056', 'w058', 'w052', 'w049', 'w046', 'w038', 'w037', 'w034', 'w055', 'w068', 'w018', 'paris4', 'paris2_fr143', 'paris2_fr47', 'scroll6_fr8', 'paris1_fr34']
  fix with: python assemble_training_segments.py --force --only w047,w056,w058,w052,w049,w046,w038,w037,w034,w055,w068,w018,paris4,paris2_fr143,paris2_fr47,scroll6_fr8,paris1_fr34[0m
