/home/jeff/.local/lib/python3.10/site-packages/torch/cuda/__init__.py:184: UserWarning: CUDA initialization: The NVIDIA driver on your system is too old (found version 11040). Please update your GPU driver by downloading and installing a new version from the URL: http://www.nvidia.com/Download/index.aspx Alternatively, go to: https://pytorch.org to install a PyTorch version that has been compiled with your version of the CUDA driver. (Triggered internally at /pytorch/c10/cuda/CUDAFunctions.cpp:119.)
  return torch._C._cuda_getDeviceCount() > 0
Traceback (most recent call last):
  File "/media/jeff/Seagate/vesuvius/campaign_archs_6.py", line 280, in run_campaign
    trainer = Trainer(c)
  File "/media/jeff/Seagate/vesuvius/train.py", line 114, in __init__
    self.pos_weight = self._setup_data()
  File "/media/jeff/Seagate/vesuvius/train.py", line 152, in _setup_data
    data_manager = DataManager(self.c)
  File "/media/jeff/Seagate/vesuvius/utils/dataloader.py", line 255, in __init__
    self.vol, self.mask, self.labels, self.train_x, self.valid_x, self.y_range = self._load_raw_data()
  File "/media/jeff/Seagate/vesuvius/utils/dataloader.py", line 263, in _load_raw_data
    vol = zarr.open(
  File "/home/jeff/.local/lib/python3.10/site-packages/zarr/convenience.py", line 137, in open
    raise PathNotFoundError(path)
zarr.errors.PathNotFoundError: nothing found at path ''
Traceback (most recent call last):
  File "/media/jeff/Seagate/vesuvius/campaign_archs_6.py", line 280, in run_campaign
    trainer = Trainer(c)
  File "/media/jeff/Seagate/vesuvius/train.py", line 114, in __init__
    self.pos_weight = self._setup_data()
  File "/media/jeff/Seagate/vesuvius/train.py", line 152, in _setup_data
    data_manager = DataManager(self.c)
  File "/media/jeff/Seagate/vesuvius/utils/dataloader.py", line 255, in __init__
    self.vol, self.mask, self.labels, self.train_x, self.valid_x, self.y_range = self._load_raw_data()
  File "/media/jeff/Seagate/vesuvius/utils/dataloader.py", line 263, in _load_raw_data
    vol = zarr.open(
  File "/home/jeff/.local/lib/python3.10/site-packages/zarr/convenience.py", line 137, in open
    raise PathNotFoundError(path)
zarr.errors.PathNotFoundError: nothing found at path ''
Traceback (most recent call last):
  File "/media/jeff/Seagate/vesuvius/campaign_archs_6.py", line 280, in run_campaign
    trainer = Trainer(c)
  File "/media/jeff/Seagate/vesuvius/train.py", line 114, in __init__
    self.pos_weight = self._setup_data()
  File "/media/jeff/Seagate/vesuvius/train.py", line 152, in _setup_data
    data_manager = DataManager(self.c)
  File "/media/jeff/Seagate/vesuvius/utils/dataloader.py", line 255, in __init__
    self.vol, self.mask, self.labels, self.train_x, self.valid_x, self.y_range = self._load_raw_data()
  File "/media/jeff/Seagate/vesuvius/utils/dataloader.py", line 263, in _load_raw_data
    vol = zarr.open(
  File "/home/jeff/.local/lib/python3.10/site-packages/zarr/convenience.py", line 137, in open
    raise PathNotFoundError(path)
zarr.errors.PathNotFoundError: nothing found at path ''
Traceback (most recent call last):
  File "/media/jeff/Seagate/vesuvius/campaign_archs_6.py", line 280, in run_campaign
    trainer = Trainer(c)
  File "/media/jeff/Seagate/vesuvius/train.py", line 114, in __init__
    self.pos_weight = self._setup_data()
  File "/media/jeff/Seagate/vesuvius/train.py", line 152, in _setup_data
    data_manager = DataManager(self.c)
  File "/media/jeff/Seagate/vesuvius/utils/dataloader.py", line 255, in __init__
    self.vol, self.mask, self.labels, self.train_x, self.valid_x, self.y_range = self._load_raw_data()
  File "/media/jeff/Seagate/vesuvius/utils/dataloader.py", line 263, in _load_raw_data
    vol = zarr.open(
  File "/home/jeff/.local/lib/python3.10/site-packages/zarr/convenience.py", line 137, in open
    raise PathNotFoundError(path)
zarr.errors.PathNotFoundError: nothing found at path ''
Traceback (most recent call last):
  File "/media/jeff/Seagate/vesuvius/campaign_archs_6.py", line 280, in run_campaign
    trainer = Trainer(c)
  File "/media/jeff/Seagate/vesuvius/train.py", line 114, in __init__
    self.pos_weight = self._setup_data()
  File "/media/jeff/Seagate/vesuvius/train.py", line 152, in _setup_data
    data_manager = DataManager(self.c)
  File "/media/jeff/Seagate/vesuvius/utils/dataloader.py", line 255, in __init__
    self.vol, self.mask, self.labels, self.train_x, self.valid_x, self.y_range = self._load_raw_data()
  File "/media/jeff/Seagate/vesuvius/utils/dataloader.py", line 263, in _load_raw_data
    vol = zarr.open(
  File "/home/jeff/.local/lib/python3.10/site-packages/zarr/convenience.py", line 137, in open
    raise PathNotFoundError(path)
zarr.errors.PathNotFoundError: nothing found at path ''
Traceback (most recent call last):
  File "/media/jeff/Seagate/vesuvius/campaign_archs_6.py", line 280, in run_campaign
    trainer = Trainer(c)
  File "/media/jeff/Seagate/vesuvius/train.py", line 114, in __init__
    self.pos_weight = self._setup_data()
  File "/media/jeff/Seagate/vesuvius/train.py", line 152, in _setup_data
    data_manager = DataManager(self.c)
  File "/media/jeff/Seagate/vesuvius/utils/dataloader.py", line 255, in __init__
    self.vol, self.mask, self.labels, self.train_x, self.valid_x, self.y_range = self._load_raw_data()
  File "/media/jeff/Seagate/vesuvius/utils/dataloader.py", line 263, in _load_raw_data
    vol = zarr.open(
  File "/home/jeff/.local/lib/python3.10/site-packages/zarr/convenience.py", line 137, in open
    raise PathNotFoundError(path)
zarr.errors.PathNotFoundError: nothing found at path ''

================================================================================
[campaign_archs_6] 6 test(s), 15 epochs each
================================================================================

================================================================================
=== 1/6: vit3d (vision_transformer_3d) ===
================================================================================
--- Configuration ---
data: DataConfig(zarr_path='/media/jeff/Seagate/ves_zarrs2', scroll1_id=20230827161847, scroll2_id=20230709155141, scroll4_id=20231210132040, test_on_scroll4=False, tile_size=16, depth=24, d_start=4, d_end=28, train_d_start=4, train_d_end=28)
dl: DataloaderConfig(batch_size=96, num_workers=12, data_aug=True, channel_mixing_prob=0.0, rotation_prob=0.6, flip_prob=0.6, noise_prob=0.3, brightness_prob=0.6, contrast_prob=0.6)
tra: TrainingConfig(n_epochs=15, lr=0.00015, weight_decay=0.3, l1_lambda=7e-06, grad_norm=0.5, patience=5, lr_decay=0.5, save_int=5, log_dir='./runs_archs6', eval_int=999, test_int=999, probe_int=15, eval_aggregate=True)
model: ModelConfig(conv1_drop=0.15, conv2_drop=0.15, fc1_drop=0.2, fc2_drop=0.1, pooling='avg', gem_p=3.0, conv3_dilation=1, arch='vit3d')
finetune: FinetuneConfig(learning_rate=1e-05, num_epochs=25)
hm: HardMining(enabled=True, hn_cutoff=0.8, hp_cutoff=0.45, hm_frac=0.1, dir='./hard_negs')
device: cpu
model_dir: models
exp_name: c6_vit3d
---------------------
Creating datasets...

[vit3d] FAILED: nothing found at path ''

================================================================================
=== 2/6: swin3d (swin_transformer_3d) ===
================================================================================
--- Configuration ---
data: DataConfig(zarr_path='/media/jeff/Seagate/ves_zarrs2', scroll1_id=20230827161847, scroll2_id=20230709155141, scroll4_id=20231210132040, test_on_scroll4=False, tile_size=16, depth=24, d_start=4, d_end=28, train_d_start=4, train_d_end=28)
dl: DataloaderConfig(batch_size=96, num_workers=12, data_aug=True, channel_mixing_prob=0.0, rotation_prob=0.6, flip_prob=0.6, noise_prob=0.3, brightness_prob=0.6, contrast_prob=0.6)
tra: TrainingConfig(n_epochs=15, lr=0.00015, weight_decay=0.3, l1_lambda=7e-06, grad_norm=0.5, patience=5, lr_decay=0.5, save_int=5, log_dir='./runs_archs6', eval_int=999, test_int=999, probe_int=15, eval_aggregate=True)
model: ModelConfig(conv1_drop=0.15, conv2_drop=0.15, fc1_drop=0.2, fc2_drop=0.1, pooling='avg', gem_p=3.0, conv3_dilation=1, arch='swin3d')
finetune: FinetuneConfig(learning_rate=1e-05, num_epochs=25)
hm: HardMining(enabled=True, hn_cutoff=0.8, hp_cutoff=0.45, hm_frac=0.1, dir='./hard_negs')
device: cpu
model_dir: models
exp_name: c6_swin3d
---------------------
Creating datasets...

[swin3d] FAILED: nothing found at path ''

================================================================================
=== 3/6: convnext3d (convnext_3d) ===
================================================================================
--- Configuration ---
data: DataConfig(zarr_path='/media/jeff/Seagate/ves_zarrs2', scroll1_id=20230827161847, scroll2_id=20230709155141, scroll4_id=20231210132040, test_on_scroll4=False, tile_size=16, depth=24, d_start=4, d_end=28, train_d_start=4, train_d_end=28)
dl: DataloaderConfig(batch_size=96, num_workers=12, data_aug=True, channel_mixing_prob=0.0, rotation_prob=0.6, flip_prob=0.6, noise_prob=0.3, brightness_prob=0.6, contrast_prob=0.6)
tra: TrainingConfig(n_epochs=15, lr=0.00015, weight_decay=0.3, l1_lambda=7e-06, grad_norm=0.5, patience=5, lr_decay=0.5, save_int=5, log_dir='./runs_archs6', eval_int=999, test_int=999, probe_int=15, eval_aggregate=True)
model: ModelConfig(conv1_drop=0.15, conv2_drop=0.15, fc1_drop=0.2, fc2_drop=0.1, pooling='avg', gem_p=3.0, conv3_dilation=1, arch='convnext3d')
finetune: FinetuneConfig(learning_rate=1e-05, num_epochs=25)
hm: HardMining(enabled=True, hn_cutoff=0.8, hp_cutoff=0.45, hm_frac=0.1, dir='./hard_negs')
device: cpu
model_dir: models
exp_name: c6_convnext3d
---------------------
Creating datasets...

[convnext3d] FAILED: nothing found at path ''

================================================================================
=== 4/6: xcit3d (xcit_3d) ===
================================================================================
--- Configuration ---
data: DataConfig(zarr_path='/media/jeff/Seagate/ves_zarrs2', scroll1_id=20230827161847, scroll2_id=20230709155141, scroll4_id=20231210132040, test_on_scroll4=False, tile_size=16, depth=24, d_start=4, d_end=28, train_d_start=4, train_d_end=28)
dl: DataloaderConfig(batch_size=96, num_workers=12, data_aug=True, channel_mixing_prob=0.0, rotation_prob=0.6, flip_prob=0.6, noise_prob=0.3, brightness_prob=0.6, contrast_prob=0.6)
tra: TrainingConfig(n_epochs=15, lr=0.00015, weight_decay=0.3, l1_lambda=7e-06, grad_norm=0.5, patience=5, lr_decay=0.5, save_int=5, log_dir='./runs_archs6', eval_int=999, test_int=999, probe_int=15, eval_aggregate=True)
model: ModelConfig(conv1_drop=0.15, conv2_drop=0.15, fc1_drop=0.2, fc2_drop=0.1, pooling='avg', gem_p=3.0, conv3_dilation=1, arch='xcit3d')
finetune: FinetuneConfig(learning_rate=1e-05, num_epochs=25)
hm: HardMining(enabled=True, hn_cutoff=0.8, hp_cutoff=0.45, hm_frac=0.1, dir='./hard_negs')
device: cpu
model_dir: models
exp_name: c6_xcit3d
---------------------
Creating datasets...

[xcit3d] FAILED: nothing found at path ''

================================================================================
=== 5/6: nnunet3d (nnunet_3d) ===
================================================================================
--- Configuration ---
data: DataConfig(zarr_path='/media/jeff/Seagate/ves_zarrs2', scroll1_id=20230827161847, scroll2_id=20230709155141, scroll4_id=20231210132040, test_on_scroll4=False, tile_size=16, depth=24, d_start=4, d_end=28, train_d_start=4, train_d_end=28)
dl: DataloaderConfig(batch_size=96, num_workers=12, data_aug=True, channel_mixing_prob=0.0, rotation_prob=0.6, flip_prob=0.6, noise_prob=0.3, brightness_prob=0.6, contrast_prob=0.6)
tra: TrainingConfig(n_epochs=15, lr=0.00015, weight_decay=0.3, l1_lambda=7e-06, grad_norm=0.5, patience=5, lr_decay=0.5, save_int=5, log_dir='./runs_archs6', eval_int=999, test_int=999, probe_int=15, eval_aggregate=True)
model: ModelConfig(conv1_drop=0.15, conv2_drop=0.15, fc1_drop=0.2, fc2_drop=0.1, pooling='avg', gem_p=3.0, conv3_dilation=1, arch='nnunet3d')
finetune: FinetuneConfig(learning_rate=1e-05, num_epochs=25)
hm: HardMining(enabled=True, hn_cutoff=0.8, hp_cutoff=0.45, hm_frac=0.1, dir='./hard_negs')
device: cpu
model_dir: models
exp_name: c6_nnunet3d
---------------------
Creating datasets...

[nnunet3d] FAILED: nothing found at path ''

================================================================================
=== 6/6: slot3d (slot_attention_3d) ===
================================================================================
--- Configuration ---
data: DataConfig(zarr_path='/media/jeff/Seagate/ves_zarrs2', scroll1_id=20230827161847, scroll2_id=20230709155141, scroll4_id=20231210132040, test_on_scroll4=False, tile_size=16, depth=24, d_start=4, d_end=28, train_d_start=4, train_d_end=28)
dl: DataloaderConfig(batch_size=96, num_workers=12, data_aug=True, channel_mixing_prob=0.0, rotation_prob=0.6, flip_prob=0.6, noise_prob=0.3, brightness_prob=0.6, contrast_prob=0.6)
tra: TrainingConfig(n_epochs=15, lr=0.00015, weight_decay=0.3, l1_lambda=7e-06, grad_norm=0.5, patience=5, lr_decay=0.5, save_int=5, log_dir='./runs_archs6', eval_int=999, test_int=999, probe_int=15, eval_aggregate=True)
model: ModelConfig(conv1_drop=0.15, conv2_drop=0.15, fc1_drop=0.2, fc2_drop=0.1, pooling='avg', gem_p=3.0, conv3_dilation=1, arch='slot3d')
finetune: FinetuneConfig(learning_rate=1e-05, num_epochs=25)
hm: HardMining(enabled=True, hn_cutoff=0.8, hp_cutoff=0.45, hm_frac=0.1, dir='./hard_negs')
device: cpu
model_dir: models
exp_name: c6_slot3d
---------------------
Creating datasets...

[slot3d] FAILED: nothing found at path ''

================================================================================
[campaign_archs_6] SUMMARY
================================================================================
TID          TAG                                      ARCH                  F1      AUC STATUS              
--------------------------------------------------------------------------------------------------------------
vit3d        vision_transformer_3d                    vit3d             0.0000   0.0000 FAIL: nothing found at path ''
swin3d       swin_transformer_3d                      swin3d            0.0000   0.0000 FAIL: nothing found at path ''
convnext3d   convnext_3d                              convnext3d        0.0000   0.0000 FAIL: nothing found at path ''
xcit3d       xcit_3d                                  xcit3d            0.0000   0.0000 FAIL: nothing found at path ''
nnunet3d     nnunet_3d                                nnunet3d          0.0000   0.0000 FAIL: nothing found at path ''
slot3d       slot_attention_3d                        slot3d            0.0000   0.0000 FAIL: nothing found at path ''
==============================================================================================================
