--- Configuration ---
data: DataConfig(zarr_path='C:\\Users\\ChenJeff\\Documents\\ves_zarrs2', scroll1_id=20230827161847, scroll4_id=20231210132040, tile_size=32, depth=8, d_start=28, d_end=48)
dl: DataloaderConfig(batch_size=96, num_workers=2, data_aug=True, channel_mixing_prob=0.1, rotation_prob=0.25, flip_prob=0.25, noise_prob=0.3, brightness_prob=0.5, contrast_prob=0.5)
tra: TrainingConfig(n_epochs=30, lr=0.0001, weight_decay=0, l1_lambda=7e-06, grad_norm=0.5, patience=5, lr_decay=0.5, save_int=10, log_dir='./runs', eval_int=10, test_int=30, probe_int=1)
model: ModelConfig(conv1_drop=0.0, conv2_drop=0.05, fc1_drop=0.2, fc2_drop=0.1, pooling='avg', gem_p=3.0, conv3_dilation=1)
finetune: FinetuneConfig(learning_rate=1e-05, num_epochs=25)
hm: HardMining(hn_cutoff=0.8, hp_cutoff=0.45, hm_frac=0.1)
device: cuda
model_dir: models
exp_name: cmp_readability_2026_06_08_t03_low_channel_mix
---------------------
Creating datasets...
[info] using cached normalization for segment 20230827161847
using cached pos_weight for scroll 20230827161847: 7.66
Data setup done in 2.07s
Creating model and loss... l1 lambda 7e-06... Model parameters: 1,315,401
 done in 4.89s
Initializing Tensorboard...
[info] using cached normalization for segment 20230827161847
[SCROLL4 DEBUG] Region mask non-zero fraction: 0.9114
[SCROLL4 DEBUG] Potential issues detected:
 - Ranges not tile aligned: y_start%tile=4, x_start%tile=0
TensorBoard logs will be saved to: ./runs\cmp_readability_2026_06_08_t03_low_channel_mix_09_09-21-53
To view, run: tensorboard --logdir=./runs

--- Epoch 1/30 ---
New best F1 model saved! Val F1: 0.2253
New best loss model saved! Val Loss: 1.1628
Logging metrics for epoch: 1
Logging hyperparameters and model graph
Logging probe-region figures...

--- Epoch 2/30 ---
New best F1 model saved! Val F1: 0.2416
New best loss model saved! Val Loss: 1.1449
Logging metrics for epoch: 2
Logging probe-region figures...

--- Epoch 3/30 ---
New best F1 model saved! Val F1: 0.2791
New best loss model saved! Val Loss: 1.1145
Logging metrics for epoch: 3
Logging probe-region figures...

--- Epoch 4/30 ---
Logging metrics for epoch: 4
Logging probe-region figures...

--- Epoch 5/30 ---
Logging metrics for epoch: 5
Logging probe-region figures...

--- Epoch 6/30 ---
New best loss model saved! Val Loss: 1.1069
Logging metrics for epoch: 6
Logging probe-region figures...

--- Epoch 7/30 ---
New best F1 model saved! Val F1: 0.3070
New best loss model saved! Val Loss: 1.0672
Logging metrics for epoch: 7
Logging probe-region figures...

--- Epoch 8/30 ---
Logging metrics for epoch: 8
Logging probe-region figures...

--- Epoch 9/30 ---
Logging metrics for epoch: 9
Logging probe-region figures...

--- Epoch 10/30 ---
Logging metrics for epoch: 10
Starting evaluation figure generation...
[HARD][Eval] Writing mining file to: hard_negs\hard_mining_epoch_9.jsonl
[HARD][Eval] Finished mining epoch 9: neg=1386 pos=1359
Starting hard-mining file evaluation...
Evaluating hard-mining file: hard_mining_epoch_19.jsonl
Logged metrics for HM from epoch 19 at eval epoch 9. F1: 0.1876
Evaluating hard-mining file: hard_mining_epoch_29.jsonl
Logged metrics for HM from epoch 29 at eval epoch 9. F1: 0.4717
Evaluating hard-mining file: hard_mining_epoch_39.jsonl
Logged metrics for HM from epoch 39 at eval epoch 9. F1: 0.2691
Evaluating hard-mining file: hard_mining_epoch_9.jsonl
Logged metrics for HM from epoch 9 at eval epoch 9. F1: 0.0000
Logging probe-region figures...

--- Epoch 11/30 ---
loaded mining file './hard_negs\hard_mining_epoch_9.jsonl' unique_scanned=2745 target=10052 sampled=2745
[HARD][Epoch 10] Added 2745 new hard samples. Total is now 2745.
[HARD][Epoch Summary] injected=2745 injector_used=2745 injector_skipped=0
Logging metrics for epoch: 11
Logging probe-region figures...

--- Epoch 12/30 ---
[HARD][Epoch Summary] injected=2745 injector_used=2745 injector_skipped=0
Logging metrics for epoch: 12
Logging probe-region figures...

--- Epoch 13/30 ---
[HARD][Epoch Summary] injected=2745 injector_used=2745 injector_skipped=0
Logging metrics for epoch: 13
Logging probe-region figures...

--- Epoch 14/30 ---
[HARD][Epoch Summary] injected=2745 injector_used=2745 injector_skipped=0
New best F1 model saved! Val F1: 0.3194
New best loss model saved! Val Loss: 1.0140
Logging metrics for epoch: 14
Logging probe-region figures...

--- Epoch 15/30 ---
[HARD][Epoch Summary] injected=2745 injector_used=2745 injector_skipped=0
Logging metrics for epoch: 15
Logging probe-region figures...

--- Epoch 16/30 ---
[HARD][Epoch Summary] injected=2745 injector_used=2745 injector_skipped=0
Logging metrics for epoch: 16
Logging probe-region figures...

--- Epoch 17/30 ---
[HARD][Epoch Summary] injected=2745 injector_used=2745 injector_skipped=0
Logging metrics for epoch: 17
Logging probe-region figures...

--- Epoch 18/30 ---
[HARD][Epoch Summary] injected=2745 injector_used=2745 injector_skipped=0
Logging metrics for epoch: 18
Logging probe-region figures...

--- Epoch 19/30 ---
[HARD][Epoch Summary] injected=2745 injector_used=2745 injector_skipped=0
Logging metrics for epoch: 19
Logging probe-region figures...

--- Epoch 20/30 ---
