--- Configuration ---
data: DataConfig(zarr_path='C:\\Users\\ChenJeff\\Documents\\ves_zarrs2', scroll1_id=20230827161847, scroll4_id=20231210132040, tile_size=32, depth=8, d_start=28, d_end=48)
dl: DataloaderConfig(batch_size=96, num_workers=2, data_aug=True, channel_mixing_prob=0.1, rotation_prob=0.25, flip_prob=0.25, noise_prob=0.3, brightness_prob=0.5, contrast_prob=0.5)
tra: TrainingConfig(n_epochs=30, lr=0.0001, weight_decay=0, l1_lambda=7e-06, grad_norm=0.5, patience=5, lr_decay=0.5, save_int=10, log_dir='./runs', eval_int=10, test_int=30, probe_int=1)
model: ModelConfig(conv1_drop=0.0, conv2_drop=0.05, fc1_drop=0.2, fc2_drop=0.1, pooling='avg', gem_p=3.0, conv3_dilation=1)
finetune: FinetuneConfig(learning_rate=1e-05, num_epochs=25)
hm: HardMining(hn_cutoff=0.8, hp_cutoff=0.45, hm_frac=0.1)
device: cuda
model_dir: models
exp_name: cmp_readability_2026_06_08_t03_low_channel_mix
---------------------
Creating datasets...
[info] using cached normalization for segment 20230827161847
using cached pos_weight for scroll 20230827161847: 7.66
Data setup done in 1.73s
Creating model and loss... l1 lambda 7e-06... Model parameters: 1,315,401
 done in 3.58s
Initializing Tensorboard...
[info] using cached normalization for segment 20230827161847
[SCROLL4 DEBUG] Region mask non-zero fraction: 0.9114
[SCROLL4 DEBUG] Potential issues detected:
 - Ranges not tile aligned: y_start%tile=4, x_start%tile=0
TensorBoard logs will be saved to: ./runs\cmp_readability_2026_06_08_t03_low_channel_mix_09_08-22-51
To view, run: tensorboard --logdir=./runs

--- Epoch 1/30 ---
New best F1 model saved! Val F1: 0.2162
New best loss model saved! Val Loss: 1.1820
Logging metrics for epoch: 1
Logging hyperparameters and model graph
Logging probe-region figures...

--- Epoch 2/30 ---
New best F1 model saved! Val F1: 0.2257
New best loss model saved! Val Loss: 1.1667
Logging metrics for epoch: 2
Logging probe-region figures...

--- Epoch 3/30 ---
New best F1 model saved! Val F1: 0.2822
New best loss model saved! Val Loss: 1.1093
Logging metrics for epoch: 3
Logging probe-region figures...

--- Epoch 4/30 ---
