usage: train.py [-h] [-n EXPERIMENT_NAME] [--epochs EPOCHS]
                [--eval-int EVAL_INT] [--test-int TEST_INT]
                [--probe-int PROBE_INT] [--log-dir LOG_DIR]
                [--scroll-id SCROLL_ID] [--scroll4-id SCROLL4_ID]
                [--zarr-path ZARR_PATH] [--batch-size BATCH_SIZE]
                [--num-workers NUM_WORKERS] [--data-aug {0,1}] [--lr LR]
                [--weight-decay WEIGHT_DECAY] [--l1-lambda L1_LAMBDA]
                [--no-hard-mining] [--focal-gamma FOCAL_GAMMA]
                [--hm-frac HM_FRAC] [--hn-cutoff HN_CUTOFF]
                [--hp-cutoff HP_CUTOFF] [--hm-dir HM_DIR]
                [--channel-mixing-prob CHANNEL_MIXING_PROB]
                [--pooling {avg,max,gem}] [--gem-p GEM_P]
                [--conv3-dilation CONV3_DILATION] [--arch ARCH]
                [--smooth-sigma SMOOTH_SIGMA] [--conv1-drop CONV1_DROP]
                [--conv2-drop CONV2_DROP] [--fc1-drop FC1_DROP]
                [--fc2-drop FC2_DROP] [--input-mode {single,diff,triple}]
                [--soft-label-prob SOFT_LABEL_PROB]
                [--soft-label-value SOFT_LABEL_VALUE]
                [--ranking-lambda RANKING_LAMBDA]
                [--ranking-margin RANKING_MARGIN]
                [--pretrain-epochs PRETRAIN_EPOCHS]
train.py: error: argument --input-mode: invalid choice: 'double' (choose from single, diff, triple)
