[assemble] 6 fragment(s): ['w087', 'w068', 'w018', 'p9b_487', 'p9b_722', 'paris4']  (concurrent_fragments=1, workers/frag=32, chunks=(8,64,64))

======================================================================
w087 (20251112000002)  id=20251112000002
======================================================================
/usr/local/lib/python3.10/dist-packages/zarr/creation.py:614: UserWarning: ignoring keyword argument 'zarr_format'
  compressor, fill_value = _kwargs_compat(compressor, fill_value, kwargs)
  [1/3] isotropic resample (33, 12420, 9620) @7.910um -> (28, 10494, 8128) @9.362um
  [resample] rows 108/10494
  [resample] rows 216/10494
  [resample] rows 324/10494
  [resample] rows 433/10494
  [resample] rows 541/10494
  [resample] rows 649/10494
  [resample] rows 757/10494
  [resample] rows 865/10494
  [resample] rows 973/10494
  [resample] rows 1082/10494
  [resample] rows 1190/10494
  [resample] rows 1298/10494
  [resample] rows 1406/10494
  [resample] rows 1514/10494
  [resample] rows 1622/10494
  [resample] rows 1730/10494
  [resample] rows 1839/10494
  [resample] rows 1947/10494
  [resample] rows 2055/10494
  [resample] rows 2163/10494
  [resample] rows 2271/10494
  [resample] rows 2379/10494
  [resample] rows 2487/10494
  [resample] rows 2596/10494
  [resample] rows 2704/10494
  [resample] rows 2812/10494
  [resample] rows 2920/10494
  [resample] rows 3028/10494
  [resample] rows 3136/10494
  [resample] rows 3245/10494
  [resample] rows 3353/10494
  [resample] rows 3461/10494
  [resample] rows 3569/10494
  [resample] rows 3677/10494
  [resample] rows 3785/10494
  [resample] rows 3893/10494
  [resample] rows 4002/10494
  [resample] rows 4110/10494
  [resample] rows 4218/10494
  [resample] rows 4326/10494
  [resample] rows 4434/10494
  [resample] rows 4542/10494
  [resample] rows 4650/10494
  [resample] rows 4759/10494
  [resample] rows 4867/10494
  [resample] rows 4975/10494
  [resample] rows 5083/10494
  [resample] rows 5191/10494
  [resample] rows 5299/10494
  [resample] rows 5408/10494
  [resample] rows 5516/10494
  [resample] rows 5624/10494
  [resample] rows 5732/10494
  [resample] rows 5840/10494
  [resample] rows 5948/10494
  [resample] rows 6056/10494
  [resample] rows 6165/10494
  [resample] rows 6273/10494
  [resample] rows 6381/10494
  [resample] rows 6489/10494
  [resample] rows 6597/10494
  [resample] rows 6705/10494
  [resample] rows 6813/10494
  [resample] rows 6922/10494
  [resample] rows 7030/10494
  [resample] rows 7138/10494
  [resample] rows 7246/10494
  [resample] rows 7354/10494
  [resample] rows 7462/10494
  [resample] rows 7571/10494
  [resample] rows 7679/10494
  [resample] rows 7787/10494
  [resample] rows 7895/10494
  [resample] rows 8003/10494
  [resample] rows 8111/10494
  [resample] rows 8219/10494
  [resample] rows 8328/10494
  [resample] rows 8436/10494
  [resample] rows 8544/10494
  [resample] rows 8652/10494
  [resample] rows 8760/10494
  [resample] rows 8868/10494
  [resample] rows 8977/10494
  [resample] rows 9085/10494
  [resample] rows 9193/10494
  [resample] rows 9301/10494
  [resample] rows 9409/10494
  [resample] rows 9517/10494
  [resample] rows 9625/10494
  [resample] rows 9734/10494
  [resample] rows 9842/10494
  [resample] rows 9950/10494
  [resample] rows 10058/10494
  [resample] rows 10166/10494
  [resample] rows 10274/10494
  [resample] rows 10382/10494
  [resample] rows 10491/10494
  [resample] rows 10494/10494
  [mask] wrote masks/20251112000002.png from midslice valid_frac=0.856
  [resample] wrote /vesuvius/ves_zarrs2/20251112000002.zarr shape=(28, 10494, 8128)
  $ curl -L --fail --retry 5 --retry-delay 2 --continue-at - -o _ves_tmp/ink_20251112000002_0.tif https://vesuvius-challenge-open-data.s3.amazonaws.com/PHerc0172/segments/20251112000002-w087_20251112000002214_flatboi/ink-detection/PHerc0172-20251112000002-7.91um-53keV-volume-20241024131838-20251222202946-timesformer_scroll5_november19-tile64-stride16.tif
  % Total    % Received % Xferd  Average Speed   Time    Time     Time  Current
                                 Dload  Upload   Total   Spent    Left  Speed

  0     0    0     0    0     0      0      0 --:--:-- --:--:-- --:--:--     0
  0     0    0     0    0     0      0      0 --:--:-- --:--:-- --:--:--     0
  0     0    0     0    0     0      0      0 --:--:--  0:00:01 --:--:--     0
  0     0    0     0    0     0      0      0 --:--:--  0:00:02 --:--:--     0
  0     0    0     0    0     0      0      0 --:--:--  0:00:03 --:--:--     0
  2 27.3M    2  696k    0     0   143k      0  0:03:15  0:00:04  0:03:11  143k
 19 27.3M   19 5589k    0     0   952k      0  0:00:29  0:00:05  0:00:24 1134k
 45 27.3M   45 12.5M    0     0  1860k      0  0:00:15  0:00:06  0:00:09 2589k
 77 27.3M   77 21.0M    0     0  2739k      0  0:00:10  0:00:07  0:00:03 4381k
100 27.3M  100 27.3M    0     0  3262k      0  0:00:08  0:00:08 --:--:-- 6049k
  [label] archived inklabels/2_4um/20251112000002.png shape=(10494, 8128)
  [label] overlap=1.0000 raw_frac=0.12787 eroded_frac=0.04846
  $ /bin/python precompute_norm.py --scroll-id 20251112000002 --zarr-path /vesuvius/ves_zarrs2
/bin/python: can't open file '/vesuvius/precompute_norm.py': [Errno 2] No such file or directory
Traceback (most recent call last):
  File "/vesuvius/assemble_training_segments.py", line 917, in process_fragment
    step3_norm(name, seg, zid, skip_norm, force=force)
  File "/vesuvius/assemble_training_segments.py", line 900, in step3_norm
    run([sys.executable, "precompute_norm.py", "--scroll-id", zid, "--zarr-path", ZARR_DIR])
  File "/vesuvius/assemble_training_segments.py", line 181, in run
    raise RuntimeError(f"command failed ({r.returncode}): {' '.join(cmd)}")
RuntimeError: command failed (2): /bin/python precompute_norm.py --scroll-id 20251112000002 --zarr-path /vesuvius/ves_zarrs2
[FAIL] w087 (20251112000002): command failed (2): /bin/python precompute_norm.py --scroll-id 20251112000002 --zarr-path /vesuvius/ves_zarrs2

======================================================================
w068 (20251111010954)  id=20251111010954
======================================================================
/usr/local/lib/python3.10/dist-packages/zarr/creation.py:614: UserWarning: ignoring keyword argument 'zarr_format'
  compressor, fill_value = _kwargs_compat(compressor, fill_value, kwargs)
  [1/3] isotropic resample (33, 13080, 14920) @7.910um -> (28, 11051, 12606) @9.362um
  [resample] rows 108/11051
  [resample] rows 216/11051
  [resample] rows 324/11051
  [resample] rows 433/11051
  [resample] rows 541/11051
  [resample] rows 649/11051
  [resample] rows 757/11051
  [resample] rows 865/11051
  [resample] rows 973/11051
  [resample] rows 1081/11051
  [resample] rows 1190/11051
  [resample] rows 1298/11051
  [resample] rows 1406/11051
  [resample] rows 1514/11051
  [resample] rows 1622/11051
  [resample] rows 1730/11051
  [resample] rows 1838/11051
  [resample] rows 1947/11051
  [resample] rows 2055/11051
  [resample] rows 2163/11051
  [resample] rows 2271/11051
  [resample] rows 2379/11051
  [resample] rows 2487/11051
  [resample] rows 2595/11051
  [resample] rows 2704/11051
  [resample] rows 2812/11051
  [resample] rows 2920/11051
  [resample] rows 3028/11051
  [resample] rows 3136/11051
  [resample] rows 3244/11051
  [resample] rows 3352/11051
  [resample] rows 3461/11051
  [resample] rows 3569/11051
  [resample] rows 3677/11051
  [resample] rows 3785/11051
  [resample] rows 3893/11051
  [resample] rows 4001/11051
  [resample] rows 4109/11051
  [resample] rows 4218/11051
  [resample] rows 4326/11051
  [resample] rows 4434/11051
  [resample] rows 4542/11051
  [resample] rows 4650/11051
  [resample] rows 4758/11051
  [resample] rows 4866/11051
  [resample] rows 4975/11051
  [resample] rows 5083/11051
  [resample] rows 5191/11051
  [resample] rows 5299/11051
  [resample] rows 5407/11051
  [resample] rows 5515/11051
  [resample] rows 5624/11051
  [resample] rows 5732/11051
  [resample] rows 5840/11051
  [resample] rows 5948/11051
  [resample] rows 6056/11051
  [resample] rows 6164/11051
  [resample] rows 6272/11051
  [resample] rows 6381/11051
  [resample] rows 6489/11051
  [resample] rows 6597/11051
  [resample] rows 6705/11051
  [resample] rows 6813/11051
  [resample] rows 6921/11051
  [resample] rows 7029/11051
  [resample] rows 7138/11051
  [resample] rows 7246/11051
  [resample] rows 7354/11051
  [resample] rows 7462/11051
  [resample] rows 7570/11051
  [resample] rows 7678/11051
  [resample] rows 7786/11051
  [resample] rows 7895/11051
  [resample] rows 8003/11051
  [resample] rows 8111/11051
  [resample] rows 8219/11051
  [resample] rows 8327/11051
  [resample] rows 8435/11051
  [resample] rows 8543/11051
  [resample] rows 8652/11051
  [resample] rows 8760/11051
  [resample] rows 8868/11051
  [resample] rows 8976/11051
  [resample] rows 9084/11051
  [resample] rows 9192/11051
  [resample] rows 9300/11051
  [resample] rows 9409/11051
  [resample] rows 9517/11051
  [resample] rows 9625/11051
  [resample] rows 9733/11051
  [resample] rows 9841/11051
  [resample] rows 9949/11051
  [resample] rows 10057/11051
  [resample] rows 10166/11051
  [resample] rows 10274/11051
  [resample] rows 10382/11051
  [resample] rows 10490/11051
  [resample] rows 10598/11051
  [resample] rows 10706/11051
  [resample] rows 10814/11051
  [resample] rows 10923/11051
  [resample] rows 11031/11051
  [resample] rows 11051/11051
  [mask] wrote masks/20251111010954.png from midslice valid_frac=0.916
  [resample] wrote /vesuvius/ves_zarrs2/20251111010954.zarr shape=(28, 11051, 12606)
  $ curl -L --fail --retry 5 --retry-delay 2 --continue-at - -o _ves_tmp/ink_20251111010954_0.tif https://vesuvius-challenge-open-data.s3.amazonaws.com/PHerc0172/segments/20251111010954-w068_20251111010954408_flatboi/ink-detection/PHerc0172-20251111010954-7.91um-53keV-volume-20241024131838-20251222202946-timesformer_scroll5_november19-tile64-stride16.tif
  % Total    % Received % Xferd  Average Speed   Time    Time     Time  Current
                                 Dload  Upload   Total   Spent    Left  Speed

  0     0    0     0    0     0      0      0 --:--:-- --:--:-- --:--:--     0
  0 44.9M    0     0    0     0      0      0 --:--:-- --:--:-- --:--:--     0
  4 44.9M    4 2300k    0     0  1550k      0  0:00:29  0:00:01  0:00:28 1550k
 13 44.9M   13 6306k    0     0  2603k      0  0:00:17  0:00:02  0:00:15 2603k
 24 44.9M   24 11.0M    0     0  3302k      0  0:00:13  0:00:03  0:00:10 3301k
 36 44.9M   36 16.4M    0     0  3800k      0  0:00:12  0:00:04  0:00:08 3799k
 49 44.9M   49 22.2M    0     0  4194k      0  0:00:10  0:00:05  0:00:05 4745k
 62 44.9M   62 28.1M    0     0  4496k      0  0:00:10  0:00:06  0:00:04 5380k
 76 44.9M   76 34.3M    0     0  4733k      0  0:00:09  0:00:07  0:00:02 5764k
 96 44.9M   96 43.5M    0     0  5293k      0  0:00:08  0:00:08 --:--:-- 6655k
100 44.9M  100 44.9M    0     0  5320k      0  0:00:08  0:00:08 --:--:-- 6909k
  [label] archived inklabels/2_4um/20251111010954.png shape=(11051, 12606)
  [label] overlap=1.0000 raw_frac=0.10199 eroded_frac=0.03162
  $ /bin/python precompute_norm.py --scroll-id 20251111010954 --zarr-path /vesuvius/ves_zarrs2
[norm] 20251111010954 vol=(28,11051,12606) chunk_z=8 mask_valid=0.916
[norm]   z 0:8 done  n=1020925368
[norm]   z 8:16 done  n=2041850736
[norm]   z 16:24 done  n=3062776104
[norm]   z 24:28 done  n=3573238788
[norm] 20251111010954 mean=150.7854 std=23.3980 norm_min=-6.4444 norm_max=4.4540
[done] w068 (20251111010954)

======================================================================
w018 (20240304144031)  id=20240304144031
======================================================================
/usr/local/lib/python3.10/dist-packages/zarr/creation.py:614: UserWarning: ignoring keyword argument 'zarr_format'
  compressor, fill_value = _kwargs_compat(compressor, fill_value, kwargs)
  [1/3] level-2 pool (109, 10595, 24525) crop=(0, 2400, 1536, 4096) depth=109->28 output=(28, 2400, 2560)
  [pool] rows 128/2400
  [pool] rows 256/2400
  [pool] rows 384/2400
  [pool] rows 512/2400
  [pool] rows 640/2400
  [pool] rows 768/2400
  [pool] rows 896/2400
  [pool] rows 1024/2400
  [pool] rows 1152/2400
  [pool] rows 1280/2400
  [pool] rows 1408/2400
  [pool] rows 1536/2400
  [pool] rows 1664/2400
  [pool] rows 1792/2400
  [pool] rows 1920/2400
  [pool] rows 2048/2400
  [pool] rows 2176/2400
  [pool] rows 2304/2400
  [pool] rows 2400/2400
  [mask] wrote masks/20240304144031.png from midslice valid_frac=0.830
  [pool] wrote /vesuvius/ves_zarrs2/20240304144031.zarr shape=(28, 2400, 2560)
  $ curl -L --fail --retry 5 --retry-delay 2 --continue-at - -o _ves_tmp/ink_20240304144031_0.tif https://vesuvius-challenge-open-data.s3.amazonaws.com/PHerc1667/segments/20240304144031-w018_20240304144031_flatboi/ink-detection/PHerc1667-20240304144031-2.399um-0.22m-78keV-volume-20251217075048-20260417190342-new_canon_autoresearch_recipe-tile256-stride128.tif
  % Total    % Received % Xferd  Average Speed   Time    Time     Time  Current
                                 Dload  Upload   Total   Spent    Left  Speed

  0     0    0     0    0     0      0      0 --:--:-- --:--:-- --:--:--     0
  0  324M    0 16933    0     0  27323      0  3:27:30 --:--:--  3:27:30 27311
  1  324M    1 3599k    0     0  2250k      0  0:02:27  0:00:01  0:02:26 2249k
  2  324M    2 9815k    0     0  3789k      0  0:01:27  0:00:02  0:01:25 3789k
  4  324M    4 16.0M    0     0  4581k      0  0:01:12  0:00:03  0:01:09 4581k
  7  324M    7 23.2M    0     0  5185k      0  0:01:04  0:00:04  0:01:00 5185k
  9  324M    9 31.1M    0     0  5714k      0  0:00:58  0:00:05  0:00:53 6423k
 12  324M   12 39.6M    0     0  6163k      0  0:00:53  0:00:06  0:00:47 7416k
 14  324M   14 48.4M    0     0  6536k      0  0:00:50  0:00:07  0:00:43 7959k
 17  324M   17 57.4M    0     0  6843k      0  0:00:48  0:00:08  0:00:40 8467k
 20  324M   20 66.4M    0     0  7097k      0  0:00:46  0:00:09  0:00:37 8853k
 24  324M   24 78.4M    0     0  7589k      0  0:00:43  0:00:10  0:00:33 9686k
 26  324M   26 87.4M    0     0  7722k      0  0:00:43  0:00:11  0:00:32 9778k
 29  324M   29 96.4M    0     0  7841k      0  0:00:42  0:00:12  0:00:30 9822k
 32  324M   32  105M    0     0  7945k      0  0:00:41  0:00:13  0:00:28 9838k
 34  324M   34  113M    0     0  7946k      0  0:00:41  0:00:14  0:00:27 9576k
 37  324M   37  120M    0     0  7925k      0  0:00:41  0:00:15  0:00:26 8636k
 39  324M   39  128M    0     0  7939k      0  0:00:41  0:00:16  0:00:25 8442k
 42  324M   42  137M    0     0  7979k      0  0:00:41  0:00:17  0:00:24 8326k
 44  324M   44  145M    0     0  8030k      0  0:00:41  0:00:18  0:00:23 8265k
 47  324M   47  154M    0     0  8086k      0  0:00:41  0:00:19  0:00:22 8495k
 51  324M   51  166M    0     0  8291k      0  0:00:40  0:00:20  0:00:20 9430k
 54  324M   54  175M    0     0  8338k      0  0:00:39  0:00:21  0:00:18 9659k
 56  324M   56  184M    0     0  8380k      0  0:00:39  0:00:22  0:00:17 9789k
 59  324M   59  193M    0     0  8419k      0  0:00:39  0:00:23  0:00:16 9864k
 62  324M   62  203M    0     0  8457k      0  0:00:39  0:00:24  0:00:15 9906k
 65  324M   65  212M    0     0  8493k      0  0:00:39  0:00:25  0:00:14 9328k
 68  324M   68  221M    0     0  8532k      0  0:00:38  0:00:26  0:00:12 9374k
 71  324M   71  231M    0     0  8577k      0  0:00:38  0:00:27  0:00:11 9470k
 74  324M   74  240M    0     0  8630k      0  0:00:38  0:00:28  0:00:10 9625k
 77  324M   77  251M    0     0  8696k      0  0:00:38  0:00:29  0:00:09 9871k
 81  324M   81  263M    0     0  8830k      0  0:00:37  0:00:30  0:00:07 10.3M
 84  324M   84  275M    0     0  8916k      0  0:00:37  0:00:31  0:00:06 10.7M
 87  324M   87  283M    0     0  8895k      0  0:00:37  0:00:32  0:00:05 10.3M
 89  324M   89  288M    0     0  8806k      0  0:00:37  0:00:33  0:00:04 9810k
 90  324M   90  292M    0     0  8654k      0  0:00:38  0:00:34  0:00:04 8410k
 90  324M   90  293M    0     0  8427k      0  0:00:39  0:00:35  0:00:04 6011k
 90  324M   90  294M    0     0  8229k      0  0:00:40  0:00:36  0:00:04 3895k
 90  324M   90  294M    0     0  8014k      0  0:00:41  0:00:37  0:00:04 2281k
 90  324M   90  294M    0     0  7761k      0  0:00:42  0:00:38  0:00:04 1057k
 90  324M   90  294M    0     0  7591k      0  0:00:43  0:00:39  0:00:04  388k
 90  324M   90  294M    0     0  7407k      0  0:00:44  0:00:40  0:00:04  112k
 90  324M   90  294M    0     0  7235k      0  0:00:45  0:00:41  0:00:04 76784
 90  324M   90  294M    0     0  7067k      0  0:00:47  0:00:42  0:00:05 61266
 90  324M   90  294M    0     0  6916k      0  0:00:48  0:00:43  0:00:05 85280
 90  324M   90  294M    0     0  6769k      0  0:00:49  0:00:44  0:00:05  120k
 91  324M   91  295M    0     0  6629k      0  0:00:50  0:00:45  0:00:05  194k
 91  324M   91  295M    0     0  6501k      0  0:00:51  0:00:46  0:00:05  291k
 91  324M   91  297M    0     0  6394k      0  0:00:51  0:00:47  0:00:04  542k
 92  324M   92  299M    0     0  6303k      0  0:00:52  0:00:48  0:00:04  931k
 93  324M   93  302M    0     0  6247k      0  0:00:53  0:00:49  0:00:04 1577k
 94  324M   94  307M    0     0  6230k      0  0:00:53  0:00:50  0:00:03 2578k
 97  324M   97  317M    0     0  6304k      0  0:00:52  0:00:51  0:00:01 4480k
 99  324M   99  323M    0     0  6307k      0  0:00:52  0:00:52 --:--:-- 5480k
100  324M  100  324M    0     0  6312k      0  0:00:52  0:00:52 --:--:-- 6412k
  [label] archived inklabels/2_4um/20240304144031.png shape=(2400, 2560)
  $ curl -L --fail --retry 5 --retry-delay 2 --continue-at - -o _ves_tmp/ink_20240304144031_1.tif https://vesuvius-challenge-open-data.s3.amazonaws.com/PHerc1667/segments/20240304144031-w018_20240304144031_flatboi/ink-detection/PHerc1667-20240304144031-1.129um-0.22m-59keV-volume-20260323082859-L1-20260709123958-mrg20736-1um-s1z2-tile256-stride128.tif
  % Total    % Received % Xferd  Average Speed   Time    Time     Time  Current
                                 Dload  Upload   Total   Spent    Left  Speed

  0     0    0     0    0     0      0      0 --:--:-- --:--:-- --:--:--     0
  0  345M    0     0    0     0      0      0 --:--:-- --:--:-- --:--:--     0
  0  345M    0 2327k    0     0  1534k      0  0:03:50  0:00:01  0:03:49 1534k
  1  345M    1 5488k    0     0  2201k      0  0:02:40  0:00:02  0:02:38 2201k
  2  345M    2 8672k    0     0  2483k      0  0:02:22  0:00:03  0:02:19 2482k
  3  345M    3 11.8M    0     0  2706k      0  0:02:10  0:00:04  0:02:06 2706k
  4  345M    4 14.5M    0     0  2721k      0  0:02:09  0:00:05  0:02:04 3054k
  4  345M    4 16.6M    0     0  2623k      0  0:02:14  0:00:06  0:02:08 2954k
  5  345M    5 18.8M    0     0  2571k      0  0:02:17  0:00:07  0:02:10 2756k
  6  345M    6 21.0M    0     0  2543k      0  0:02:18  0:00:08  0:02:10 2586k
  6  345M    6 23.3M    0     0  2522k      0  0:02:20  0:00:09  0:02:11 2357k
  7  345M    7 27.2M    0     0  2658k      0  0:02:12  0:00:10  0:02:02 2589k
  8  345M    8 28.0M    0     0  2480k      0  0:02:22  0:00:11  0:02:11 2299k
  8  345M    8 28.3M    0     0  2317k      0  0:02:32  0:00:12  0:02:20 1938k
  8  345M    8 28.5M    0     0  2164k      0  0:02:43  0:00:13  0:02:30 1520k
  8  345M    8 28.8M    0     0  2035k      0  0:02:53  0:00:14  0:02:39 1113k
  8  345M    8 29.2M    0     0  1931k      0  0:03:03  0:00:15  0:02:48  410k
  8  345M    8 29.7M    0     0  1847k      0  0:03:11  0:00:16  0:02:55  355k
  8  345M    8 30.3M    0     0  1777k      0  0:03:18  0:00:17  0:03:01  426k
  9  345M    9 31.0M    0     0  1721k      0  0:03:25  0:00:18  0:03:07  524k
  9  345M    9 31.6M    0     0  1664k      0  0:03:32  0:00:19  0:03:13  584k
  9  345M    9 32.7M    0     0  1637k      0  0:03:35  0:00:20  0:03:15  723k
  9  345M    9 33.3M    0     0  1590k      0  0:03:42  0:00:21  0:03:21  744k
  9  345M    9 33.5M    0     0  1527k      0  0:03:51  0:00:22  0:03:29  652k
  9  345M    9 33.8M    0     0  1471k      0  0:04:00  0:00:23  0:03:37  556k
  9  345M    9 34.1M    0     0  1428k      0  0:04:07  0:00:24  0:03:43  512k
 10  345M   10 34.6M    0     0  1391k      0  0:04:13  0:00:25  0:03:48  386k
 10  345M   10 35.2M    0     0  1362k      0  0:04:19  0:00:26  0:03:53  380k
 10  345M   10 35.9M    0     0  1338k      0  0:04:23  0:00:27  0:03:56  487k
 10  345M   10 36.6M    0     0  1316k      0  0:04:28  0:00:28  0:04:00  582k
 10  345M   10 37.3M    0     0  1296k      0  0:04:32  0:00:29  0:04:03  648k
 11  345M   11 38.1M    0     0  1281k      0  0:04:35  0:00:30  0:04:05  719k
 11  345M   11 39.4M    0     0  1282k      0  0:04:35  0:00:31  0:04:04  861k
 11  345M   11 39.7M    0     0  1250k      0  0:04:42  0:00:32  0:04:10  768k
 11  345M   11 39.9M    0     0  1221k      0  0:04:49  0:00:33  0:04:16  683k
 11  345M   11 40.3M    0     0  1197k      0  0:04:55  0:00:34  0:04:21  618k
 11  345M   11 40.8M    0     0  1178k      0  0:04:59  0:00:35  0:04:24  546k
 12  345M   12 41.4M    0     0  1162k      0  0:05:04  0:00:36  0:04:28  404k
 12  345M   12 42.1M    0     0  1150k      0  0:05:07  0:00:37  0:04:30  497k
 12  345M   12 42.9M    0     0  1141k      0  0:05:09  0:00:38  0:04:31  601k
 12  345M   12 43.8M    0     0  1137k      0  0:05:10  0:00:39  0:04:31  718k
 13  345M   13 45.3M    0     0  1145k      0  0:05:08  0:00:40  0:04:28  915k
 14  345M   14 49.3M    0     0  1218k      0  0:04:49  0:00:41  0:04:08 1632k
 14  345M   14 50.2M    0     0  1211k      0  0:04:51  0:00:42  0:04:09 1667k
 14  345M   14 50.5M    0     0  1189k      0  0:04:57  0:00:43  0:04:14 1557k
 14  345M   14 50.8M    0     0  1169k      0  0:05:02  0:00:44  0:04:18 1421k
 14  345M   14 51.2M    0     0  1152k      0  0:05:06  0:00:45  0:04:21 1206k
 14  345M   14 51.7M    0     0  1138k      0  0:05:10  0:00:46  0:04:24  473k
 15  345M   15 52.2M    0     0  1127k      0  0:05:13  0:00:47  0:04:26  407k
 15  345M   15 52.9M    0     0  1118k      0  0:05:15  0:00:48  0:04:27  505k
 15  345M   15 53.7M    0     0  1112k      0  0:05:17  0:00:49  0:04:28  611k
 15  345M   15 54.8M    0     0  1113k      0  0:05:17  0:00:50  0:04:27  753k
 16  345M   16 56.9M    0     0  1133k      0  0:05:11  0:00:51  0:04:20 1081k
 17  345M   17 59.6M    0     0  1164k      0  0:05:03  0:00:52  0:04:11 1517k
 17  345M   17 60.0M    0     0  1149k      0  0:05:07  0:00:53  0:04:14 1446k
 17  345M   17 60.2M    0     0  1131k      0  0:05:12  0:00:54  0:04:18 1319k
 17  345M   17 60.5M    0     0  1117k      0  0:05:16  0:00:55  0:04:21 1157k
 17  345M   17 60.9M    0     0  1104k      0  0:05:19  0:00:56  0:04:23  811k
 17  345M   17 61.4M    0     0  1094k      0  0:05:22  0:00:57  0:04:25  360k
 17  345M   17 62.0M    0     0  1086k      0  0:05:25  0:00:58  0:04:27  409k
 18  345M   18 62.7M    0     0  1080k      0  0:05:27  0:00:59  0:04:28  519k
 18  345M   18 63.5M    0     0  1076k      0  0:05:28  0:01:00  0:04:28  624k
 18  345M   18 64.7M    0     0  1077k      0  0:05:27  0:01:01  0:04:26  775k
 19  345M   19 67.6M    0     0  1108k      0  0:05:18  0:01:02  0:04:16 1277k
 19  345M   19 68.2M    0     0  1097k      0  0:05:22  0:01:03  0:04:19 1222k
 19  345M   19 68.3M    0     0  1084k      0  0:05:25  0:01:04  0:04:21 1130k
 19  345M   19 68.5M    0     0  1070k      0  0:05:30  0:01:05  0:04:25 1000k
 19  345M   19 68.8M    0     0  1059k      0  0:05:33  0:01:06  0:04:27  838k
 20  345M   20 69.2M    0     0  1050k      0  0:05:36  0:01:07  0:04:29  321k
 20  345M   20 69.7M    0     0  1042k      0  0:05:38  0:01:08  0:04:30  323k
 20  345M   20 70.3M    0     0  1037k      0  0:05:40  0:01:09  0:04:31  425k
 20  345M   20 71.0M    0     0  1032k      0  0:05:42  0:01:10  0:04:32  530k
 20  345M   20 72.2M    0     0  1034k      0  0:05:41  0:01:11  0:04:30  691k
 21  345M   21 75.0M    0     0  1059k      0  0:05:33  0:01:12  0:04:21 1184k
 22  345M   22 76.7M    0     0  1068k      0  0:05:30  0:01:13  0:04:17 1419k
 22  345M   22 77.3M    0     0  1062k      0  0:05:32  0:01:14  0:04:18 1422k
 22  345M   22 77.9M    0     0  1056k      0  0:05:34  0:01:15  0:04:19 1400k
 22  345M   22 78.6M    0     0  1052k      0  0:05:35  0:01:16  0:04:19 1319k
 23  345M   23 79.5M    0     0  1050k      0  0:05:36  0:01:17  0:04:19  923k
 23  345M   23 80.5M    0     0  1051k      0  0:05:36  0:01:18  0:04:18  787k
 23  345M   23 81.6M    0     0  1051k      0  0:05:36  0:01:19  0:04:17  879k
 23  345M   23 82.7M    0     0  1052k      0  0:05:35  0:01:20  0:04:15  992k
 24  345M   24 84.0M    0     0  1056k      0  0:05:34  0:01:21  0:04:13 1105k
 24  345M   24 85.6M    0     0  1062k      0  0:05:32  0:01:22  0:04:10 1249k
 25  345M   25 88.6M    0     0  1087k      0  0:05:25  0:01:23  0:04:02 1649k
 25  345M   25 89.1M    0     0  1080k      0  0:05:27  0:01:24  0:04:03 1549k
 25  345M   25 89.4M    0     0  1071k      0  0:05:29  0:01:25  0:04:04 1366k
 26  345M   26 89.8M    0     0  1063k      0  0:05:32  0:01:26  0:04:06 1177k
 26  345M   26 90.2M    0     0  1056k      0  0:05:34  0:01:27  0:04:07  956k
 26  345M   26 90.8M    0     0  1051k      0  0:05:36  0:01:28  0:04:08  450k
 26  345M   26 91.5M    0     0  1047k      0  0:05:37  0:01:29  0:04:08  486k
 26  345M   26 92.3M    0     0  1045k      0  0:05:38  0:01:30  0:04:08  597k
 26  345M   26 93.1M    0     0  1042k      0  0:05:39  0:01:31  0:04:08  677k
 27  345M   27 93.9M    0     0  1039k      0  0:05:39  0:01:32  0:04:07  745k
 27  345M   27 95.4M    0     0  1044k      0  0:05:38  0:01:33  0:04:05  928k
 27  345M   27 95.8M    0     0  1036k      0  0:05:41  0:01:34  0:04:07  841k
 27  345M   27 96.0M    0     0  1029k      0  0:05:43  0:01:35  0:04:08  754k
 27  345M   27 96.3M    0     0  1022k      0  0:05:45  0:01:36  0:04:09  662k
 28  345M   28 96.7M    0     0  1016k      0  0:05:47  0:01:37  0:04:10  585k
 28  345M   28 97.3M    0     0  1011k      0  0:05:49  0:01:38  0:04:11  390k
 28  345M   28 97.9M    0     0  1008k      0  0:05:50  0:01:39  0:04:11  457k
 28  345M   28 98.7M    0     0  1005k      0  0:05:51  0:01:40  0:04:11  546k
 28  345M   28 99.5M    0     0  1004k      0  0:05:51  0:01:41  0:04:10  662k
 29  345M   29  100M    0     0  1006k      0  0:05:51  0:01:42  0:04:09  812k
 29  345M   29  102M    0     0  1015k      0  0:05:48  0:01:43  0:04:05 1085k
 30  345M   30  106M    0     0  1038k      0  0:05:40  0:01:44  0:03:56 1620k
 30  345M   30  106M    0     0  1032k      0  0:05:42  0:01:45  0:03:57 1562k
 30  345M   30  106M    0     0  1024k      0  0:05:44  0:01:46  0:03:58 1434k
 30  345M   30  106M    0     0  1017k      0  0:05:47  0:01:47  0:04:00 1244k
 31  345M   31  107M    0     0  1011k      0  0:05:49  0:01:48  0:04:01  942k
 31  345M   31  107M    0     0  1007k      0  0:05:50  0:01:49  0:04:01  346k
 31  345M   31  108M    0     0  1003k      0  0:05:52  0:01:50  0:04:02  379k
 31  345M   31  108M    0     0  1000k      0  0:05:53  0:01:51  0:04:02  486k
 31  345M   31  109M    0     0   999k      0  0:05:53  0:01:52  0:04:01  618k
 32  345M   32  111M    0     0  1003k      0  0:05:52  0:01:53  0:03:59  822k
 33  345M   33  115M    0     0  1028k      0  0:05:43  0:01:54  0:03:49 1493k
 33  345M   33  115M    0     0  1025k      0  0:05:44  0:01:55  0:03:49 1516k
 33  345M   33  116M    0     0  1020k      0  0:05:46  0:01:56  0:03:50 1455k
 33  345M   33  116M    0     0  1013k      0  0:05:48  0:01:57  0:03:51 1328k
 33  345M   33  116M    0     0  1008k      0  0:05:50  0:01:58  0:03:52 1111k
 33  345M   33  117M    0     0  1003k      0  0:05:52  0:01:59  0:03:53  423k
 34  345M   34  117M    0     0  1000k      0  0:05:53  0:02:00  0:03:53  397k
 34  345M   34  118M    0     0   997k      0  0:05:54  0:02:01  0:03:53  455k
 34  345M   34  119M    0     0   995k      0  0:05:54  0:02:02  0:03:52  568k
 34  345M   34  120M    0     0   995k      0  0:05:55  0:02:03  0:03:52  687k
 35  345M   35  121M    0     0  1002k      0  0:05:52  0:02:04  0:03:48  985k
 35  345M   35  123M    0     0  1006k      0  0:05:51  0:02:05  0:03:46 1150k
 35  345M   35  123M    0     0   999k      0  0:05:53  0:02:06  0:03:47 1054k
 35  345M   35  123M    0     0   993k      0  0:05:55  0:02:07  0:03:48  940k
 35  345M   35  124M    0     0   988k      0  0:05:57  0:02:08  0:03:49  820k
 36  345M   36  124M    0     0   983k      0  0:05:59  0:02:09  0:03:50  513k
 36  345M   36  124M    0     0   979k      0  0:06:00  0:02:10  0:03:50  320k
 36  345M   36  125M    0     0   976k      0  0:06:01  0:02:11  0:03:50  393k
 36  345M   36  126M    0     0   974k      0  0:06:02  0:02:12  0:03:50  476k
 36  345M   36  126M    0     0   972k      0  0:06:03  0:02:13  0:03:50  560k
 36  345M   36  127M    0     0   971k      0  0:06:03  0:02:14  0:03:49  659k
 37  345M   37  129M    0     0   975k      0  0:06:02  0:02:15  0:03:47  874k
 37  345M   37  129M    0     0   970k      0  0:06:04  0:02:16  0:03:48  819k
 37  345M   37  129M    0     0   965k      0  0:06:06  0:02:17  0:03:49  738k
 37  345M   37  130M    0     0   961k      0  0:06:07  0:02:18  0:03:49  671k
 37  345M   37  130M    0     0   958k      0  0:06:08  0:02:19  0:03:49  595k
 38  345M   38  131M    0     0   956k      0  0:06:09  0:02:20  0:03:49  416k
 38  345M   38  131M    0     0   954k      0  0:06:10  0:02:21  0:03:49  517k
 38  345M   38  132M    0     0   953k      0  0:06:10  0:02:22  0:03:48  632k
 38  345M   38  133M    0     0   954k      0  0:06:10  0:02:23  0:03:47  748k
 39  345M   39  135M    0     0   957k      0  0:06:08  0:02:24  0:03:44  940k
 40  345M   40  139M    0     0   978k      0  0:06:01  0:02:25  0:03:36 1613k
 40  345M   40  140M    0     0   979k      0  0:06:00  0:02:26  0:03:34 1662k
 40  345M   40  140M    0     0   975k      0  0:06:02  0:02:27  0:03:35 1577k
 40  345M   40  140M    0     0   970k      0  0:06:04  0:02:28  0:03:36 1422k
 40  345M   40  141M    0     0   965k      0  0:06:05  0:02:29  0:03:36 1196k
 40  345M   40  141M    0     0   962k      0  0:06:07  0:02:30  0:03:37  484k
 41  345M   41  142M    0     0   959k      0  0:06:08  0:02:31  0:03:37  387k
 41  345M   41  142M    0     0   958k      0  0:06:08  0:02:32  0:03:36  456k
 41  345M   41  143M    0     0   957k      0  0:06:09  0:02:33  0:03:36  570k
 41  345M   41  144M    0     0   956k      0  0:06:09  0:02:34  0:03:35  684k
 42  345M   42  145M    0     0   960k      0  0:06:08  0:02:35  0:03:33  893k
 42  345M   42  148M    0     0   970k      0  0:06:04  0:02:36  0:03:28 1278k
 43  345M   43  148M    0     0   966k      0  0:06:05  0:02:37  0:03:28 1212k
 43  345M   43  148M    0     0   960k      0  0:06:07  0:02:38  0:03:29 1073k
 43  345M   43  148M    0     0   956k      0  0:06:09  0:02:39  0:03:30  946k
 43  345M   43  149M    0     0   952k      0  0:06:10  0:02:40  0:03:30  722k
 43  345M   43  149M    0     0   949k      0  0:06:12  0:02:41  0:03:31  306k
 43  345M   43  150M    0     0   947k      0  0:06:12  0:02:42  0:03:30  363k
 43  345M   43  151M    0     0   945k      0  0:06:13  0:02:43  0:03:30  471k
 43  345M   43  151M    0     0   945k      0  0:06:13  0:02:44  0:03:29  585k
 44  345M   44  152M    0     0   946k      0  0:06:13  0:02:45  0:03:28  749k
 45  345M   45  156M    0     0   959k      0  0:06:08  0:02:46  0:03:22 1274k
 45  345M   45  156M    0     0   957k      0  0:06:09  0:02:47  0:03:22 1280k
 45  345M   45  157M    0     0   954k      0  0:06:10  0:02:48  0:03:22 1250k
 45  345M   45  157M    0     0   952k      0  0:06:10  0:02:49  0:03:21 1205k
 45  345M   45  158M    0     0   951k      0  0:06:11  0:02:50  0:03:21 1116k
 46  345M   46  159M    0     0   950k      0  0:06:11  0:02:51  0:03:20  661k
 46  345M   46  160M    0     0   950k      0  0:06:11  0:02:52  0:03:19  732k
 46  345M   46  161M    0     0   951k      0  0:06:11  0:02:53  0:03:18  839k
 47  345M   47  162M    0     0   952k      0  0:06:10  0:02:54  0:03:16  954k
 47  345M   47  163M    0     0   955k      0  0:06:10  0:02:55  0:03:15 1073k
 48  345M   48  166M    0     0   963k      0  0:06:06  0:02:56  0:03:10 1413k
 48  345M   48  168M    0     0   970k      0  0:06:04  0:02:57  0:03:07 1636k
 48  345M   48  168M    0     0   968k      0  0:06:04  0:02:58  0:03:06 1568k
 49  345M   49  169M    0     0   968k      0  0:06:04  0:02:59  0:03:05 1516k
 49  345M   49  170M    0     0   968k      0  0:06:04  0:03:00  0:03:04 1448k
 49  345M   49  171M    0     0   969k      0  0:06:04  0:03:01  0:03:03 1167k
 50  345M   50  173M    0     0   971k      0  0:06:03  0:03:02  0:03:01  994k
 50  345M   50  174M    0     0   972k      0  0:06:03  0:03:03  0:03:00 1098k
 50  345M   50  175M    0     0   973k      0  0:06:03  0:03:04  0:02:59 1143k
 51  345M   51  176M    0     0   975k      0  0:06:02  0:03:05  0:02:57 1209k
 51  345M   51  178M    0     0   977k      0  0:06:01  0:03:06  0:02:55 1260k
 52  345M   52  179M    0     0   981k      0  0:05:59  0:03:07  0:02:52 1369k
 52  345M   52  180M    0     0   978k      0  0:06:01  0:03:08  0:02:53 1176k
 52  345M   52  180M    0     0   974k      0  0:06:02  0:03:09  0:02:53  998k
 52  345M   52  180M    0     0   970k      0  0:06:04  0:03:10  0:02:54  786k
 52  345M   52  180M    0     0   967k      0  0:06:05  0:03:11  0:02:54  590k
 52  345M   52  181M    0     0   964k      0  0:06:06  0:03:12  0:02:54  324k
 52  345M   52  181M    0     0   962k      0  0:06:07  0:03:13  0:02:54  390k
 52  345M   52  182M    0     0   961k      0  0:06:07  0:03:14  0:02:53  501k
 53  345M   53  183M    0     0   961k      0  0:06:07  0:03:15  0:02:52  633k
 53  345M   53  185M    0     0   964k      0  0:06:06  0:03:16  0:02:50  847k
 54  345M   54  188M    0     0   977k      0  0:06:01  0:03:17  0:02:44 1465k
 54  345M   54  189M    0     0   977k      0  0:06:01  0:03:18  0:02:43 1554k
 55  345M   55  189M    0     0   975k      0  0:06:02  0:03:19  0:02:43 1487k
 55  345M   55  190M    0     0   972k      0  0:06:03  0:03:20  0:02:43 1403k
 55  345M   55  191M    0     0   971k      0  0:06:03  0:03:21  0:02:42 1243k
 55  345M   55  191M    0     0   970k      0  0:06:04  0:03:22  0:02:42  657k
 55  345M   55  192M    0     0   969k      0  0:06:04  0:03:23  0:02:41  646k
 56  345M   56  193M    0     0   969k      0  0:06:04  0:03:24  0:02:40  763k
 56  345M   56  194M    0     0   970k      0  0:06:04  0:03:25  0:02:39  882k
 56  345M   56  196M    0     0   972k      0  0:06:03  0:03:26  0:02:37 1010k
 57  345M   57  198M    0     0   978k      0  0:06:01  0:03:27  0:02:34 1334k
 58  345M   58  200M    0     0   985k      0  0:05:58  0:03:28  0:02:30 1611k
 58  345M   58  200M    0     0   981k      0  0:05:59  0:03:29  0:02:30 1476k
 58  345M   58  201M    0     0   978k      0  0:06:01  0:03:30  0:02:31 1286k
 58  345M   58  201M    0     0   974k      0  0:06:02  0:03:31  0:02:31 1085k
 58  345M   58  201M    0     0   972k      0  0:06:03  0:03:32  0:02:31  685k
 58  345M   58  202M    0     0   969k      0  0:06:04  0:03:33  0:02:31  307k
 58  345M   58  202M    0     0   967k      0  0:06:05  0:03:34  0:02:31  375k
 58  345M   58  203M    0     0   966k      0  0:06:05  0:03:35  0:02:30  484k
 59  345M   59  204M    0     0   966k      0  0:06:05  0:03:36  0:02:29  633k
 59  345M   59  205M    0     0   969k      0  0:06:04  0:03:37  0:02:27  870k
 60  345M   60  209M    0     0   982k      0  0:05:59  0:03:38  0:02:21 1520k
 60  345M   60  210M    0     0   981k      0  0:06:00  0:03:39  0:02:21 1566k
 61  345M   61  210M    0     0   979k      0  0:06:00  0:03:40  0:02:20 1529k
 61  345M   61  211M    0     0   977k      0  0:06:01  0:03:41  0:02:20 1430k
 61  345M   61  211M    0     0   973k      0  0:06:03  0:03:42  0:02:21 1127k
 61  345M   61  211M    0     0   965k      0  0:06:06  0:03:44  0:02:22  340k
 61  345M   61  211M    0     0   961k      0  0:06:07  0:03:45  0:02:22  210k
 61  345M   61  211M    0     0   957k      0  0:06:09  0:03:46  0:02:23  126k
 61  345M   61  211M    0     0   952k      0  0:06:10  0:03:47  0:02:23 35905
 61  345M   61  211M    0     0   948k      0  0:06:12  0:03:48  0:02:24  2820
 61  345M   61  211M    0     0   948k      0  0:06:12  0:03:48  0:02:24  4007
 61  345M   61  211M    0     0   944k      0  0:06:14  0:03:49  0:02:25 16050
 61  345M   61  211M    0     0   940k      0  0:06:15  0:03:50  0:02:25 23802
 61  345M   61  211M    0     0   936k      0  0:06:17  0:03:51  0:02:26 39280
 61  345M   61  211M    0     0   932k      0  0:06:18  0:03:52  0:02:26 56095
 61  345M   61  211M    0     0   929k      0  0:06:20  0:03:53  0:02:27 58202
 61  345M   61  211M    0     0   925k      0  0:06:21  0:03:54  0:02:27 62097
 61  345M   61  212M    0     0   921k      0  0:06:23  0:03:55  0:02:28 65536
 61  345M   61  212M    0     0   918k      0  0:06:25  0:03:56  0:02:29 65772
 61  345M   61  212M    0     0   914k      0  0:06:26  0:03:57  0:02:29 61278
 61  345M   61  212M    0     0   910k      0  0:06:27  0:03:58  0:02:29 53248
 61  345M   61  212M    0     0   904k      0  0:06:30  0:04:00  0:02:30 66862
 61  345M   61  212M    0     0   904k      0  0:06:30  0:04:00  0:02:30 72219
 61  345M   61  212M    0     0   901k      0  0:06:32  0:04:01  0:02:31 90021
 61  345M   61  212M    0     0   898k      0  0:06:33  0:04:02  0:02:31  127k
 61  345M   61  213M    0     0   896k      0  0:06:34  0:04:03  0:02:31  211k
 62  345M   62  213M    0     0   896k      0  0:06:34  0:04:04  0:02:30  406k
 62  345M   62  215M    0     0   896k      0  0:06:34  0:04:05  0:02:29  546k
 62  345M   62  216M    0     0   897k      0  0:06:33  0:04:06  0:02:27  741k
 62  345M   62  217M    0     0   899k      0  0:06:32  0:04:07  0:02:25  946k
 63  345M   63  218M    0     0   901k      0  0:06:32  0:04:08  0:02:24 1126k
 64  345M   64  221M    0     0   906k      0  0:06:29  0:04:09  0:02:20 1422k
 64  345M   64  221M    0     0   904k      0  0:06:30  0:04:10  0:02:20 1297k
 64  345M   64  221M    0     0   902k      0  0:06:31  0:04:11  0:02:20 1143k
 64  345M   64  222M    0     0   902k      0  0:06:31  0:04:12  0:02:19 1043k
 64  345M   64  223M    0     0   902k      0  0:06:31  0:04:13  0:02:18  950k
 64  345M   64  223M    0     0   901k      0  0:06:32  0:04:14  0:02:18  609k
 65  345M   65  224M    0     0   900k      0  0:06:32  0:04:15  0:02:17  687k
 65  345M   65  225M    0     0   900k      0  0:06:32  0:04:16  0:02:16  790k
 65  345M   65  226M    0     0   901k      0  0:06:32  0:04:17  0:02:15  837k
 66  345M   66  227M    0     0   902k      0  0:06:31  0:04:18  0:02:13  932k
 66  345M   66  230M    0     0   908k      0  0:06:28  0:04:19  0:02:09 1297k
 67  345M   67  232M    0     0   912k      0  0:06:27  0:04:20  0:02:07 1490k
 67  345M   67  232M    0     0   909k      0  0:06:28  0:04:21  0:02:07 1385k
 67  345M   67  232M    0     0   907k      0  0:06:29  0:04:22  0:02:07 1240k
 67  345M   67  233M    0     0   905k      0  0:06:30  0:04:23  0:02:07 1069k
 67  345M   67  233M    0     0   904k      0  0:06:30  0:04:24  0:02:06  705k
 67  345M   67  234M    0     0   904k      0  0:06:30  0:04:25  0:02:05  490k
 68  345M   68  235M    0     0   903k      0  0:06:31  0:04:26  0:02:05  590k
 68  345M   68  236M    0     0   903k      0  0:06:31  0:04:27  0:02:04  711k
 68  345M   68  237M    0     0   904k      0  0:06:30  0:04:28  0:02:02  834k
 69  345M   69  238M    0     0   906k      0  0:06:29  0:04:29  0:02:00 1010k
 70  345M   70  241M    0     0   914k      0  0:06:26  0:04:30  0:01:56 1425k
 70  345M   70  242M    0     0   913k      0  0:06:26  0:04:31  0:01:55 1436k
 70  345M   70  242M    0     0   911k      0  0:06:27  0:04:32  0:01:55 1340k
 70  345M   70  243M    0     0   910k      0  0:06:28  0:04:33  0:01:55 1212k
 70  345M   70  243M    0     0   908k      0  0:06:28  0:04:34  0:01:54 1017k
 70  345M   70  244M    0     0   907k      0  0:06:29  0:04:35  0:01:54  523k
 70  345M   70  244M    0     0   907k      0  0:06:29  0:04:36  0:01:53  537k
 71  345M   71  245M    0     0   906k      0  0:06:29  0:04:37  0:01:52  626k
 71  345M   71  246M    0     0   906k      0  0:06:29  0:04:38  0:01:51  706k
 71  345M   71  247M    0     0   906k      0  0:06:30  0:04:39  0:01:51  750k
 72  345M   72  248M    0     0   908k      0  0:06:29  0:04:40  0:01:49  935k
 72  345M   72  249M    0     0   906k      0  0:06:29  0:04:41  0:01:48  888k
 72  345M   72  249M    0     0   904k      0  0:06:30  0:04:42  0:01:48  772k
 72  345M   72  249M    0     0   902k      0  0:06:31  0:04:43  0:01:48  658k
 72  345M   72  250M    0     0   900k      0  0:06:32  0:04:44  0:01:48  573k
 72  345M   72  250M    0     0   898k      0  0:06:33  0:04:45  0:01:48  365k
 72  345M   72  251M    0     0   897k      0  0:06:33  0:04:46  0:01:47  374k
 72  345M   72  251M    0     0   897k      0  0:06:34  0:04:47  0:01:47  474k
 73  345M   73  252M    0     0   896k      0  0:06:34  0:04:48  0:01:46  572k
 73  345M   73  253M    0     0   896k      0  0:06:34  0:04:49  0:01:45  694k
 73  345M   73  254M    0     0   898k      0  0:06:33  0:04:50  0:01:43  877k
 74  345M   74  257M    0     0   905k      0  0:06:30  0:04:51  0:01:39 1372k
 74  345M   74  258M    0     0   904k      0  0:06:30  0:04:52  0:01:38 1339k
 75  345M   75  258M    0     0   903k      0  0:06:31  0:04:53  0:01:38 1289k
 75  345M   75  259M    0     0   902k      0  0:06:31  0:04:54  0:01:37 1223k
 75  345M   75  260M    0     0   901k      0  0:06:31  0:04:55  0:01:36 1099k
 75  345M   75  261M    0     0   901k      0  0:06:31  0:04:56  0:01:35  651k
 75  345M   75  261M    0     0   901k      0  0:06:31  0:04:57  0:01:34  732k
 76  345M   76  262M    0     0   902k      0  0:06:31  0:04:58  0:01:33  835k
 76  345M   76  264M    0     0   902k      0  0:06:31  0:04:59  0:01:32  940k
 76  345M   76  265M    0     0   904k      0  0:06:30  0:05:00  0:01:30 1056k
 77  345M   77  269M    0     0   913k      0  0:06:26  0:05:01  0:01:25 1635k
 78  345M   78  269M    0     0   913k      0  0:06:26  0:05:02  0:01:24 1610k
 78  345M   78  270M    0     0   912k      0  0:06:27  0:05:03  0:01:24 1511k
 78  345M   78  270M    0     0   910k      0  0:06:28  0:05:04  0:01:24 1367k
 78  345M   78  271M    0     0   909k      0  0:06:28  0:05:05  0:01:23 1202k
 78  345M   78  271M    0     0   908k      0  0:06:29  0:05:06  0:01:23  585k
 79  345M   79  272M    0     0   908k      0  0:06:29  0:05:07  0:01:22  578k
 79  345M   79  273M    0     0   907k      0  0:06:29  0:05:08  0:01:21  652k
 79  345M   79  274M    0     0   908k      0  0:06:29  0:05:09  0:01:20  758k
 79  345M   79  275M    0     0   908k      0  0:06:28  0:05:10  0:01:18  876k
 80  345M   80  277M    0     0   912k      0  0:06:27  0:05:11  0:01:16 1132k
 81  345M   81  280M    0     0   917k      0  0:06:25  0:05:12  0:01:13 1509k
 81  345M   81  280M    0     0   915k      0  0:06:25  0:05:13  0:01:12 1409k
 81  345M   81  280M    0     0   913k      0  0:06:26  0:05:14  0:01:12 1250k
 81  345M   81  280M    0     0   911k      0  0:06:27  0:05:15  0:01:12 1061k
 81  345M   81  281M    0     0   909k      0  0:06:28  0:05:16  0:01:12  729k
 81  345M   81  281M    0     0   907k      0  0:06:29  0:05:17  0:01:12  272k
 81  345M   81  281M    0     0   906k      0  0:06:30  0:05:18  0:01:12  291k
 81  345M   81  282M    0     0   905k      0  0:06:30  0:05:19  0:01:11  376k
 82  345M   82  283M    0     0   904k      0  0:06:30  0:05:20  0:01:10  472k
 82  345M   82  283M    0     0   904k      0  0:06:30  0:05:21  0:01:09  605k
 82  345M   82  286M    0     0   908k      0  0:06:28  0:05:22  0:01:06  989k
 83  345M   83  286M    0     0   906k      0  0:06:29  0:05:23  0:01:06  943k
 83  345M   83  286M    0     0   904k      0  0:06:30  0:05:24  0:01:06  891k
 83  345M   83  287M    0     0   903k      0  0:06:31  0:05:25  0:01:06  839k
 83  345M   83  287M    0     0   902k      0  0:06:31  0:05:26  0:01:05  760k
 83  345M   83  288M    0     0   901k      0  0:06:32  0:05:27  0:01:05  424k
 83  345M   83  288M    0     0   900k      0  0:06:32  0:05:28  0:01:04  515k
 83  345M   83  289M    0     0   900k      0  0:06:32  0:05:29  0:01:03  619k
 84  345M   84  290M    0     0   900k      0  0:06:32  0:05:30  0:01:02  721k
 84  345M   84  291M    0     0   901k      0  0:06:31  0:05:31  0:01:00  863k
 85  345M   85  294M    0     0   907k      0  0:06:29  0:05:32  0:00:57 1311k
 86  345M   86  296M    0     0   911k      0  0:06:27  0:05:33  0:00:54 1615k
 86  345M   86  297M    0     0   910k      0  0:06:28  0:05:34  0:00:54 1523k
 86  345M   86  297M    0     0   909k      0  0:06:28  0:05:35  0:00:53 1471k
 86  345M   86  298M    0     0   908k      0  0:06:28  0:05:36  0:00:52 1366k
 86  345M   86  299M    0     0   908k      0  0:06:29  0:05:37  0:00:52  977k
 86  345M   86  300M    0     0   908k      0  0:06:29  0:05:38  0:00:51  677k
 87  345M   87  300M    0     0   907k      0  0:06:29  0:05:39  0:00:50  727k
 87  345M   87  301M    0     0   906k      0  0:06:29  0:05:40  0:00:49  716k
 87  345M   87  302M    0     0   905k      0  0:06:30  0:05:41  0:00:49  706k
 87  345M   87  302M    0     0   905k      0  0:06:30  0:05:42  0:00:48  693k
 88  345M   88  304M    0     0   907k      0  0:06:29  0:05:43  0:00:46  851k
 88  345M   88  304M    0     0   905k      0  0:06:30  0:05:44  0:00:46  767k
 88  345M   88  305M    0     0   904k      0  0:06:30  0:05:45  0:00:45  750k
 88  345M   88  305M    0     0   903k      0  0:06:31  0:05:46  0:00:45  749k
 88  345M   88  306M    0     0   902k      0  0:06:31  0:05:47  0:00:44  734k
 88  345M   88  307M    0     0   902k      0  0:06:31  0:05:48  0:00:43  572k
 89  345M   89  307M    0     0   901k      0  0:06:31  0:05:49  0:00:42  672k
 89  345M   89  308M    0     0   901k      0  0:06:32  0:05:50  0:00:42  710k
 89  345M   89  309M    0     0   901k      0  0:06:32  0:05:51  0:00:41  736k
 89  345M   89  310M    0     0   900k      0  0:06:32  0:05:52  0:00:40  738k
 90  345M   90  311M    0     0   901k      0  0:06:32  0:05:53  0:00:39  806k
 90  345M   90  311M    0     0   899k      0  0:06:32  0:05:54  0:00:38  727k
 90  345M   90  311M    0     0   897k      0  0:06:33  0:05:55  0:00:38  625k
 90  345M   90  312M    0     0   896k      0  0:06:34  0:05:56  0:00:38  598k
 90  345M   90  313M    0     0   896k      0  0:06:34  0:05:57  0:00:37  611k
 90  345M   90  313M    0     0   895k      0  0:06:34  0:05:58  0:00:36  518k
 91  345M   91  314M    0     0   895k      0  0:06:34  0:05:59  0:00:35  587k
 91  345M   91  315M    0     0   894k      0  0:06:34  0:06:00  0:00:34  715k
 91  345M   91  315M    0     0   894k      0  0:06:34  0:06:01  0:00:33  758k
 91  345M   91  316M    0     0   895k      0  0:06:34  0:06:02  0:00:32  803k
 92  345M   92  318M    0     0   897k      0  0:06:33  0:06:03  0:00:30 1015k
 93  345M   93  321M    0     0   904k      0  0:06:30  0:06:04  0:00:26 1573k
 93  345M   93  322M    0     0   903k      0  0:06:31  0:06:05  0:00:26 1552k
 93  345M   93  322M    0     0   902k      0  0:06:31  0:06:06  0:00:25 1435k
 93  345M   93  323M    0     0   900k      0  0:06:32  0:06:07  0:00:25 1304k
 93  345M   93  323M    0     0   899k      0  0:06:32  0:06:08  0:00:24 1063k
 93  345M   93  324M    0     0   898k      0  0:06:33  0:06:09  0:00:24  487k
 94  345M   94  324M    0     0   898k      0  0:06:33  0:06:10  0:00:23  480k
 94  345M   94  325M    0     0   897k      0  0:06:33  0:06:11  0:00:22  577k
 94  345M   94  326M    0     0   897k      0  0:06:33  0:06:12  0:00:21  676k
 94  345M   94  327M    0     0   897k      0  0:06:33  0:06:13  0:00:20  726k
 95  345M   95  328M    0     0   899k      0  0:06:33  0:06:14  0:00:19  931k
 95  345M   95  329M    0     0   897k      0  0:06:33  0:06:15  0:00:18  852k
 95  345M   95  329M    0     0   895k      0  0:06:34  0:06:16  0:00:18  739k
 95  345M   95  329M    0     0   894k      0  0:06:35  0:06:17  0:00:18  620k
 95  345M   95  330M    0     0   892k      0  0:06:35  0:06:18  0:00:17  551k
 95  345M   95  330M    0     0   891k      0  0:06:36  0:06:19  0:00:17  328k
 95  345M   95  330M    0     0   890k      0  0:06:36  0:06:20  0:00:16  367k
 96  345M   96  331M    0     0   889k      0  0:06:37  0:06:21  0:00:16  428k
 96  345M   96  332M    0     0   888k      0  0:06:37  0:06:22  0:00:15  488k
 96  345M   96  332M    0     0   888k      0  0:06:37  0:06:23  0:00:14  551k
 96  345M   96  333M    0     0   888k      0  0:06:37  0:06:24  0:00:13  651k
 97  345M   97  334M    0     0   889k      0  0:06:37  0:06:25  0:00:12  795k
 97  345M   97  334M    0     0   887k      0  0:06:38  0:06:26  0:00:12  718k
 97  345M   97  335M    0     0   885k      0  0:06:38  0:06:27  0:00:11  655k
 97  345M   97  335M    0     0   884k      0  0:06:39  0:06:28  0:00:11  592k
 97  345M   97  336M    0     0   883k      0  0:06:40  0:06:29  0:00:11  489k
 97  345M   97  336M    0     0   882k      0  0:06:40  0:06:30  0:00:10  365k
 97  345M   97  337M    0     0   882k      0  0:06:40  0:06:31  0:00:09  471k
 97  345M   97  338M    0     0   881k      0  0:06:40  0:06:32  0:00:08  576k
 98  345M   98  339M    0     0   882k      0  0:06:40  0:06:33  0:00:07  707k
 98  345M   98  340M    0     0   884k      0  0:06:39  0:06:34  0:00:05  928k
 99  345M   99  344M    0     0   891k      0  0:06:36  0:06:35  0:00:01 1559k
 99  345M   99  344M    0     0   890k      0  0:06:36  0:06:36 --:--:-- 1557k
100  345M  100  345M    0     0   889k      0  0:06:37  0:06:37 --:--:-- 1553k
  [label] archived inklabels/1_1um/20240304144031.png shape=(2400, 2560)
  [label] overlap=0.9999 raw_frac=0.15602 eroded_frac=0.08700
  [3/3] norm cached -> skip
[done] w018 (20240304144031)

======================================================================
p9b_487 (20250919125754)  id=20250919125754
======================================================================
/usr/local/lib/python3.10/dist-packages/zarr/creation.py:614: UserWarning: ignoring keyword argument 'zarr_format'
  compressor, fill_value = _kwargs_compat(compressor, fill_value, kwargs)
  [1/3] isotropic resample (31, 7040, 5700) @8.640um -> (28, 6497, 5260) @9.362um
  [resample] rows 118/6497
  [resample] rows 236/6497
  [resample] rows 354/6497
  [resample] rows 473/6497
  [resample] rows 591/6497
  [resample] rows 709/6497
  [resample] rows 827/6497
  [resample] rows 945/6497
  [resample] rows 1063/6497
  [resample] rows 1181/6497
  [resample] rows 1299/6497
  [resample] rows 1418/6497
  [resample] rows 1536/6497
  [resample] rows 1654/6497
  [resample] rows 1772/6497
  [resample] rows 1890/6497
  [resample] rows 2008/6497
  [resample] rows 2126/6497
  [resample] rows 2244/6497
  [resample] rows 2363/6497
  [resample] rows 2481/6497
  [resample] rows 2599/6497
  [resample] rows 2717/6497
  [resample] rows 2835/6497
  [resample] rows 2953/6497
  [resample] rows 3071/6497
  [resample] rows 3189/6497
  [resample] rows 3308/6497
  [resample] rows 3426/6497
  [resample] rows 3544/6497
  [resample] rows 3662/6497
  [resample] rows 3780/6497
  [resample] rows 3898/6497
  [resample] rows 4016/6497
  [resample] rows 4134/6497
  [resample] rows 4253/6497
  [resample] rows 4371/6497
  [resample] rows 4489/6497
  [resample] rows 4607/6497
  [resample] rows 4725/6497
  [resample] rows 4843/6497
  [resample] rows 4961/6497
  [resample] rows 5079/6497
  [resample] rows 5198/6497
  [resample] rows 5316/6497
  [resample] rows 5434/6497
  [resample] rows 5552/6497
  [resample] rows 5670/6497
  [resample] rows 5788/6497
  [resample] rows 5906/6497
  [resample] rows 6024/6497
  [resample] rows 6143/6497
  [resample] rows 6261/6497
  [resample] rows 6379/6497
  [resample] rows 6497/6497
  [mask] wrote masks/20250919125754.png from midslice valid_frac=0.764
  [resample] wrote /vesuvius/ves_zarrs2/20250919125754.zarr shape=(28, 6497, 5260)
  $ curl -L --fail --retry 5 --retry-delay 2 --continue-at - -o _ves_tmp/ink_20250919125754_0.tif https://vesuvius-challenge-open-data.s3.amazonaws.com/PHerc0009B/segments/20250919125754-auto_grown_20250919055754487_inp_hr/ink-detection/PHerc0009B-20250919125754-2.401um-0.35m-77keV-volume-20250820154339-20260417190342-new_canon_autoresearch_recipe-tile256-stride128.tif
  % Total    % Received % Xferd  Average Speed   Time    Time     Time  Current
                                 Dload  Upload   Total   Spent    Left  Speed

  0     0    0     0    0     0      0      0 --:--:-- --:--:-- --:--:--     0
  0 47.7M    0  236k    0     0   281k      0  0:02:53 --:--:--  0:02:53  281k
  9 47.7M    9 4884k    0     0  2642k      0  0:00:18  0:00:01  0:00:17 2641k
 24 47.7M   24 11.5M    0     0  4166k      0  0:00:11  0:00:02  0:00:09 4166k
 45 47.7M   45 21.6M    0     0  5773k      0  0:00:08  0:00:03  0:00:05 5772k
 61 47.7M   61 29.3M    0     0  6216k      0  0:00:07  0:00:04  0:00:03 6215k
 79 47.7M   79 37.8M    0     0  6632k      0  0:00:07  0:00:05  0:00:02 7698k
 97 47.7M   97 46.7M    0     0  6994k      0  0:00:06  0:00:06 --:--:-- 8606k
100 47.7M  100 47.7M    0     0  7033k      0  0:00:06  0:00:06 --:--:-- 9014k
  [label] archived inklabels/2_4um/20250919125754.png shape=(6497, 5260)
  [label] overlap=0.9999 raw_frac=0.11736 eroded_frac=0.04996
  $ /bin/python precompute_norm.py --scroll-id 20250919125754 --zarr-path /vesuvius/ves_zarrs2
[norm] 20250919125754 vol=(28,6497,5260) chunk_z=8 mask_valid=0.764
[norm]   z 0:8 done  n=208749760
[norm]   z 8:16 done  n=417499520
[norm]   z 16:24 done  n=626249280
[norm]   z 24:28 done  n=730624160
[norm] 20250919125754 mean=96.7867 std=32.6074 norm_min=-2.9682 norm_max=4.8521
[done] p9b_487 (20250919125754)

======================================================================
p9b_722 (20250919131352)  id=20250919131352
======================================================================
/usr/local/lib/python3.10/dist-packages/zarr/creation.py:614: UserWarning: ignoring keyword argument 'zarr_format'
  compressor, fill_value = _kwargs_compat(compressor, fill_value, kwargs)
  [1/3] isotropic resample (31, 7640, 5700) @8.640um -> (28, 7051, 5260) @9.362um
  [resample] rows 118/7051
  [resample] rows 236/7051
  [resample] rows 354/7051
  [resample] rows 473/7051
  [resample] rows 591/7051
  [resample] rows 709/7051
  [resample] rows 827/7051
  [resample] rows 945/7051
  [resample] rows 1063/7051
  [resample] rows 1181/7051
  [resample] rows 1299/7051
  [resample] rows 1418/7051
  [resample] rows 1536/7051
  [resample] rows 1654/7051
  [resample] rows 1772/7051
  [resample] rows 1890/7051
  [resample] rows 2008/7051
  [resample] rows 2126/7051
  [resample] rows 2245/7051
  [resample] rows 2363/7051
  [resample] rows 2481/7051
  [resample] rows 2599/7051
  [resample] rows 2717/7051
  [resample] rows 2835/7051
  [resample] rows 2953/7051
  [resample] rows 3071/7051
  [resample] rows 3190/7051
  [resample] rows 3308/7051
  [resample] rows 3426/7051
  [resample] rows 3544/7051
  [resample] rows 3662/7051
  [resample] rows 3780/7051
  [resample] rows 3898/7051
  [resample] rows 4016/7051
  [resample] rows 4135/7051
  [resample] rows 4253/7051
  [resample] rows 4371/7051
  [resample] rows 4489/7051
  [resample] rows 4607/7051
  [resample] rows 4725/7051
  [resample] rows 4843/7051
  [resample] rows 4962/7051
  [resample] rows 5080/7051
  [resample] rows 5198/7051
  [resample] rows 5316/7051
  [resample] rows 5434/7051
  [resample] rows 5552/7051
  [resample] rows 5670/7051
  [resample] rows 5788/7051
  [resample] rows 5907/7051
  [resample] rows 6025/7051
  [resample] rows 6143/7051
  [resample] rows 6261/7051
  [resample] rows 6379/7051
  [resample] rows 6497/7051
  [resample] rows 6615/7051
  [resample] rows 6734/7051
  [resample] rows 6852/7051
  [resample] rows 6970/7051
  [resample] rows 7051/7051
  [mask] wrote masks/20250919131352.png from midslice valid_frac=0.687
  [resample] wrote /vesuvius/ves_zarrs2/20250919131352.zarr shape=(28, 7051, 5260)
  $ curl -L --fail --retry 5 --retry-delay 2 --continue-at - -o _ves_tmp/ink_20250919131352_0.tif https://vesuvius-challenge-open-data.s3.amazonaws.com/PHerc0009B/segments/20250919131352-auto_grown_20250919061352722_inp_hr/ink-detection/PHerc0009B-20250919131352-2.401um-0.35m-77keV-volume-20250820154339-20260417190342-new_canon_autoresearch_recipe-tile256-stride128.tif
  % Total    % Received % Xferd  Average Speed   Time    Time     Time  Current
                                 Dload  Upload   Total   Spent    Left  Speed

  0     0    0     0    0     0      0      0 --:--:-- --:--:-- --:--:--     0
  0 45.0M    0 69179    0     0  82183      0  0:09:35 --:--:--  0:09:35 82160
  5 45.0M    5 2600k    0     0  1411k      0  0:00:32  0:00:01  0:00:31 1411k
 12 45.0M   12 5745k    0     0  2027k      0  0:00:22  0:00:02  0:00:20 2026k
 20 45.0M   20 9417k    0     0  2456k      0  0:00:18  0:00:03  0:00:15 2455k
 28 45.0M   28 13.0M    0     0  2756k      0  0:00:16  0:00:04  0:00:12 2756k
 37 45.0M   37 17.0M    0     0  2994k      0  0:00:15  0:00:05  0:00:10 3484k
 47 45.0M   47 21.2M    0     0  3178k      0  0:00:14  0:00:06  0:00:08 3830k
 56 45.0M   56 25.4M    0     0  3320k      0  0:00:13  0:00:07  0:00:06 4053k
 67 45.0M   67 30.6M    0     0  3548k      0  0:00:13  0:00:08  0:00:05 4386k
 80 45.0M   80 36.2M    0     0  3773k      0  0:00:12  0:00:09  0:00:03 4756k
 89 45.0M   89 40.1M    0     0  3794k      0  0:00:12  0:00:10  0:00:02 4728k
 98 45.0M   98 44.5M    0     0  3857k      0  0:00:11  0:00:11 --:--:-- 4786k
100 45.0M  100 45.0M    0     0  3865k      0  0:00:11  0:00:11 --:--:-- 4908k
  [label] archived inklabels/2_4um/20250919131352.png shape=(7051, 5260)
  [label] overlap=0.9986 raw_frac=0.09279 eroded_frac=0.03915
  $ /bin/python precompute_norm.py --scroll-id 20250919131352 --zarr-path /vesuvius/ves_zarrs2
[norm] 20250919131352 vol=(28,7051,5260) chunk_z=8 mask_valid=0.687
[norm]   z 0:8 done  n=203739032
[norm]   z 8:16 done  n=407478064
[norm]   z 16:24 done  n=611217096
[norm]   z 24:28 done  n=713086612
[norm] 20250919131352 mean=96.2915 std=34.2931 norm_min=-2.8079 norm_max=4.6280
[done] p9b_722 (20250919131352)

======================================================================
paris4 (20231210121321)  id=20231210121321
======================================================================
/usr/local/lib/python3.10/dist-packages/zarr/creation.py:614: UserWarning: ignoring keyword argument 'zarr_format'
  compressor, fill_value = _kwargs_compat(compressor, fill_value, kwargs)
  [1/3] level-2 pool (109, 12750, 9995) crop=(0, 12750, 0, 9995) depth=109->28 output=(28, 12750, 9995)
  [pool] rows 128/12750
  [pool] rows 256/12750
  [pool] rows 384/12750
  [pool] rows 512/12750
  [pool] rows 640/12750
  [pool] rows 768/12750
  [pool] rows 896/12750
  [pool] rows 1024/12750
  [pool] rows 1152/12750
  [pool] rows 1280/12750
  [pool] rows 1408/12750
  [pool] rows 1536/12750
  [pool] rows 1664/12750
  [pool] rows 1792/12750
  [pool] rows 1920/12750
  [pool] rows 2048/12750
  [pool] rows 2176/12750
  [pool] rows 2304/12750
  [pool] rows 2432/12750
  [pool] rows 2560/12750
  [pool] rows 2688/12750
  [pool] rows 2816/12750
  [pool] rows 2944/12750
  [pool] rows 3072/12750
  [pool] rows 3200/12750
  [pool] rows 3328/12750
  [pool] rows 3456/12750
  [pool] rows 3584/12750
  [pool] rows 3712/12750
  [pool] rows 3840/12750
  [pool] rows 3968/12750
  [pool] rows 4096/12750
  [pool] rows 4224/12750
  [pool] rows 4352/12750
  [pool] rows 4480/12750
  [pool] rows 4608/12750
  [pool] rows 4736/12750
  [pool] rows 4864/12750
  [pool] rows 4992/12750
  [pool] rows 5120/12750
  [pool] rows 5248/12750
  [pool] rows 5376/12750
  [pool] rows 5504/12750
  [pool] rows 5632/12750
  [pool] rows 5760/12750
  [pool] rows 5888/12750
  [pool] rows 6016/12750
  [pool] rows 6144/12750
  [pool] rows 6272/12750
  [pool] rows 6400/12750
  [pool] rows 6528/12750
  [pool] rows 6656/12750
  [pool] rows 6784/12750
  [pool] rows 6912/12750
  [pool] rows 7040/12750
  [pool] rows 7168/12750
  [pool] rows 7296/12750
  [pool] rows 7424/12750
  [pool] rows 7552/12750
  [pool] rows 7680/12750
  [pool] rows 7808/12750
  [pool] rows 7936/12750
  [pool] rows 8064/12750
  [pool] rows 8192/12750
  [pool] rows 8320/12750
  [pool] rows 8448/12750
  [pool] rows 8576/12750
  [pool] rows 8704/12750
  [pool] rows 8832/12750
  [pool] rows 8960/12750
  [pool] rows 9088/12750
  [pool] rows 9216/12750
  [pool] rows 9344/12750
  [pool] rows 9472/12750
  [pool] rows 9600/12750
  [pool] rows 9728/12750
  [pool] rows 9856/12750
  [pool] rows 9984/12750
  [pool] rows 10112/12750
  [pool] rows 10240/12750
  [pool] rows 10368/12750
  [pool] rows 10496/12750
  [pool] rows 10624/12750
  [pool] rows 10752/12750
  [pool] rows 10880/12750
  [pool] rows 11008/12750
  [pool] rows 11136/12750
  [pool] rows 11264/12750
  [pool] rows 11392/12750
  [pool] rows 11520/12750
  [pool] rows 11648/12750
  [pool] rows 11776/12750
  [pool] rows 11904/12750
  [pool] rows 12032/12750
  [pool] rows 12160/12750
  [pool] rows 12288/12750
  [pool] rows 12416/12750
  [pool] rows 12544/12750
  [pool] rows 12672/12750
  [pool] rows 12750/12750
  [mask] wrote masks/20231210121321.png from midslice valid_frac=0.862
  [pool] wrote /vesuvius/ves_zarrs2/20231210121321.zarr shape=(28, 12750, 9995)
  $ curl -L --fail --retry 5 --retry-delay 2 --continue-at - -o _ves_tmp/ink_20231210121321_0.tif https://vesuvius-challenge-open-data.s3.amazonaws.com/PHercParis4/segments/20231210121321/ink-detection/PHercParis4-20231210121321-2.4um-0.22m-78keV-volume-20260411134726-20260417190342-new_canon_autoresearch_recipe-tile256-stride128.tif
  % Total    % Received % Xferd  Average Speed   Time    Time     Time  Current
                                 Dload  Upload   Total   Spent    Left  Speed

  0     0    0     0    0     0      0      0 --:--:-- --:--:-- --:--:--     0
  0  182M    0     0    0     0      0      0 --:--:-- --:--:-- --:--:--     0
  1  182M    1 2600k    0     0  1805k      0  0:01:43  0:00:01  0:01:42 1804k
  4  182M    4 7946k    0     0  3281k      0  0:00:57  0:00:02  0:00:55 3281k
  6  182M    6 10.9M    0     0  3292k      0  0:00:56  0:00:03  0:00:53 3291k
  7  182M    7 13.5M    0     0  3130k      0  0:00:59  0:00:04  0:00:55 3130k
  9  182M    9 16.4M    0     0  3108k      0  0:01:00  0:00:05  0:00:55 3473k
 10  182M   10 18.6M    0     0  2981k      0  0:01:02  0:00:06  0:00:56 3320k
 11  182M   11 20.5M    0     0  2840k      0  0:01:05  0:00:07  0:00:58 2626k
 12  182M   12 22.6M    0     0  2749k      0  0:01:08  0:00:08  0:01:00 2378k
 13  182M   13 24.6M    0     0  2682k      0  0:01:09  0:00:09  0:01:00 2285k
 14  182M   14 26.8M    0     0  2638k      0  0:01:10  0:00:10  0:01:00 2129k
 15  182M   15 28.3M    0     0  2546k      0  0:01:13  0:00:11  0:01:02 1987k
 16  182M   16 29.6M    0     0  2445k      0  0:01:16  0:00:12  0:01:04 1859k
 16  182M   16 30.8M    0     0  2357k      0  0:01:19  0:00:13  0:01:06 1695k
 17  182M   17 32.1M    0     0  2283k      0  0:01:21  0:00:14  0:01:07 1531k
 18  182M   18 33.6M    0     0  2234k      0  0:01:23  0:00:15  0:01:08 1390k
 19  182M   19 35.2M    0     0  2196k      0  0:01:25  0:00:16  0:01:09 1397k
 20  182M   20 36.6M    0     0  2151k      0  0:01:26  0:00:17  0:01:09 1422k
 21  182M   21 38.8M    0     0  2157k      0  0:01:26  0:00:18  0:01:08 1623k
 22  182M   22 40.8M    0     0  2155k      0  0:01:26  0:00:19  0:01:07 1787k
 23  182M   23 42.7M    0     0  2143k      0  0:01:27  0:00:20  0:01:07 1863k
 24  182M   24 44.6M    0     0  2133k      0  0:01:27  0:00:21  0:01:06 1925k
 25  182M   25 46.7M    0     0  2133k      0  0:01:27  0:00:22  0:01:05 2070k
 26  182M   26 48.7M    0     0  2132k      0  0:01:27  0:00:23  0:01:04 2038k
 27  182M   27 50.7M    0     0  2126k      0  0:01:27  0:00:24  0:01:03 2014k
 28  182M   28 52.1M    0     0  2098k      0  0:01:29  0:00:25  0:01:04 1915k
 29  182M   29 53.6M    0     0  2077k      0  0:01:30  0:00:26  0:01:04 1838k
 29  182M   29 54.7M    0     0  2043k      0  0:01:31  0:00:27  0:01:04 1638k
 30  182M   30 55.8M    0     0  2011k      0  0:01:32  0:00:28  0:01:04 1444k
 31  182M   31 57.0M    0     0  1984k      0  0:01:34  0:00:29  0:01:05 1287k
 31  182M   31 57.9M    0     0  1949k      0  0:01:35  0:00:30  0:01:05 1191k
 32  182M   32 58.5M    0     0  1907k      0  0:01:38  0:00:31  0:01:07 1010k
 32  182M   32 58.8M    0     0  1860k      0  0:01:40  0:00:32  0:01:08  857k
 32  182M   32 59.0M    0     0  1808k      0  0:01:43  0:00:33  0:01:10  661k
 32  182M   32 59.2M    0     0  1761k      0  0:01:46  0:00:34  0:01:12  453k
 32  182M   32 59.3M    0     0  1714k      0  0:01:49  0:00:35  0:01:14  297k
 32  182M   32 59.6M    0     0  1674k      0  0:01:51  0:00:36  0:01:15  216k
 32  182M   32 59.8M    0     0  1637k      0  0:01:54  0:00:37  0:01:17  194k
 32  182M   32 60.2M    0     0  1604k      0  0:01:56  0:00:38  0:01:18  232k
 33  182M   33 60.6M    0     0  1576k      0  0:01:58  0:00:39  0:01:19  297k
 33  182M   33 61.2M    0     0  1552k      0  0:02:00  0:00:40  0:01:20  393k
 33  182M   33 61.9M    0     0  1532k      0  0:02:02  0:00:41  0:01:21  486k
 34  182M   34 62.7M    0     0  1515k      0  0:02:03  0:00:42  0:01:21  599k
 34  182M   34 63.6M    0     0  1500k      0  0:02:04  0:00:43  0:01:21  704k
 35  182M   35 64.9M    0     0  1497k      0  0:02:04  0:00:44  0:01:20  877k
 36  182M   36 66.8M    0     0  1506k      0  0:02:04  0:00:45  0:01:19 1131k
 37  182M   37 69.2M    0     0  1528k      0  0:02:02  0:00:46  0:01:16 1498k
 39  182M   39 71.6M    0     0  1546k      0  0:02:00  0:00:47  0:01:13 1809k
 40  182M   40 73.0M    0     0  1545k      0  0:02:01  0:00:48  0:01:13 1932k
 40  182M   40 74.4M    0     0  1542k      0  0:02:01  0:00:49  0:01:12 1937k
 41  182M   41 75.5M    0     0  1535k      0  0:02:01  0:00:50  0:01:11 1796k
 41  182M   41 76.6M    0     0  1525k      0  0:02:02  0:00:51  0:01:11 1499k
 42  182M   42 77.1M    0     0  1506k      0  0:02:04  0:00:52  0:01:12 1127k
 42  182M   42 77.4M    0     0  1484k      0  0:02:06  0:00:53  0:01:13  894k
 42  182M   42 77.6M    0     0  1457k      0  0:02:08  0:00:54  0:01:14  640k
 42  182M   42 77.7M    0     0  1435k      0  0:02:10  0:00:55  0:01:15  434k
 42  182M   42 77.8M    0     0  1411k      0  0:02:12  0:00:56  0:01:16  244k
 42  182M   42 77.8M    0     0  1385k      0  0:02:14  0:00:57  0:01:17  155k
 42  182M   42 77.9M    0     0  1363k      0  0:02:17  0:00:58  0:01:19 96755
 42  182M   42 77.9M    0     0  1342k      0  0:02:19  0:00:59  0:01:20 72847
 42  182M   42 77.9M    0     0  1320k      0  0:02:21  0:01:00  0:01:21 58653
 42  182M   42 78.0M    0     0  1301k      0  0:02:23  0:01:01  0:01:22 58899
 42  182M   42 78.2M    0     0  1282k      0  0:02:25  0:01:02  0:01:23 73666
 42  182M   42 78.3M    0     0  1263k      0  0:02:27  0:01:03  0:01:24 89115
 42  182M   42 78.4M    0     0  1245k      0  0:02:30  0:01:04  0:01:26   98k
 42  182M   42 78.4M    0     0  1227k      0  0:02:32  0:01:05  0:01:27 98917
 42  182M   42 78.4M    0     0  1209k      0  0:02:34  0:01:06  0:01:28 75851
 42  182M   42 78.4M    0     0  1191k      0  0:02:36  0:01:07  0:01:29 46077
 42  182M   42 78.4M    0     0  1174k      0  0:02:39  0:01:08  0:01:31 23150
 42  182M   42 78.4M    0     0  1157k      0  0:02:41  0:01:09  0:01:32  3329
 42  182M   42 78.4M    0     0  1140k      0  0:02:43  0:01:10  0:01:33     0
 42  182M   42 78.4M    0     0  1124k      0  0:02:46  0:01:11  0:01:35  3254
 43  182M   43 78.5M    0     0  1110k      0  0:02:48  0:01:12  0:01:36 22855
 43  182M   43 78.6M    0     0  1096k      0  0:02:50  0:01:13  0:01:37 32840
 43  182M   43 78.7M    0     0  1082k      0  0:02:52  0:01:14  0:01:38 55672
 43  182M   43 78.9M    0     0  1072k      0  0:02:54  0:01:15  0:01:39  105k
 43  182M   43 79.4M    0     0  1064k      0  0:02:55  0:01:16  0:01:39  196k
 43  182M   43 79.9M    0     0  1057k      0  0:02:56  0:01:17  0:01:39  279k
 44  182M   44 80.4M    0     0  1050k      0  0:02:58  0:01:18  0:01:40  377k
 44  182M   44 81.0M    0     0  1045k      0  0:02:58  0:01:19  0:01:39  487k
 44  182M   44 82.0M    0     0  1044k      0  0:02:59  0:01:20  0:01:39  627k
 45  182M   45 83.0M    0     0  1044k      0  0:02:59  0:01:21  0:01:38  740k
 46  182M   46 84.2M    0     0  1046k      0  0:02:58  0:01:22  0:01:36  884k
 46  182M   46 85.3M    0     0  1047k      0  0:02:58  0:01:23  0:01:35 1003k
 47  182M   47 86.4M    0     0  1048k      0  0:02:58  0:01:24  0:01:34 1094k
 47  182M   47 87.3M    0     0  1047k      0  0:02:58  0:01:25  0:01:33 1093k
 48  182M   48 88.2M    0     0  1045k      0  0:02:58  0:01:26  0:01:32 1062k
 48  182M   48 88.9M    0     0  1042k      0  0:02:59  0:01:27  0:01:32  972k
 49  182M   49 89.6M    0     0  1037k      0  0:03:00  0:01:28  0:01:32  872k
 49  182M   49 89.9M    0     0  1030k      0  0:03:01  0:01:29  0:01:32  727k
 49  182M   49 90.1M    0     0  1020k      0  0:03:03  0:01:30  0:01:33  574k
 49  182M   49 90.3M    0     0  1011k      0  0:03:04  0:01:31  0:01:33  432k
 49  182M   49 90.7M    0     0  1005k      0  0:03:06  0:01:32  0:01:34  355k
 49  182M   49 91.1M    0     0   999k      0  0:03:07  0:01:33  0:01:34  316k
 50  182M   50 91.7M    0     0   994k      0  0:03:08  0:01:34  0:01:34  353k
 50  182M   50 92.3M    0     0   991k      0  0:03:08  0:01:35  0:01:33  450k
 51  182M   51 93.3M    0     0   990k      0  0:03:08  0:01:36  0:01:32  610k
 51  182M   51 94.3M    0     0   991k      0  0:03:08  0:01:37  0:01:31  732k
 52  182M   52 95.6M    0     0   994k      0  0:03:08  0:01:38  0:01:30  917k
 53  182M   53 97.4M    0     0  1003k      0  0:03:06  0:01:39  0:01:27 1172k
 54  182M   54 99.3M    0     0  1012k      0  0:03:04  0:01:40  0:01:24 1418k
 55  182M   55  101M    0     0  1020k      0  0:03:03  0:01:41  0:01:22 1594k
 56  182M   56  102M    0     0  1029k      0  0:03:01  0:01:42  0:01:19 1766k
 57  182M   57  104M    0     0  1036k      0  0:03:00  0:01:43  0:01:17 1856k
 57  182M   57  105M    0     0  1034k      0  0:03:00  0:01:44  0:01:16 1651k
 57  182M   57  105M    0     0  1025k      0  0:03:02  0:01:45  0:01:17 1292k
 57  182M   57  105M    0     0  1017k      0  0:03:03  0:01:46  0:01:17  944k
 57  182M   57  105M    0     0  1007k      0  0:03:05  0:01:47  0:01:18  582k
 57  182M   57  105M    0     0   999k      0  0:03:07  0:01:48  0:01:19  231k
 57  182M   57  105M    0     0   986k      0  0:03:09  0:01:49  0:01:20 63810
 57  182M   57  105M    0     0   980k      0  0:03:10  0:01:50  0:01:20 41413
 57  182M   57  105M    0     0   972k      0  0:03:12  0:01:51  0:01:21 19919
 57  182M   57  105M    0     0   956k      0  0:03:15  0:01:53  0:01:22  8521
 57  182M   57  105M    0     0   955k      0  0:03:15  0:01:53  0:01:22 12962
 58  182M   58  106M    0     0   948k      0  0:03:17  0:01:54  0:01:23 35287
 58  182M   58  106M    0     0   940k      0  0:03:18  0:01:55  0:01:23 50693
 58  182M   58  106M    0     0   933k      0  0:03:20  0:01:56  0:01:24 65431
 58  182M   58  106M    0     0   927k      0  0:03:21  0:01:57  0:01:24  108k
 58  182M   58  106M    0     0   921k      0  0:03:23  0:01:58  0:01:25  136k
 58  182M   58  106M    0     0   916k      0  0:03:24  0:01:59  0:01:25  181k
 58  182M   58  107M    0     0   912k      0  0:03:25  0:02:00  0:01:25  247k
 59  182M   59  107M    0     0   908k      0  0:03:25  0:02:01  0:01:24  327k
 59  182M   59  108M    0     0   905k      0  0:03:26  0:02:02  0:01:24  395k
 59  182M   59  108M    0     0   902k      0  0:03:27  0:02:03  0:01:24  450k
 59  182M   59  109M    0     0   900k      0  0:03:27  0:02:04  0:01:23  530k
 60  182M   60  110M    0     0   898k      0  0:03:28  0:02:05  0:01:23  553k
 60  182M   60  110M    0     0   894k      0  0:03:29  0:02:06  0:01:23  538k
 60  182M   60  110M    0     0   889k      0  0:03:30  0:02:07  0:01:23  510k
 60  182M   60  111M    0     0   886k      0  0:03:31  0:02:08  0:01:23  487k
 61  182M   61  111M    0     0   881k      0  0:03:32  0:02:09  0:01:23  402k
 61  182M   61  111M    0     0   876k      0  0:03:33  0:02:10  0:01:23  348k
 61  182M   61  111M    0     0   872k      0  0:03:34  0:02:11  0:01:23  319k
 61  182M   61  112M    0     0   867k      0  0:03:35  0:02:12  0:01:23  297k
 61  182M   61  112M    0     0   862k      0  0:03:36  0:02:13  0:01:23  265k
 61  182M   61  112M    0     0   858k      0  0:03:37  0:02:14  0:01:23  261k
 61  182M   61  113M    0     0   854k      0  0:03:38  0:02:15  0:01:23  269k
 62  182M   62  113M    0     0   851k      0  0:03:39  0:02:16  0:01:23  294k
 62  182M   62  113M    0     0   848k      0  0:03:40  0:02:17  0:01:23  341k
 62  182M   62  114M    0     0   846k      0  0:03:40  0:02:18  0:01:22  409k
 62  182M   62  115M    0     0   845k      0  0:03:41  0:02:19  0:01:22  480k
 63  182M   63  115M    0     0   843k      0  0:03:41  0:02:20  0:01:21  547k
 63  182M   63  116M    0     0   842k      0  0:03:42  0:02:21  0:01:21  605k
 64  182M   64  117M    0     0   841k      0  0:03:42  0:02:22  0:01:20  657k
 64  182M   64  117M    0     0   841k      0  0:03:42  0:02:23  0:01:19  690k
 64  182M   64  118M    0     0   839k      0  0:03:42  0:02:24  0:01:18  695k
 65  182M   65  119M    0     0   840k      0  0:03:42  0:02:25  0:01:17  746k
 65  182M   65  119M    0     0   838k      0  0:03:43  0:02:26  0:01:17  726k
 65  182M   65  120M    0     0   836k      0  0:03:43  0:02:27  0:01:16  689k
 66  182M   66  120M    0     0   833k      0  0:03:44  0:02:28  0:01:16  630k
 66  182M   66  121M    0     0   831k      0  0:03:45  0:02:29  0:01:16  579k
 66  182M   66  121M    0     0   828k      0  0:03:45  0:02:30  0:01:15  470k
 66  182M   66  121M    0     0   824k      0  0:03:46  0:02:31  0:01:15  410k
 66  182M   66  122M    0     0   820k      0  0:03:47  0:02:32  0:01:15  359k
 66  182M   66  122M    0     0   816k      0  0:03:49  0:02:33  0:01:16  303k
 67  182M   67  122M    0     0   812k      0  0:03:50  0:02:34  0:01:16  261k
 67  182M   67  123M    0     0   810k      0  0:03:50  0:02:35  0:01:15  288k
 67  182M   67  123M    0     0   808k      0  0:03:51  0:02:36  0:01:15  323k
 67  182M   67  124M    0     0   806k      0  0:03:51  0:02:37  0:01:14  376k
 68  182M   68  124M    0     0   805k      0  0:03:52  0:02:38  0:01:14  465k
 68  182M   68  125M    0     0   803k      0  0:03:52  0:02:39  0:01:13  502k
 68  182M   68  125M    0     0   800k      0  0:03:53  0:02:40  0:01:13  491k
 68  182M   68  125M    0     0   798k      0  0:03:54  0:02:41  0:01:13  493k
 69  182M   69  126M    0     0   796k      0  0:03:54  0:02:42  0:01:12  480k
 69  182M   69  126M    0     0   794k      0  0:03:55  0:02:43  0:01:12  436k
 69  182M   69  127M    0     0   791k      0  0:03:56  0:02:44  0:01:12  431k
 69  182M   69  127M    0     0   790k      0  0:03:56  0:02:45  0:01:11  470k
 70  182M   70  128M    0     0   788k      0  0:03:57  0:02:46  0:01:11  470k
 70  182M   70  128M    0     0   787k      0  0:03:57  0:02:47  0:01:10  480k
 70  182M   70  129M    0     0   786k      0  0:03:57  0:02:48  0:01:09  522k
 71  182M   71  129M    0     0   785k      0  0:03:58  0:02:49  0:01:09  587k
 71  182M   71  130M    0     0   784k      0  0:03:58  0:02:50  0:01:08  579k
 71  182M   71  131M    0     0   783k      0  0:03:58  0:02:51  0:01:07  614k
 72  182M   72  131M    0     0   783k      0  0:03:58  0:02:52  0:01:06  646k
 72  182M   72  132M    0     0   781k      0  0:03:59  0:02:53  0:01:06  629k
 72  182M   72  132M    0     0   780k      0  0:03:59  0:02:54  0:01:05  604k
 73  182M   73  133M    0     0   779k      0  0:03:59  0:02:55  0:01:04  614k
 73  182M   73  134M    0     0   779k      0  0:03:59  0:02:56  0:01:03  633k
 73  182M   73  134M    0     0   778k      0  0:04:00  0:02:57  0:01:03  623k
 74  182M   74  135M    0     0   776k      0  0:04:00  0:02:58  0:01:02  596k
 74  182M   74  135M    0     0   774k      0  0:04:01  0:02:59  0:01:02  572k
 74  182M   74  136M    0     0   773k      0  0:04:01  0:03:00  0:01:01  546k
 74  182M   74  136M    0     0   772k      0  0:04:02  0:03:01  0:01:01  518k
 75  182M   75  137M    0     0   771k      0  0:04:02  0:03:02  0:01:00  513k
 75  182M   75  138M    0     0   771k      0  0:04:02  0:03:03  0:00:59  582k
 76  182M   76  138M    0     0   771k      0  0:04:02  0:03:04  0:00:58  656k
 76  182M   76  139M    0     0   772k      0  0:04:02  0:03:05  0:00:57  758k
 77  182M   77  141M    0     0   775k      0  0:04:01  0:03:06  0:00:55  889k
 77  182M   77  141M    0     0   775k      0  0:04:01  0:03:07  0:00:54  931k
 78  182M   78  142M    0     0   775k      0  0:04:01  0:03:08  0:00:53  931k
 78  182M   78  143M    0     0   774k      0  0:04:01  0:03:09  0:00:52  873k
 78  182M   78  143M    0     0   772k      0  0:04:02  0:03:10  0:00:52  772k
 78  182M   78  144M    0     0   770k      0  0:04:02  0:03:11  0:00:51  585k
 78  182M   78  144M    0     0   767k      0  0:04:03  0:03:12  0:00:51  472k
 79  182M   79  144M    0     0   764k      0  0:04:04  0:03:13  0:00:51  361k
 79  182M   79  144M    0     0   761k      0  0:04:05  0:03:14  0:00:51  281k
 79  182M   79  144M    0     0   757k      0  0:04:06  0:03:15  0:00:51  193k
 79  182M   79  144M    0     0   755k      0  0:04:07  0:03:16  0:00:51  175k
 79  182M   79  145M    0     0   752k      0  0:04:08  0:03:17  0:00:51  163k
 79  182M   79  145M    0     0   750k      0  0:04:09  0:03:18  0:00:51  195k
 79  182M   79  145M    0     0   748k      0  0:04:09  0:03:19  0:00:50  251k
 80  182M   80  146M    0     0   747k      0  0:04:10  0:03:20  0:00:50  337k
 80  182M   80  146M    0     0   746k      0  0:04:10  0:03:21  0:00:49  421k
 80  182M   80  147M    0     0   748k      0  0:04:09  0:03:22  0:00:47  581k
 81  182M   81  149M    0     0   750k      0  0:04:09  0:03:23  0:00:46  741k
 82  182M   82  150M    0     0   752k      0  0:04:08  0:03:24  0:00:44  912k
 82  182M   82  151M    0     0   754k      0  0:04:07  0:03:25  0:00:42 1036k
 83  182M   83  152M    0     0   757k      0  0:04:07  0:03:26  0:00:41 1163k
 84  182M   84  153M    0     0   758k      0  0:04:06  0:03:27  0:00:39 1186k
 84  182M   84  154M    0     0   758k      0  0:04:06  0:03:28  0:00:38 1110k
 84  182M   84  155M    0     0   758k      0  0:04:06  0:03:29  0:00:37  984k
 85  182M   85  155M    0     0   756k      0  0:04:07  0:03:30  0:00:37  841k
 85  182M   85  155M    0     0   754k      0  0:04:07  0:03:31  0:00:36  643k
 85  182M   85  155M    0     0   751k      0  0:04:08  0:03:32  0:00:36  457k
 85  182M   85  156M    0     0   748k      0  0:04:09  0:03:33  0:00:36  321k
 85  182M   85  156M    0     0   745k      0  0:04:10  0:03:34  0:00:36  196k
 85  182M   85  156M    0     0   742k      0  0:04:11  0:03:35  0:00:36  144k
 85  182M   85  156M    0     0   739k      0  0:04:12  0:03:36  0:00:36  106k
 85  182M   85  156M    0     0   737k      0  0:04:13  0:03:37  0:00:36  125k
 85  182M   85  156M    0     0   735k      0  0:04:14  0:03:38  0:00:36  176k
 86  182M   86  157M    0     0   734k      0  0:04:14  0:03:39  0:00:35  247k
 86  182M   86  157M    0     0   732k      0  0:04:15  0:03:40  0:00:35  307k
 86  182M   86  158M    0     0   731k      0  0:04:15  0:03:41  0:00:34  379k
 86  182M   86  158M    0     0   730k      0  0:04:16  0:03:42  0:00:34  417k
 87  182M   87  159M    0     0   729k      0  0:04:16  0:03:43  0:00:33  447k
 87  182M   87  159M    0     0   728k      0  0:04:16  0:03:44  0:00:32  464k
 87  182M   87  160M    0     0   727k      0  0:04:17  0:03:45  0:00:32  497k
 87  182M   87  160M    0     0   726k      0  0:04:17  0:03:46  0:00:31  530k
 88  182M   88  161M    0     0   728k      0  0:04:16  0:03:47  0:00:29  627k
 88  182M   88  162M    0     0   728k      0  0:04:16  0:03:48  0:00:28  695k
 89  182M   89  163M    0     0   729k      0  0:04:16  0:03:49  0:00:27  772k
 89  182M   89  164M    0     0   730k      0  0:04:16  0:03:50  0:00:26  860k
 90  182M   90  165M    0     0   732k      0  0:04:15  0:03:51  0:00:24  986k
 91  182M   91  167M    0     0   736k      0  0:04:13  0:03:52  0:00:21 1140k
 92  182M   92  169M    0     0   743k      0  0:04:11  0:03:53  0:00:18 1444k
 93  182M   93  171M    0     0   749k      0  0:04:09  0:03:54  0:00:15 1659k
 94  182M   94  173M    0     0   753k      0  0:04:08  0:03:55  0:00:13 1810k
 95  182M   95  174M    0     0   757k      0  0:04:06  0:03:56  0:00:10 1911k
 96  182M   96  176M    0     0   761k      0  0:04:05  0:03:57  0:00:08 1888k
 97  182M   97  177M    0     0   761k      0  0:04:05  0:03:58  0:00:07 1580k
 97  182M   97  177M    0     0   761k      0  0:04:05  0:03:59  0:00:06 1333k
 97  182M   97  178M    0     0   760k      0  0:04:05  0:04:00  0:00:05 1099k
 98  182M   98  179M    0     0   759k      0  0:04:06  0:04:01  0:00:05  873k
 98  182M   98  179M    0     0   758k      0  0:04:06  0:04:02  0:00:04  653k
 98  182M   98  180M    0     0   758k      0  0:04:06  0:04:03  0:00:03  604k
 99  182M   99  180M    0     0   757k      0  0:04:06  0:04:04  0:00:02  595k
 99  182M   99  181M    0     0   756k      0  0:04:07  0:04:05  0:00:02  590k
 99  182M   99  181M    0     0   755k      0  0:04:07  0:04:06  0:00:01  560k
 99  182M   99  182M    0     0   754k      0  0:04:07  0:04:07 --:--:--  527k
100  182M  100  182M    0     0   754k      0  0:04:07  0:04:07 --:--:--  558k
  [label] archived inklabels/2_4um/20231210121321.png shape=(12750, 9995)
  [label] overlap=1.0000 raw_frac=0.13475 eroded_frac=0.06567
  $ /bin/python precompute_norm.py --scroll-id 20231210121321 --zarr-path /vesuvius/ves_zarrs2
[norm] 20231210121321 vol=(28,12750,9995) chunk_z=8 mask_valid=0.862
[norm]   z 0:8 done  n=879130120
[norm]   z 8:16 done  n=1758260240
[norm]   z 16:24 done  n=2637390360
[norm]   z 24:28 done  n=3076955420
[norm] 20231210121321 mean=78.1073 std=34.9392 norm_min=-2.2355 norm_max=5.0629
[done] paris4 (20231210121321)

======================================================================
[assemble] SUMMARY
======================================================================
  w087: FAIL: command failed (2): /bin/python precompute_norm.py --scroll-id 20251112000002 --zarr-path /vesuvius/ves_zarrs2
  w068: OK
  w018: OK
  p9b_487: OK
  p9b_722: OK
  paris4: OK

======================================================================
[assemble] INTEGRITY SWEEP (25 scrolls)
======================================================================
  OK   w044         20260115000000  cov=1.00
  OK   w059         20250223000000  cov=1.00
  OK   w047         20260206000001  cov=1.00
  OK   w056         20260115000001  cov=1.00
  OK   w058         20260210000000  cov=1.00
  OK   w052         20260227000000  cov=1.00
  OK   w049         20260318000000  cov=1.00
  OK   w046         20260325000000  cov=1.00
  OK   w041         20260108000000  cov=1.00
  OK   w040         20250831000000  cov=1.00
  OK   w039         20260302000000  cov=1.00
  OK   w038         20260306000000  cov=1.00
  OK   w037         20260310000000  cov=1.00
  OK   w034         20260303000000  cov=1.00
  OK   w035         20260317000000  cov=1.00
  OK   w055         20251226000000  cov=1.00
  OK   seg46527     20260226000000  cov=1.00
  OK   500P2_front  20250628074500  cov=1.00
  OK   w013         20240304141531  cov=1.00
  OK   w087         20251112000002  cov=1.00
  OK   w068         20251111010954  cov=1.00
  OK   w018         20240304144031  cov=1.00
  OK   p9b_487      20250919125754  cov=1.00
  OK   p9b_722      20250919131352  cov=1.00
  OK   paris4       20231210121321  cov=1.00
[assemble] integrity sweep: all 25 scrolls OK
[assemble] 2 fragment(s): ['w087', 'w018']  (concurrent_fragments=1, workers/frag=32, chunks=(8,64,64))

======================================================================
w087 (20251112000002)  id=20251112000002
======================================================================
  [1/3] resampled volume+mask exist -> skip
  [label] archived inklabels/2_4um/20251112000002.png shape=(10494, 8128)
  [label] overlap=1.0000 raw_frac=0.12787 eroded_frac=0.04846
  $ /bin/python precompute_norm.py --scroll-id 20251112000002 --zarr-path /vesuvius/ves_zarrs2
[norm] 20251112000002 vol=(28,10494,8128) chunk_z=8 mask_valid=0.856
[norm]   z 0:8 done  n=584139232
[norm]   z 8:16 done  n=1168278464
[norm]   z 16:24 done  n=1752417696
[norm]   z 24:28 done  n=2044487312
[norm] 20251112000002 mean=151.0804 std=21.8549 norm_min=-6.9129 norm_max=4.7550
[done] w087 (20251112000002)

======================================================================
w018 (20240304144031)  id=20240304144031
======================================================================
  [1/3] pooled volume+mask exist -> skip
  [label] archived inklabels/2_4um/20240304144031.png shape=(2400, 2560)
  [label] archived inklabels/1_1um/20240304144031.png shape=(2400, 2560)
  [label] overlap=0.9999 raw_frac=0.15602 eroded_frac=0.08700
  $ /bin/python precompute_norm.py --scroll-id 20240304144031 --zarr-path /vesuvius/ves_zarrs2
[norm] 20240304144031 vol=(28,2400,2560) chunk_z=8 mask_valid=0.830
[norm]   z 0:8 done  n=40794664
[norm]   z 8:16 done  n=81589328
[norm]   z 16:24 done  n=122383992
[norm]   z 24:28 done  n=142781324
[norm] 20240304144031 mean=68.8413 std=40.7422 norm_min=-1.6897 norm_max=4.5692
[done] w018 (20240304144031)

======================================================================
[assemble] SUMMARY
======================================================================
  w087: OK
  w018: OK

======================================================================
[assemble] INTEGRITY SWEEP (25 scrolls)
======================================================================
  OK   w044         20260115000000  cov=1.00
  OK   w059         20250223000000  cov=1.00
  OK   w047         20260206000001  cov=1.00
  OK   w056         20260115000001  cov=1.00
  OK   w058         20260210000000  cov=1.00
  OK   w052         20260227000000  cov=1.00
  OK   w049         20260318000000  cov=1.00
  OK   w046         20260325000000  cov=1.00
  OK   w041         20260108000000  cov=1.00
  OK   w040         20250831000000  cov=1.00
  OK   w039         20260302000000  cov=1.00
  OK   w038         20260306000000  cov=1.00
  OK   w037         20260310000000  cov=1.00
  OK   w034         20260303000000  cov=1.00
  OK   w035         20260317000000  cov=1.00
  OK   w055         20251226000000  cov=1.00
  OK   seg46527     20260226000000  cov=1.00
  OK   500P2_front  20250628074500  cov=1.00
  OK   w013         20240304141531  cov=1.00
  OK   w087         20251112000002  cov=1.00
  OK   w068         20251111010954  cov=1.00
  OK   w018         20240304144031  cov=1.00
  OK   p9b_487      20250919125754  cov=1.00
  OK   p9b_722      20250919131352  cov=1.00
  OK   paris4       20231210121321  cov=1.00
[assemble] integrity sweep: all 25 scrolls OK


  [label] archived inklabels/2_4um/20251112000002.png shape=(10494, 8128)
  [label] archived inklabels/2_4um/20251111010954.png shape=(11051, 12606)
  [label] archived inklabels/2_4um/20240304144031.png shape=(2400, 2560)
  [label] archived inklabels/1_1um/20240304144031.png shape=(2400, 2560)
  [label] archived inklabels/2_4um/20250919125754.png shape=(6497, 5260)
  [label] archived inklabels/2_4um/20250919131352.png shape=(7051, 5260)
  [label] archived inklabels/2_4um/20231210121321.png shape=(12750, 9995)
  [label] archived inklabels/2_4um/20251112000002.png shape=(10494, 8128)
  [label] archived inklabels/2_4um/20240304144031.png shape=(2400, 2560)
  [label] archived inklabels/1_1um/20240304144031.png shape=(2400, 2560)
