[preflight] validating 11 train masks
  20260115000000: train=1,090,451 positive=160,455 nonink=929,996 explicit_negative=483,665 explicit_label_overlap=0 outside_papyrus_ignored=0
  20260317000000: train=1,533,766 positive=198,481 nonink=1,335,285 explicit_negative=501,025 explicit_label_overlap=0 outside_papyrus_ignored=0
  20250223000000: train=1,113,269 positive=109,157 nonink=1,004,112 explicit_negative=433,355 explicit_label_overlap=0 outside_papyrus_ignored=0
  20251111010954: train=2,662,212 positive=162,187 nonink=2,500,025 explicit_negative=685,101 explicit_label_overlap=0 outside_papyrus_ignored=0
  20251112000002: train=6,577,706 positive=433,677 nonink=6,144,029 explicit_negative=1,343,885 explicit_label_overlap=0 outside_papyrus_ignored=0
  20240304141531: train=8,839,509 positive=890,972 nonink=7,948,537 explicit_negative=480,843 explicit_label_overlap=0 outside_papyrus_ignored=0
  20240304144031: train=9,368,969 positive=584,092 nonink=8,784,751 explicit_negative=1,064,164 explicit_label_overlap=0 outside_papyrus_ignored=12,879
  20250919125754: train=1,576,420 positive=168,274 nonink=1,408,146 explicit_negative=344,799 explicit_label_overlap=0 outside_papyrus_ignored=0
  20231210121321: train=12,374,243 positive=941,076 nonink=11,361,266 explicit_negative=1,184,931 explicit_label_overlap=0 outside_papyrus_ignored=71,901
  20250628074500: train=1,816,208 positive=268,018 nonink=1,548,190 explicit_negative=629,335 explicit_label_overlap=0 outside_papyrus_ignored=0
  20260226000000: train=529,536 positive=60,970 nonink=430,702 explicit_negative=134,908 explicit_label_overlap=0 outside_papyrus_ignored=47,678
[preflight] all 11 train masks and surface inputs passed
[campaign25] pretraining ready: base -> models/mae_nnunet_192_ibn_depth8_campaign25_base_2k.pth
[campaign25] pretraining ready: divided_depth -> models/mae_nnunet_192_ibn_depth8_campaign25_divided_depth_2k.pth
[campaign25] pretraining ready: divided_space_depth -> models/mae_nnunet_192_ibn_depth8_campaign25_divided_space_depth_2k.pth
[campaign25] pretraining ready: early_3d2d -> models/mae_nnunet_192_ibn_depth8_campaign25_early_3d2d_2k.pth
[campaign25] pretraining ready: fiber -> models/mae_nnunet_192_ibn_depth8_campaign25_fiber_2k.pth
[campaign25] pretraining ready: mednext_k5 -> models/mae_nnunet_192_ibn_depth8_campaign25_mednext_k5_2k.pth
[campaign25] pretraining ready: mednext_k7 -> models/mae_nnunet_192_ibn_depth8_campaign25_mednext_k7_2k.pth
[campaign25] pretraining ready: mednext_k7_divided -> models/mae_nnunet_192_ibn_depth8_campaign25_mednext_k7_divided_2k.pth
[campaign25] 15 run(s) queued (log -> ./runs_archs25)

==============================================================================
[campaign25] 25_baseline
==============================================================================
  scrolls=[20260115000000, 20260317000000, 20250223000000, 20251111010954, 20251112000002, 20240304141531, 20240304144031, 20250919125754, 20231210121321, 20250628074500, 20260226000000] epochs=12 eval=12 fast_eval=True
  physical_groups={'pherc0139': [20260115000000, 20260317000000, 20250223000000], 'pherc0172': [20251111010954, 20251112000002], 'pherc1667': [20240304141531, 20240304144031], 'pherc0009b': [20250919125754], 'phercparis4': [20231210121321], 'pherc0500p2': [20250628074500], 'pherc0814': [20260226000000]} weights=[2, 1, 1, 1, 1, 1, 1] DANN=fixed:0.03 xfrag=True
  aggregator=(support_k=0, weldon_k=0) clam=(enabled=False, k=4, lambda=0.1) sam_rho=0.0 elr=(enabled=False, start=5, beta=0.7, lambda=0.1) fiber=False
  architecture=(early_3d2d=False, divided_depth=False, divided_spatial=False, mednext=False, mednext_kernel=5)
  pretrained=models/mae_nnunet_192_ibn_depth8_campaign25_base_2k.pth strict_architecture_init=True
WARNING: All log messages before absl::InitializeLog() is called are written to STDERR
E0000 00:00:1789507863.605055  687128 cuda_dnn.cc:8579] Unable to register cuDNN factory: Attempting to register factory for plugin cuDNN when one has already been registered
E0000 00:00:1789507863.615846  687128 cuda_blas.cc:1407] Unable to register cuBLAS factory: Attempting to register factory for plugin cuBLAS when one has already been registered
W0000 00:00:1789507863.635499  687128 computation_placer.cc:177] computation placer already registered. Please check linkage and avoid linking the same target more than once.
W0000 00:00:1789507863.635522  687128 computation_placer.cc:177] computation placer already registered. Please check linkage and avoid linking the same target more than once.
W0000 00:00:1789507863.635525  687128 computation_placer.cc:177] computation placer already registered. Please check linkage and avoid linking the same target more than once.
W0000 00:00:1789507863.635527  687128 computation_placer.cc:177] computation placer already registered. Please check linkage and avoid linking the same target more than once.
[seed] fast mode (seed=41) — cudnn benchmark on, tiny run-to-run fp noise
--- Configuration ---
data: DataConfig(zarr_path='/vesuvius/ves_zarrs2', scrolls=[ScrollConfig(scroll_id=20260115000000, split_axis='y', train_split_frac=0.8055, crop_x_frac=(0.0, 1.0), crop_y_frac=(0.0, 1.0)), ScrollConfig(scroll_id=20260317000000, split_axis='y', train_split_frac=0.75, crop_x_frac=(0.0, 1.0), crop_y_frac=(0.0, 1.0)), ScrollConfig(scroll_id=20250223000000, split_axis='x', train_split_frac=0.75, crop_x_frac=(0.0, 1.0), crop_y_frac=(0.0, 1.0)), ScrollConfig(scroll_id=20251111010954, split_axis='x', train_split_frac=0.75, crop_x_frac=(0.0, 1.0), crop_y_frac=(0.0, 1.0)), ScrollConfig(scroll_id=20251112000002, split_axis='x', train_split_frac=0.75, crop_x_frac=(0.0, 1.0), crop_y_frac=(0.0, 1.0)), ScrollConfig(scroll_id=20240304141531, split_axis='x', train_split_frac=0.75, crop_x_frac=(0.0, 1.0), crop_y_frac=(0.0, 1.0)), ScrollConfig(scroll_id=20240304144031, split_axis='x', train_split_frac=0.75, crop_x_frac=(0.0, 1.0), crop_y_frac=(0.0, 1.0)), ScrollConfig(scroll_id=20250919125754, split_axis='x', train_split_frac=0.75, crop_x_frac=(0.0, 1.0), crop_y_frac=(0.0, 1.0)), ScrollConfig(scroll_id=20231210121321, split_axis='x', train_split_frac=0.75, crop_x_frac=(0.0, 1.0), crop_y_frac=(0.0, 1.0)), ScrollConfig(scroll_id=20250628074500, split_axis='x', train_split_frac=0.6, crop_x_frac=(0.0, 1.0), crop_y_frac=(0.0, 1.0)), ScrollConfig(scroll_id=20260226000000, split_axis='y', train_split_frac=0.75, crop_x_frac=(0.0, 1.0), crop_y_frac=(0.0, 1.0))], train_scroll_dict={'pherc0139': [20260115000000, 20260317000000, 20250223000000], 'pherc0172': [20251111010954, 20251112000002], 'pherc1667': [20240304141531, 20240304144031], 'pherc0009b': [20250919125754], 'phercparis4': [20231210121321], 'pherc0500p2': [20250628074500], 'pherc0814': [20260226000000]}, train_scroll_weights=[2, 1, 1, 1, 1, 1, 1], test_scroll_ids=[20260814140748, 20260717193517, 20260720090842, 20250703034159, 20260723112922], holdout_scroll_ids=[20251226000000], tile_size=16, depth=8, d_start=4, d_end=28, train_d_start=4, train_d_end=28, composite_method='maxproj', composite_d0=10, composite_d1=18, composite_display='raw', voxel_um=9.362, mask_memmap=True, mask_bitpack=True, preload_volumes=True, ring_negatives=True, ring_label_source='closed', ring_close_r=3, ring_gap_r=3, ring_shell_r=2, simple_split=False, train_mask_dir='./train_masks', surface_label_dir='./surface_labels', context_size=192, context_downsample=2, eval_infer_bs=192, eval_prefetch=4, eval_chunk_gb=4.0, tta_mode='light', probe_rois={20240304141531: [ProbeROI(x=960, y=2688, label='easy', size=576), ProbeROI(x=3840, y=2784, label='hard', size=576)], 20250223000000: [ProbeROI(x=4320, y=3456, label='easy', size=576), ProbeROI(x=8352, y=2496, label='hard', size=576)], 20250628074500: [ProbeROI(x=1152, y=2784, label='easy', size=576), ProbeROI(x=1440, y=4800, label='hard', size=576)], 20250831000000: [ProbeROI(x=2208, y=1152, label='easy', size=576), ProbeROI(x=6720, y=576, label='hard', size=576)], 20260108000000: [ProbeROI(x=576, y=1824, label='easy', size=576), ProbeROI(x=5664, y=3072, label='hard', size=576)], 20260115000000: [ProbeROI(x=2976, y=4320, label='easy', size=576), ProbeROI(x=2496, y=4800, label='hard', size=576)], 20260115000001: [ProbeROI(x=5472, y=2688, label='easy', size=576), ProbeROI(x=8160, y=5376, label='hard', size=576)], 20260206000001: [ProbeROI(x=864, y=960, label='easy', size=576), ProbeROI(x=6336, y=2304, label='hard', size=576)], 20260210000000: [ProbeROI(x=4128, y=2592, label='easy', size=576), ProbeROI(x=4032, y=3168, label='hard', size=576)], 20260226000000: [ProbeROI(x=480, y=960, label='easy', size=576), ProbeROI(x=288, y=1536, label='hard', size=576)], 20260227000000: [ProbeROI(x=3552, y=3744, label='easy', size=576), ProbeROI(x=7296, y=3456, label='hard', size=576)], 20260302000000: [ProbeROI(x=3936, y=3744, label='easy', size=576), ProbeROI(x=6816, y=4320, label='hard', size=576)], 20260303000000: [ProbeROI(x=5280, y=2304, label='easy', size=576), ProbeROI(x=5760, y=3744, label='hard', size=576)], 20260306000000: [ProbeROI(x=2880, y=2496, label='easy', size=576), ProbeROI(x=5664, y=2976, label='hard', size=576)], 20260310000000: [ProbeROI(x=192, y=864, label='easy', size=576), ProbeROI(x=5184, y=1824, label='hard', size=576)], 20260317000000: [ProbeROI(x=2496, y=1728, label='easy', size=576), ProbeROI(x=1056, y=4608, label='hard', size=576)], 20260318000000: [ProbeROI(x=4128, y=960, label='easy', size=576), ProbeROI(x=7680, y=864, label='hard', size=576)], 20260325000000: [ProbeROI(x=2304, y=2688, label='easy', size=576), ProbeROI(x=5376, y=2976, label='hard', size=576)]}, vis_scroll_ids=[20260115000000, 20260317000000, 20250223000000, 20251111010954, 20251112000002, 20240304141531, 20240304144031, 20250919125754, 20231210121321, 20250628074500, 20260226000000], inklabel_dir='./eroded_inklabels', dot_inklabel_dir='', dot_scroll_whitelist=[], ctx_jitter=32, target_aware_ctx_jitter=True, depth_jitter=1, surface_relative_depth_window=True, multitile_train_step=16, multitile_pos_only=True, character_balanced_sampling=True, character_balance_scrolls=True, character_min_pixels=8, max_samples_per_epoch=6667)
dl: DataloaderConfig(batch_size=96, num_workers=8, data_aug=True, rotation_prob=0.6, flip_prob=0.6, noise_prob=0.0, brightness_prob=0.0, contrast_prob=0.0, brightness_delta=0.15, contrast_delta=0.15, noise_std_min=0.001, noise_std_max=0.005, cutout_prob=0.5, cutout_max_frac=0.16, cutout_n_patches=3, depth_mask_prob=0.0, fda_prob=0.0, fda_beta=0.05, elastic_prob=0.0, elastic_alpha=15.0, elastic_sigma=5.0, depth_warp_prob=0.0, depth_warp_max=2.0, depth_warp_sigma=24.0, surface_atten_prob=0.0, surface_atten_min=0.1, surface_atten_max=0.35, surface_atten_sigma=2.0, acquisition_blur_prob=0.0, acquisition_blur_min=0.4, acquisition_blur_max=0.9, correlated_noise_prob=0.0, correlated_noise_min=0.003, correlated_noise_max=0.015, correlated_noise_sigma=6.0, cutout_protect_center=True, context_replace_prob=0.35, context_replace_keep_size=0, context_replace_margin=20, context_replace_feather=40, context_replace_min_mask_frac=0.8, context_replace_surface_align=True)
tra: TrainingConfig(n_epochs=12, lr=0.00015, encoder_lr_scale=1.0, encoder_freeze_epochs=0, warmup_epochs=5, weight_decay=0, l1_lambda=0.0, grad_norm=0.5, patience=5, lr_decay=0.5, save_int=15, log_dir='./runs_archs25', eval_int=12, eval_int_scrolls=11, test_int=9999, probe_int=9999, loss_type='bce', gce_q=0.9, label_smooth_pos=0.1, label_smooth_neg=0.05, tta_consistency=False, tta_consistency_lambda=0.3, tta_consistency_mode='flips', tta_consistency_prob=1.0, tile_pos_weight=1, tile_pos_weight_auto=False, dann=True, dann_lambda=0.03, dann_n_domains=7, dann_grl_anneal=False, spill_reduction=False, spill_lambda=0.0, spill_depth_threshold=0.35, spill_active_depth_tau=0.08, spill_max_active_depth_frac=0.35, spill_min_depth_var=0.8, spill_prob=False, spill_entropy=False, spill_entropy_lambda=0.3, spill_max_depth_entropy=2.1, new_surface_lambda=0.2, new_surface_smooth_lambda=0.02, surface_target_sigma=0.75, seed=41, deterministic=False, epoch_cooldown_secs=0, val_cooldown_secs=0, eval_cooldown_secs=0, fig_chunk_cooldown_ms=0, save_vis=False, fast_eval_figure=True, test_on_final=False, supcon=True, supcon_lambda=0.1, supcon_temp=0.07, supcon_proj_dim=128, supcon_hidden_dim=256, supcon_curriculum=True, supcon_lambda_start=0.05, supcon_lambda_end=0.8, supcon_curriculum_epochs=8, supcon_cross_frag=True, entropy_min_lambda=0.0, entropy_min_batch_size=8, character_macro_metrics=True, character_score_threshold=0.5, character_recall_target=0.5, character_max_ring_fpr=0.1, character_checkpoint_metric='character_ap_macro', sanity_guard_epoch=0, sanity_min_character_ap=0.0, sanity_min_specificity=0.0, context_consistency=False, context_consistency_prob=0.25, context_consistency_lambda=0.1, depth_view_consistency=False, depth_view_consistency_prob=0.5, depth_view_consistency_lambda=0.2, depth_view_consistency_offset=2, character_bag_ranking=False, character_bag_margin=0.5, character_bag_topk_frac=0.5, character_bag_lambda=0.2, character_groupdro=False, character_groupdro_eta=0.05, character_groupdro_max_ratio=3.0, character_cvar=False, character_cvar_alpha=0.25, clam_instance=False, clam_instance_k=4, clam_instance_lambda=0.1, sam_rho=0.0, elr=False, elr_start_epoch=5, elr_beta=0.7, elr_lambda=0.1)
model: ModelConfig(arch='nnunet3d_lcndz', compile_model=True, require_architecture_init=True, conv1_drop=0.05, conv2_drop=0.05, head_drop=0.1, attn_mil=False, attn_entropy_weight=0.03, feature_attn_mil=False, feature_depth_fusion=False, minimum_support_k=0, minimum_support_kernel=3, weldon_k=0, fiber_coordinate_branch=False, early_2d_unet=False, divided_attention=False, divided_attention_spatial=False, divided_attention_heads=4, divided_attention_window=8, mednext_adapters=False, mednext_kernel=5, mednext_expansion=2, learned_surface=False, new_learned_surface=False, better_surface=False, surface_teacher_input=True, surface_canonicalize=False, surface_canonical_depth=24, surface_guided_mil=False, surface_guided_mix=0.5, surface_band_sigma=1.5, use_ibn=True, use_prototype=False, prototype_ema=0.99, skip_drop=0.2, use_depth_profile=False, no_dz=False, channels_mult=1.0, allow_depth4=False, multitile=True, multitile_subtile=16, multitile_grid=4)
hm: HardMiningConfig(enabled=False, hn_cutoff=0.8, hp_cutoff=0.45, hm_frac=0.1, dir='./hard_negs')
device: cuda
model_dir: models/archs25/baseline
exp_name: 25_baseline
init_weights: models/mae_nnunet_192_ibn_depth8_campaign25_base_2k.pth
---------------------
Creating datasets...
[multi-scroll] physical groups={'pherc0139': [20260115000000, 20260317000000, 20250223000000], 'pherc0172': [20251111010954, 20251112000002], 'pherc1667': [20240304141531, 20240304144031], 'pherc0009b': [20250919125754], 'phercparis4': [20231210121321], 'pherc0500p2': [20250628074500], 'pherc0814': [20260226000000]} weights=[2, 1, 1, 1, 1, 1, 1]
[preload] scroll 20260115000000: loading 2.57 GiB into RAM
[preload] scroll 20260115000000: ready shape=(28, 6040, 8160) dtype=uint16 contiguous=True
[align] scroll 20260115000000: volume=(6040, 8160) mask=(6040, 8160) labels=(6021, 8141) -> common=(6021, 8141)
[split] scroll 20260115000000: manual mask=./train_masks/20260115000000.png train_pixels=3.5% explicit_negative_pixels=688,128
[split] scroll 20260115000000: axis=y train_frac=0.8055
[ring] closed(base=eroded): CLOSE_R=3 GAP_R=3 exclusion_tiles=4093
[ring_negatives] source='closed' tile_radius=2  ink_tiles=1243  ring_tiles=1566  ratio=1.26
[character-components] 11 components at 16px target resolution
[manual-split] scroll 20260115000000: unit=16px train_ring=561152px valid_ring=157952px
[character-sampling] scroll 20260115000000: 9 characters with positive and ring-negative windows
[context-replace] scroll 20260115000000: 2161 fully ink-free donors with mask>=0.80
[multi-scroll] scroll 20260115000000: train_tiles=6667 valid_tiles=1074
[preload] scroll 20260317000000: loading 1.59 GiB into RAM
[preload] scroll 20260317000000: ready shape=(28, 5820, 5240) dtype=uint16 contiguous=True
[split] scroll 20260317000000: manual mask=./train_masks/20260317000000.png train_pixels=7.0% explicit_negative_pixels=676,352
[split] scroll 20260317000000: axis=y train_frac=0.75
[ring] closed(base=eroded): CLOSE_R=3 GAP_R=3 exclusion_tiles=5272
[ring_negatives] source='closed' tile_radius=2  ink_tiles=1657  ring_tiles=2401  ratio=1.45
[character-components] 14 components at 16px target resolution
[character-split] excluded 1 character(s) crossing the fixed split
[manual-split] scroll 20260317000000: unit=16px train_ring=752384px valid_ring=286464px
[character-sampling] scroll 20260317000000: 10 characters with positive and ring-negative windows
[context-replace] scroll 20260317000000: 2698 fully ink-free donors with mask>=0.80
[multi-scroll] scroll 20260317000000: train_tiles=6667 valid_tiles=2060
[preload] scroll 20250223000000: loading 3.77 GiB into RAM
[preload] scroll 20250223000000: ready shape=(28, 7220, 10020) dtype=uint16 contiguous=True
[explicit-negative] scroll 20250223000000: overriding 1 ink-label pixels
[split] scroll 20250223000000: manual mask=./train_masks/20250223000000.png train_pixels=2.4% explicit_negative_pixels=651,520
[split] scroll 20250223000000: axis=x train_frac=0.75
[ring] closed(base=eroded): CLOSE_R=3 GAP_R=3 exclusion_tiles=3877
[ring_negatives] source='closed' tile_radius=2  ink_tiles=1198  ring_tiles=1803  ratio=1.51
[character-components] 9 components at 16px target resolution
[character-split] excluded 1 character(s) crossing the fixed split
[manual-split] scroll 20250223000000: unit=16px train_ring=485376px valid_ring=282880px
[character-sampling] scroll 20250223000000: 6 characters with positive and ring-negative windows
[context-replace] scroll 20250223000000: 2925 fully ink-free donors with mask>=0.80
[multi-scroll] scroll 20250223000000: train_tiles=6667 valid_tiles=2022
[preload] scroll 20251111010954: loading 7.27 GiB into RAM
[preload] scroll 20251111010954: ready shape=(28, 11051, 12606) dtype=uint16 contiguous=True
[split] scroll 20251111010954: manual mask=./train_masks/20251111010954.png train_pixels=2.6% explicit_negative_pixels=998,144
[split] scroll 20251111010954: axis=x train_frac=0.75
[ring] closed(base=eroded): CLOSE_R=3 GAP_R=3 exclusion_tiles=4966
[ring_negatives] source='closed' tile_radius=2  ink_tiles=1354  ring_tiles=2489  ratio=1.84
[character-components] 11 components at 16px target resolution
[manual-split] scroll 20251111010954: unit=16px train_ring=756992px valid_ring=226816px
[character-sampling] scroll 20251111010954: 8 characters with positive and ring-negative windows
[context-replace] scroll 20251111010954: 8047 fully ink-free donors with mask>=0.80
[multi-scroll] scroll 20251111010954: train_tiles=6667 valid_tiles=1720
[preload] scroll 20251112000002: loading 4.45 GiB into RAM
[preload] scroll 20251112000002: ready shape=(28, 10494, 8128) dtype=uint16 contiguous=True
[split] scroll 20251112000002: manual mask=./train_masks/20251112000002.png train_pixels=9.7% explicit_negative_pixels=1,844,736
[split] scroll 20251112000002: axis=x train_frac=0.75
[ring] closed(base=eroded): CLOSE_R=3 GAP_R=3 exclusion_tiles=13844
[ring_negatives] source='closed' tile_radius=2  ink_tiles=3812  ring_tiles=6712  ratio=1.76
[character-components] 32 components at 16px target resolution
[manual-split] scroll 20251112000002: unit=16px train_ring=1933056px valid_ring=761088px
[character-sampling] scroll 20251112000002: 22 characters with positive and ring-negative windows
[context-replace] scroll 20251112000002: 17339 fully ink-free donors with mask>=0.80
[multi-scroll] scroll 20251112000002: train_tiles=6667 valid_tiles=5775
[preload] scroll 20240304141531: loading 2.70 GiB into RAM
[preload] scroll 20240304141531: ready shape=(28, 10400, 4975) dtype=uint16 contiguous=True
[split] scroll 20240304141531: manual mask=./train_masks/20240304141531.png train_pixels=18.4% explicit_negative_pixels=702,464
[split] scroll 20240304141531: axis=x train_frac=0.75
[ring] closed(base=eroded): CLOSE_R=3 GAP_R=3 exclusion_tiles=39475
[ring_negatives] source='closed' tile_radius=2  ink_tiles=11812  ring_tiles=18823  ratio=1.59
[character-components] 93 components at 16px target resolution
[character-split] excluded 1 character(s) crossing the fixed split
[manual-split] scroll 20240304141531: unit=16px train_ring=3599360px valid_ring=4243200px
[character-sampling] scroll 20240304141531: 42 characters with positive and ring-negative windows
[context-replace] scroll 20240304141531: 10222 fully ink-free donors with mask>=0.80
[multi-scroll] scroll 20240304141531: train_tiles=6667 valid_tiles=30952
[preload] scroll 20240304144031: loading 6.78 GiB into RAM
[preload] scroll 20240304144031: ready shape=(28, 10595, 24525) dtype=uint8 contiguous=True
[split] scroll 20240304144031: manual mask=./train_masks/20240304144031.png train_pixels=4.1% explicit_negative_pixels=1,501,441
[split] scroll 20240304144031: axis=x train_frac=0.75
[ring] closed(base=eroded): CLOSE_R=3 GAP_R=3 exclusion_tiles=23105
[ring_negatives] source='closed' tile_radius=2  ink_tiles=6199  ring_tiles=11846  ratio=1.91
[character-components] 60 components at 16px target resolution
[manual-split] scroll 20240304144031: unit=16px train_ring=2828800px valid_ring=1790720px
[character-sampling] scroll 20240304144031: 37 characters with positive and ring-negative windows
[context-replace] scroll 20240304144031: 20397 fully ink-free donors with mask>=0.80
[multi-scroll] scroll 20240304144031: train_tiles=6667 valid_tiles=13394
[preload] scroll 20250919125754: loading 1.78 GiB into RAM
[preload] scroll 20250919125754: ready shape=(28, 6497, 5260) dtype=uint16 contiguous=True
[split] scroll 20250919125754: manual mask=./train_masks/20250919125754.png train_pixels=5.8% explicit_negative_pixels=488,960
[split] scroll 20250919125754: axis=x train_frac=0.75
[ring] closed(base=eroded): CLOSE_R=3 GAP_R=3 exclusion_tiles=5360
[ring_negatives] source='closed' tile_radius=2  ink_tiles=1529  ring_tiles=2144  ratio=1.40
[character-components] 11 components at 16px target resolution
[character-split] excluded 1 character(s) crossing the fixed split
[manual-split] scroll 20250919125754: unit=16px train_ring=652800px valid_ring=287488px
[character-sampling] scroll 20250919125754: 6 characters with positive and ring-negative windows
[context-replace] scroll 20250919125754: 2446 fully ink-free donors with mask>=0.80
[multi-scroll] scroll 20250919125754: train_tiles=6667 valid_tiles=2213
[preload] scroll 20231210121321: loading 6.65 GiB into RAM
[preload] scroll 20231210121321: ready shape=(28, 12750, 9995) dtype=uint16 contiguous=True
[split] scroll 20231210121321: manual mask=./train_masks/20231210121321.png train_pixels=10.9% explicit_negative_pixels=1,645,056
[split] scroll 20231210121321: axis=x train_frac=0.75
[ring] closed(base=eroded): CLOSE_R=3 GAP_R=3 exclusion_tiles=32130
[ring_negatives] source='closed' tile_radius=2  ink_tiles=9640  ring_tiles=14731  ratio=1.53
[character-components] 61 components at 16px target resolution
[manual-split] scroll 20231210121321: unit=16px train_ring=3776256px valid_ring=2462720px
[character-sampling] scroll 20231210121321: 35 characters with positive and ring-negative windows
[context-replace] scroll 20231210121321: 25578 fully ink-free donors with mask>=0.80
[multi-scroll] scroll 20231210121321: train_tiles=6667 valid_tiles=18061
[preload] scroll 20250628074500: loading 1.17 GiB into RAM
[preload] scroll 20250628074500: ready shape=(28, 6280, 3580) dtype=uint16 contiguous=True
[split] scroll 20250628074500: manual mask=./train_masks/20250628074500.png train_pixels=11.8% explicit_negative_pixels=862,976
[split] scroll 20250628074500: axis=x train_frac=0.6
[ring] closed(base=eroded): CLOSE_R=3 GAP_R=3 exclusion_tiles=7608
[ring_negatives] source='closed' tile_radius=2  ink_tiles=2308  ring_tiles=3320  ratio=1.44
[character-components] 22 components at 16px target resolution
[manual-split] scroll 20250628074500: unit=16px train_ring=878848px valid_ring=561920px
[character-sampling] scroll 20250628074500: 13 characters with positive and ring-negative windows
[context-replace] scroll 20250628074500: 3395 fully ink-free donors with mask>=0.80
[multi-scroll] scroll 20250628074500: train_tiles=6667 valid_tiles=3967
[preload] scroll 20260226000000: loading 0.40 GiB into RAM
[preload] scroll 20260226000000: ready shape=(28, 2180, 3560) dtype=uint16 contiguous=True
[split] scroll 20260226000000: manual mask=./train_masks/20260226000000.png train_pixels=8.9% explicit_negative_pixels=188,284
[split] scroll 20260226000000: axis=y train_frac=0.75
[ring] closed(base=eroded): CLOSE_R=3 GAP_R=3 exclusion_tiles=2138
[ring_negatives] source='closed' tile_radius=2  ink_tiles=646  ring_tiles=904  ratio=1.40
[character-components] 8 components at 16px target resolution
[manual-split] scroll 20260226000000: unit=16px train_ring=260096px valid_ring=136704px
[character-sampling] scroll 20260226000000: 5 characters with positive and ring-negative windows
[context-replace] scroll 20260226000000: 496 fully ink-free donors with mask>=0.80
[multi-scroll] scroll 20260226000000: train_tiles=2456 valid_tiles=925
[multi-scroll] merged train_tiles=69126 valid_tiles=82163
Data setup done in 732.43s
Creating model and loss... l1 lambda 0.0... Model parameters (nnunet3d_lcndz): 5,678,089
[init-weights] loaded 61/61 tensors from models/mae_nnunet_192_ibn_depth8_campaign25_base_2k.pth (shape-skipped=0 missing=9 unexpected=0)
 done in 2.22s
Initializing Tensorboard...
[test] test_int=9999 > n_epochs=12 and test_on_final=False -> skipping test-frag load
TensorBoard logs will be saved to: ./runs_archs25/25_baseline_15_21-43-20
To view, run: tensorboard --logdir=./runs_archs25
[preload] scroll 20260115000000: loading 2.57 GiB into RAM
[preload] scroll 20260115000000: ready shape=(28, 6040, 8160) dtype=uint16 contiguous=True
[align] scroll 20260115000000: volume=(6040, 8160) mask=(6040, 8160) labels=(6021, 8141) -> common=(6021, 8141)
[split] scroll 20260115000000: manual mask=./train_masks/20260115000000.png train_pixels=3.5% explicit_negative_pixels=688,128
[split] scroll 20260115000000: axis=y train_frac=0.8055
[preload] scroll 20260317000000: loading 1.59 GiB into RAM
[preload] scroll 20260317000000: ready shape=(28, 5820, 5240) dtype=uint16 contiguous=True
[split] scroll 20260317000000: manual mask=./train_masks/20260317000000.png train_pixels=7.0% explicit_negative_pixels=676,352
[split] scroll 20260317000000: axis=y train_frac=0.75
[preload] scroll 20250223000000: loading 3.77 GiB into RAM
[preload] scroll 20250223000000: ready shape=(28, 7220, 10020) dtype=uint16 contiguous=True
[explicit-negative] scroll 20250223000000: overriding 1 ink-label pixels
[split] scroll 20250223000000: manual mask=./train_masks/20250223000000.png train_pixels=2.4% explicit_negative_pixels=651,520
[split] scroll 20250223000000: axis=x train_frac=0.75
[preload] scroll 20251111010954: loading 7.27 GiB into RAM
[preload] scroll 20251111010954: ready shape=(28, 11051, 12606) dtype=uint16 contiguous=True
[split] scroll 20251111010954: manual mask=./train_masks/20251111010954.png train_pixels=2.6% explicit_negative_pixels=998,144
[split] scroll 20251111010954: axis=x train_frac=0.75
[preload] scroll 20251112000002: loading 4.45 GiB into RAM

