[surface] rows 0:128/10595
[surface] rows 128:256/10595
[surface] rows 256:384/10595
[surface] rows 384:512/10595
[surface] rows 512:640/10595
[surface] rows 640:768/10595
[surface] rows 768:896/10595
[surface] rows 896:1024/10595
[surface] rows 1024:1152/10595
[surface] rows 1152:1280/10595
[surface] rows 1280:1408/10595
[surface] rows 1408:1536/10595
[surface] rows 1536:1664/10595
[surface] rows 1664:1792/10595
[surface] rows 1792:1920/10595
[surface] rows 1920:2048/10595
[surface] rows 2048:2176/10595
[surface] rows 2176:2304/10595
[surface] rows 2304:2432/10595
[surface] rows 2432:2560/10595
[surface] rows 2560:2688/10595
[surface] rows 2688:2816/10595
[surface] rows 2816:2944/10595
[surface] rows 2944:3072/10595
[surface] rows 3072:3200/10595
[surface] rows 3200:3328/10595
[surface] rows 3328:3456/10595
[surface] rows 3456:3584/10595
[surface] rows 3584:3712/10595
[surface] rows 3712:3840/10595
[surface] rows 3840:3968/10595
[surface] rows 3968:4096/10595
[surface] rows 4096:4224/10595
[surface] rows 4224:4352/10595
[surface] rows 4352:4480/10595
[surface] rows 4480:4608/10595
[surface] rows 4608:4736/10595
[surface] rows 4736:4864/10595
[surface] rows 4864:4992/10595
[surface] rows 4992:5120/10595
[surface] rows 5120:5248/10595
[surface] rows 5248:5376/10595
[surface] rows 5376:5504/10595
[surface] rows 5504:5632/10595
[surface] rows 5632:5760/10595
[surface] rows 5760:5888/10595
[surface] rows 5888:6016/10595
[surface] rows 6016:6144/10595
[surface] rows 6144:6272/10595
[surface] rows 6272:6400/10595
[surface] rows 6400:6528/10595
[surface] rows 6528:6656/10595
[surface] rows 6656:6784/10595
[surface] rows 6784:6912/10595
[surface] rows 6912:7040/10595
[surface] rows 7040:7168/10595
[surface] rows 7168:7296/10595
[surface] rows 7296:7424/10595
[surface] rows 7424:7552/10595
[surface] rows 7552:7680/10595
[surface] rows 7680:7808/10595
[surface] rows 7808:7936/10595
[surface] rows 7936:8064/10595
[surface] rows 8064:8192/10595
[surface] rows 8192:8320/10595
[surface] rows 8320:8448/10595
[surface] rows 8448:8576/10595
[surface] rows 8576:8704/10595
[surface] rows 8704:8832/10595
[surface] rows 8832:8960/10595
[surface] rows 8960:9088/10595
[surface] rows 9088:9216/10595
[surface] rows 9216:9344/10595
[surface] rows 9344:9472/10595
[surface] rows 9472:9600/10595
[surface] rows 9600:9728/10595
[surface] rows 9728:9856/10595
[surface] rows 9856:9984/10595
[surface] rows 9984:10112/10595
[surface] rows 10112:10240/10595
[surface] rows 10240:10368/10595
[surface] rows 10368:10496/10595
[surface] rows 10496:10595/10595
[surface] detection: 443.1s
[surface] topology regularization: 26.4s
[surface] elastic fit: 17.6s
[surface] depth labels -> surface_labels/20240304144031/depth.npy
[surface] confidence -> surface_labels/20240304144031/confidence.npy
[surface] depth overview -> output/surface_review/20240304144031/surface_depth_overview.jpg
[surface] valid inside mask: 98.05%
===== surface 20250919125754 =====
[surface] rows 0:128/6497
[surface] rows 128:256/6497
[surface] rows 256:384/6497
[surface] rows 384:512/6497
[surface] rows 512:640/6497
[surface] rows 640:768/6497
[surface] rows 768:896/6497
[surface] rows 896:1024/6497
[surface] rows 1024:1152/6497
[surface] rows 1152:1280/6497
[surface] rows 1280:1408/6497
[surface] rows 1408:1536/6497
[surface] rows 1536:1664/6497
[surface] rows 1664:1792/6497
[surface] rows 1792:1920/6497
[surface] rows 1920:2048/6497
[surface] rows 2048:2176/6497
[surface] rows 2176:2304/6497
[surface] rows 2304:2432/6497
[surface] rows 2432:2560/6497
[surface] rows 2560:2688/6497
[surface] rows 2688:2816/6497
[surface] rows 2816:2944/6497
[surface] rows 2944:3072/6497
[surface] rows 3072:3200/6497
[surface] rows 3200:3328/6497
[surface] rows 3328:3456/6497
[surface] rows 3456:3584/6497
[surface] rows 3584:3712/6497
[surface] rows 3712:3840/6497
[surface] rows 3840:3968/6497
[surface] rows 3968:4096/6497
[surface] rows 4096:4224/6497
[surface] rows 4224:4352/6497
[surface] rows 4352:4480/6497
[surface] rows 4480:4608/6497
[surface] rows 4608:4736/6497
[surface] rows 4736:4864/6497
[surface] rows 4864:4992/6497
[surface] rows 4992:5120/6497
[surface] rows 5120:5248/6497
[surface] rows 5248:5376/6497
[surface] rows 5376:5504/6497
[surface] rows 5504:5632/6497
[surface] rows 5632:5760/6497
[surface] rows 5760:5888/6497
[surface] rows 5888:6016/6497
[surface] rows 6016:6144/6497
[surface] rows 6144:6272/6497
[surface] rows 6272:6400/6497
[surface] rows 6400:6497/6497
[surface] detection: 71.2s
[surface] topology regularization: 5.1s
[surface] elastic fit: 4.0s
[surface] depth labels -> surface_labels/20250919125754/depth.npy
[surface] confidence -> surface_labels/20250919125754/confidence.npy
[surface] depth overview -> output/surface_review/20250919125754/surface_depth_overview.jpg
[surface] valid inside mask: 97.81%
===== surface 20231210121321 =====
[surface] rows 0:128/12750
[surface] rows 128:256/12750
[surface] rows 256:384/12750
[surface] rows 384:512/12750
[surface] rows 512:640/12750
[surface] rows 640:768/12750
[surface] rows 768:896/12750
[surface] rows 896:1024/12750
[surface] rows 1024:1152/12750
[surface] rows 1152:1280/12750
[surface] rows 1280:1408/12750
[surface] rows 1408:1536/12750
[surface] rows 1536:1664/12750
[surface] rows 1664:1792/12750
[surface] rows 1792:1920/12750
[surface] rows 1920:2048/12750
[surface] rows 2048:2176/12750
[surface] rows 2176:2304/12750
[surface] rows 2304:2432/12750
[surface] rows 2432:2560/12750
[surface] rows 2560:2688/12750
[surface] rows 2688:2816/12750
[surface] rows 2816:2944/12750
[surface] rows 2944:3072/12750
[surface] rows 3072:3200/12750
[surface] rows 3200:3328/12750
[surface] rows 3328:3456/12750
[surface] rows 3456:3584/12750
[surface] rows 3584:3712/12750
[surface] rows 3712:3840/12750
[surface] rows 3840:3968/12750
[surface] rows 3968:4096/12750
[surface] rows 4096:4224/12750
[surface] rows 4224:4352/12750
[surface] rows 4352:4480/12750
[surface] rows 4480:4608/12750
[surface] rows 4608:4736/12750
[surface] rows 4736:4864/12750
[surface] rows 4864:4992/12750
[surface] rows 4992:5120/12750
[surface] rows 5120:5248/12750
[surface] rows 5248:5376/12750
[surface] rows 5376:5504/12750
[surface] rows 5504:5632/12750
[surface] rows 5632:5760/12750
[surface] rows 5760:5888/12750
[surface] rows 5888:6016/12750
[surface] rows 6016:6144/12750
[surface] rows 6144:6272/12750
[surface] rows 6272:6400/12750
[surface] rows 6400:6528/12750
[surface] rows 6528:6656/12750
[surface] rows 6656:6784/12750
[surface] rows 6784:6912/12750
[surface] rows 6912:7040/12750
[surface] rows 7040:7168/12750
[surface] rows 7168:7296/12750
[surface] rows 7296:7424/12750
[surface] rows 7424:7552/12750
[surface] rows 7552:7680/12750
[surface] rows 7680:7808/12750
[surface] rows 7808:7936/12750
[surface] rows 7936:8064/12750
[surface] rows 8064:8192/12750
[surface] rows 8192:8320/12750
[surface] rows 8320:8448/12750
[surface] rows 8448:8576/12750
[surface] rows 8576:8704/12750
[surface] rows 8704:8832/12750
[surface] rows 8832:8960/12750
[surface] rows 8960:9088/12750
[surface] rows 9088:9216/12750
[surface] rows 9216:9344/12750
[surface] rows 9344:9472/12750
[surface] rows 9472:9600/12750
[surface] rows 9600:9728/12750
[surface] rows 9728:9856/12750
[surface] rows 9856:9984/12750
[surface] rows 9984:10112/12750
[surface] rows 10112:10240/12750
[surface] rows 10240:10368/12750
[surface] rows 10368:10496/12750
[surface] rows 10496:10624/12750
[surface] rows 10624:10752/12750
[surface] rows 10752:10880/12750
[surface] rows 10880:11008/12750
[surface] rows 11008:11136/12750
[surface] rows 11136:11264/12750
[surface] rows 11264:11392/12750
[surface] rows 11392:11520/12750
[surface] rows 11520:11648/12750
[surface] rows 11648:11776/12750
[surface] rows 11776:11904/12750
[surface] rows 11904:12032/12750
[surface] rows 12032:12160/12750
[surface] rows 12160:12288/12750
[surface] rows 12288:12416/12750
[surface] rows 12416:12544/12750
[surface] rows 12544:12672/12750
[surface] rows 12672:12750/12750
[surface] detection: 272.2s
[surface] topology regularization: 15.2s
[surface] elastic fit: 13.9s
[surface] depth labels -> surface_labels/20231210121321/depth.npy
[surface] confidence -> surface_labels/20231210121321/confidence.npy
[surface] depth overview -> output/surface_review/20231210121321/surface_depth_overview.jpg
[surface] valid inside mask: 98.78%
[surface] rows 0:128/10494
[surface] rows 128:256/10494
[surface] rows 256:384/10494
[surface] rows 384:512/10494
[surface] rows 512:640/10494
[surface] rows 640:768/10494
[surface] rows 768:896/10494
[surface] rows 896:1024/10494
[surface] rows 1024:1152/10494
[surface] rows 1152:1280/10494
[surface] rows 1280:1408/10494
[surface] rows 1408:1536/10494
[surface] rows 1536:1664/10494
[surface] rows 1664:1792/10494
[surface] rows 1792:1920/10494
[surface] rows 1920:2048/10494
[surface] rows 2048:2176/10494
[surface] rows 2176:2304/10494
[surface] rows 2304:2432/10494
[surface] rows 2432:2560/10494
[surface] rows 2560:2688/10494
[surface] rows 2688:2816/10494
[surface] rows 2816:2944/10494
[surface] rows 2944:3072/10494
[surface] rows 3072:3200/10494
[surface] rows 3200:3328/10494
[surface] rows 3328:3456/10494
[surface] rows 3456:3584/10494
[surface] rows 3584:3712/10494
[surface] rows 3712:3840/10494
[surface] rows 3840:3968/10494
[surface] rows 3968:4096/10494
[surface] rows 4096:4224/10494
[surface] rows 4224:4352/10494
[surface] rows 4352:4480/10494
[surface] rows 4480:4608/10494
[surface] rows 4608:4736/10494
[surface] rows 4736:4864/10494
[surface] rows 4864:4992/10494
[surface] rows 4992:5120/10494
[surface] rows 5120:5248/10494
[surface] rows 5248:5376/10494
[surface] rows 5376:5504/10494
[surface] rows 5504:5632/10494
[surface] rows 5632:5760/10494
[surface] rows 5760:5888/10494
[surface] rows 5888:6016/10494
[surface] rows 6016:6144/10494
[surface] rows 6144:6272/10494
[surface] rows 6272:6400/10494
[surface] rows 6400:6528/10494
[surface] rows 6528:6656/10494
[surface] rows 6656:6784/10494
[surface] rows 6784:6912/10494
[surface] rows 6912:7040/10494
[surface] rows 7040:7168/10494
[surface] rows 7168:7296/10494
[surface] rows 7296:7424/10494
[surface] rows 7424:7552/10494
[surface] rows 7552:7680/10494
[surface] rows 7680:7808/10494
[surface] rows 7808:7936/10494
[surface] rows 7936:8064/10494
[surface] rows 8064:8192/10494
[surface] rows 8192:8320/10494
[surface] rows 8320:8448/10494
[surface] rows 8448:8576/10494
[surface] rows 8576:8704/10494
[surface] rows 8704:8832/10494
[surface] rows 8832:8960/10494
[surface] rows 8960:9088/10494
[surface] rows 9088:9216/10494
[surface] rows 9216:9344/10494
[surface] rows 9344:9472/10494
[surface] rows 9472:9600/10494
[surface] rows 9600:9728/10494
[surface] rows 9728:9856/10494
[surface] rows 9856:9984/10494
[surface] rows 9984:10112/10494
[surface] rows 10112:10240/10494
[surface] rows 10240:10368/10494
[surface] rows 10368:10494/10494
[surface] detection: 171.1s
[surface] topology regularization: 6.7s
[surface] elastic fit: 5.7s
[surface] depth labels -> surface_labels/20251112000002/depth.npy
[surface] confidence -> surface_labels/20251112000002/confidence.npy
[surface] depth overview -> output/surface_review/20251112000002/surface_depth_overview.jpg
[surface] valid inside mask: 99.33%
