nohup: ignoring input
[cleanup] rm models/degrader_pooled_native.pth
[cleanup] rm models/mae_crossres_depth.generator.pth
[cleanup] rm models/mae_crossres_depth.pth
[cleanup] rm models/mae_crossres_depth.step1000.generator.pth
[cleanup] rm models/mae_crossres_depth.step1000.pth
[cleanup] rm models/mae_crossres_depth_v2.generator.pth
[cleanup] rm models/mae_crossres_depth_v2.pth
[cleanup] rm models/mae_crossres_depth_v2.step1000.generator.pth
[cleanup] rm models/mae_crossres_depth_v2.step1000.pth
[cleanup] rm models/mae_crossres_xyz.generator.pth
[cleanup] rm models/mae_crossres_xyz.pth
[cleanup] rm models/mae_crossres_xyz.step1000.generator.pth
[cleanup] rm models/mae_crossres_xyz.step1000.pth
[cleanup] rm models/mae_crossres_xyz_v2.generator.pth
[cleanup] rm models/mae_crossres_xyz_v2.pth
[cleanup] rm models/mae_crossres_xyz_v2.step1000.generator.pth
[cleanup] rm models/mae_crossres_xyz_v2.step1000.pth
[cleanup] rm models/mae_nnunet_192_campaign33_early_deep_residual_2k.complete.json
[cleanup] rm models/mae_nnunet_192_campaign33_early_deep_residual_2k.pth
[cleanup] rm models/mae_nnunet_192_campaign33_early_deep_residual_nods_2k.complete.json
[cleanup] rm models/mae_nnunet_192_campaign33_early_deep_residual_nods_2k.pth
[cleanup] rm models/mae_nnunet_192_campaign33_early_gated_2k.complete.json
[cleanup] rm models/mae_nnunet_192_campaign33_early_gated_2k.pth
[cleanup] rm models/mae_nnunet_192_campaign33_early_gated_native196_2k.complete.json
[cleanup] rm models/mae_nnunet_192_campaign33_early_gated_native196_2k.pth
[cleanup] rm models/mae_nnunet_192_campaign33_early_gated_planar_2k.complete.json
[cleanup] rm models/mae_nnunet_192_campaign33_early_gated_planar_2k.pth
[cleanup] rm models/mae_nnunet_192_campaign33_early_residual_depth3_2k.complete.json
[cleanup] rm models/mae_nnunet_192_campaign33_early_residual_depth3_2k.pth
[cleanup] rm models/mae_nnunet_192_campaign33_mid_gated_2k.complete.json
[cleanup] rm models/mae_nnunet_192_campaign33_mid_gated_2k.pth
[cleanup] rm models/mae_nnunet_192_campaign34_early_gated_ctx384_ds2_2k.complete.json
[cleanup] rm models/mae_nnunet_192_campaign34_early_gated_ctx384_ds2_2k.pth
[cleanup] rm models/mae_nnunet_192_campaign34_early_gated_ds2_192_2k.complete.json
[cleanup] rm models/mae_nnunet_192_campaign34_early_gated_ds2_192_2k.pth
[cleanup] rm models/mae_nnunet_192_campaign34_early_gated_fiber_2k.complete.json
[cleanup] rm models/mae_nnunet_192_campaign34_early_gated_fiber_2k.pth
[cleanup] rm models/mae_nnunet_192_campaign34_early_gated_fiber_native192_2k.complete.json
[cleanup] rm models/mae_nnunet_192_campaign34_early_gated_fiber_native192_2k.pth
[cleanup] rm models/mae_nnunet_192_campaign34_early_gated_fiber_native96_2k.complete.json
[cleanup] rm models/mae_nnunet_192_campaign34_early_gated_fiber_native96_2k.pth
[cleanup] rm models/mae_nnunet_192_campaign34_early_gated_narrow_2k.complete.json
[cleanup] rm models/mae_nnunet_192_campaign34_early_gated_narrow_2k.pth
[cleanup] rm models/mae_nnunet_192_campaign34_early_gated_narrow_native192_2k.complete.json
[cleanup] rm models/mae_nnunet_192_campaign34_early_gated_narrow_native192_2k.pth
[cleanup] rm models/mae_nnunet_192_campaign34_early_gated_native128_2k.complete.json
[cleanup] rm models/mae_nnunet_192_campaign34_early_gated_native128_2k.pth
[cleanup] rm models/mae_nnunet_192_campaign34_early_gated_native192_2k.complete.json
[cleanup] rm models/mae_nnunet_192_campaign34_early_gated_native192_2k.pth
[cleanup] rm models/mae_nnunet_192_campaign34_early_gated_native192_denoise_2k.complete.json
[cleanup] rm models/mae_nnunet_192_campaign34_early_gated_native192_denoise_2k.pth
[cleanup] rm models/mae_nnunet_192_campaign34_early_gated_native196_c36_2k.complete.json
[cleanup] rm models/mae_nnunet_192_campaign34_early_gated_native196_c36_2k.pth
[cleanup] rm models/mae_nnunet_192_campaign34_early_gated_native96_2k.complete.json
[cleanup] rm models/mae_nnunet_192_campaign34_early_gated_native96_2k.pth
[cleanup] rm models/mae_nnunet_192_campaign34_early_gated_native96_denoised_2k.complete.json
[cleanup] rm models/mae_nnunet_192_campaign34_early_gated_native96_denoised_2k.pth
[cleanup] rm models/mae_nnunet_192_campaign34_early_gated_native96_depth16_2k.complete.json
[cleanup] rm models/mae_nnunet_192_campaign34_early_gated_native96_depth16_2k.pth
[cleanup] rm models/mae_nnunet_192_campaign34_early_gated_native96_nativeregime_2k.complete.json
[cleanup] rm models/mae_nnunet_192_campaign34_early_gated_native96_nativeregime_2k.pth
[cleanup] rm models/mae_nnunet_192_campaign34_early_gated_native96_surfacenorm_2k.complete.json
[cleanup] rm models/mae_nnunet_192_campaign34_early_gated_native96_surfacenorm_2k.pth
[cleanup] rm models/mae_nnunet_192_campaign34_early_gated_researcher_2k.complete.json
[cleanup] rm models/mae_nnunet_192_campaign34_early_gated_researcher_2k.pth
[cleanup] rm models/mae_nnunet_192_campaign34_early_gated_researcher_native192_2k.complete.json
[cleanup] rm models/mae_nnunet_192_campaign34_early_gated_researcher_native192_2k.pth
[cleanup] rm models/mae_slab_native96.pth
[cleanup] rm models/mae_slab_native96.step1000.pth
[cleanup] rm models/mae_upsampled_learned_native96.full.pth
[cleanup] rm models/mae_upsampled_learned_native96.json
[cleanup] rm models/mae_upsampled_learned_native96.pth
[cleanup] rm models/mae_upsampled_learned_native96.step1000.full.pth
[cleanup] rm models/mae_upsampled_learned_native96.step1000.json
[cleanup] rm models/mae_upsampled_learned_native96.step1000.pth
[cleanup] rm models/mae_upsampled_trilinear_native96.full.pth
[cleanup] rm models/mae_upsampled_trilinear_native96.json
[cleanup] rm models/mae_upsampled_trilinear_native96.pth
[cleanup] rm models/mae_upsampled_trilinear_native96.step1000.full.pth
[cleanup] rm models/mae_upsampled_trilinear_native96.step1000.json
[cleanup] rm models/mae_upsampled_trilinear_native96.step1000.pth
[cleanup] rm models/upsampler_learned_xy2_d4.pth
[cleanup] done; kept: archs29 archs31 archs32 archs33 archs34 archs35 archs36 archs37 archs38 archs38_smoke archs39 c39_degrader.json c39_degrader.pth c39_mae_base.pth c39_mae_crossres_depth.generator.pth c39_mae_crossres_depth.pth c39_mae_crossres_depth.step1000.generator.pth c39_mae_crossres_depth.step1000.pth c39_mae_crossres_xyz.generator.pth c39_mae_crossres_xyz.pth c39_mae_crossres_xyz.step1000.generator.pth c39_mae_crossres_xyz.step1000.pth c39_mae_slab.full.pth c39_mae_slab.pth c39_mae_slab.step1000.full.pth c39_mae_slab.step1000.pth c39_mae_upsampled_learned.full.pth c39_mae_upsampled_learned.json c39_mae_upsampled_learned.pth c39_mae_upsampled_learned.step1000.full.pth c39_mae_upsampled_learned.step1000.json c39_mae_upsampled_learned.step1000.pth c39_mae_upsampled_trilinear.full.pth c39_mae_upsampled_trilinear.json c39_mae_upsampled_trilinear.pth c39_mae_upsampled_trilinear.step1000.full.pth c39_mae_upsampled_trilinear.step1000.json c39_mae_upsampled_trilinear.step1000.pth c39_upsampler_learned.pth denoiser_n2v_block3_4k.complete.json denoiser_n2v_block3_4k.pth 
