[crossres] w044 (train): 16 train / 2 monitor tiles, LUT 0/128/255 -> -0.096/0.797/1.528
[crossres] w059 (train): 54 train / 6 monitor tiles, LUT 0/128/255 -> -0.092/0.778/1.441
[crossres] w030 (train): 14 train / 2 monitor tiles, LUT 0/128/255 -> -0.191/0.923/1.025
[crossres] w043 (train): 29 train / 4 monitor tiles, LUT 0/128/255 -> -0.132/0.799/1.279
[crossres] w045 (train): 50 train / 6 monitor tiles, LUT 0/128/255 -> -0.144/0.823/1.154
[crossres] w040 (train): 108 train / 13 monitor tiles, LUT 0/128/255 -> -0.129/0.818/1.535
[crossres] w041 (train): 57 train / 7 monitor tiles, LUT 0/128/255 -> -0.137/0.826/1.497
[crossres] w039 (train): 17 train / 2 monitor tiles, LUT 0/128/255 -> -0.152/0.855/1.357
[crossres] w035 (train): 27 train / 3 monitor tiles, LUT 0/128/255 -> -0.237/0.984/1.000
[crossres] 500P2_front (train): 38 train / 5 monitor tiles, LUT 0/128/255 -> -0.063/0.821/1.521
[crossres] seg46527 (train): 5 train / 1 monitor tiles, LUT 0/128/255 -> -0.054/0.648/1.293
[crossres] paired scroll weights (sqrt tiles): {'PHerc0139': 0.697, 'PHerc0500P2': 0.223, 'PHerc0814': 0.081}
/usr/local/lib/python3.10/dist-packages/torch/_utils.py:831: UserWarning: TypedStorage is deprecated. It will be removed in the future and UntypedStorage will be the only storage class. This should only matter to you if you are using storages directly.  To access UntypedStorage directly, use tensor.untyped_storage() instead of tensor.storage()
  return self.fget.__get__(instance, owner)()
Model parameters (nnunet3d_lcndz): 7,522,746
[crossres] warm start from models/mae_nnunet_192_campaign34_early_gated_fiber_native96_2k.pth: loaded 188/188 (missing 0)
[crossres] dry-run standard (16, 1, 8, 96, 96)
[crossres] dry-run paired (16, 1, 8, 96, 96) target (16, 1, 32, 96, 96) valid_frac=0.995 zids=[20250223000000, 20250628074500, 20250831000000, 20260108000000, 20260126000000, 20260226000000, 20260302000000, 20260317000000] (scale 1, depth x4)
[crossres] dry-run forward/backward rec=0.31709 sr=0.01728 params with grad=97 micro-batch=32 peak GPU 2.7 GB
[crossres] dry-run monitor {"monitor_rec": 0.299674, "monitor_rec_slab": 0.300573, "monitor_sr": 0.024173, "monitor_sr_trilinear": 0.024173, "monitor_sr_linear3": 0.020805, "monitor_sr_masked": 0.024137, "monitor_sr_gain_vs_linear3": -0.161903}
