[crossres] w044 (train): 16 train / 2 monitor tiles, LUT 0/128/255 -> -0.096/0.797/1.528
[crossres] w059 (train): 54 train / 6 monitor tiles, LUT 0/128/255 -> -0.092/0.778/1.441
[crossres] w030 (train): 14 train / 2 monitor tiles, LUT 0/128/255 -> -0.191/0.923/1.025
[crossres] w043 (train): 29 train / 4 monitor tiles, LUT 0/128/255 -> -0.132/0.799/1.279
[crossres] w045 (train): 50 train / 6 monitor tiles, LUT 0/128/255 -> -0.144/0.823/1.154
[crossres] w040 (train): 108 train / 13 monitor tiles, LUT 0/128/255 -> -0.129/0.818/1.535
[crossres] w041 (train): 57 train / 7 monitor tiles, LUT 0/128/255 -> -0.137/0.826/1.497
[crossres] w039 (train): 17 train / 2 monitor tiles, LUT 0/128/255 -> -0.152/0.855/1.357
[crossres] w035 (train): 27 train / 3 monitor tiles, LUT 0/128/255 -> -0.237/0.984/1.000
[crossres] 500P2_front (train): 38 train / 5 monitor tiles, LUT 0/128/255 -> -0.063/0.821/1.521
[crossres] seg46527 (train): 5 train / 1 monitor tiles, LUT 0/128/255 -> -0.054/0.648/1.293
[crossres] paired scroll weights (sqrt tiles): {'PHerc0139': 0.697, 'PHerc0500P2': 0.223, 'PHerc0814': 0.081}
/usr/local/lib/python3.10/dist-packages/torch/_utils.py:831: UserWarning: TypedStorage is deprecated. It will be removed in the future and UntypedStorage will be the only storage class. This should only matter to you if you are using storages directly.  To access UntypedStorage directly, use tensor.untyped_storage() instead of tensor.storage()
  return self.fget.__get__(instance, owner)()
Model parameters (nnunet3d_lcndz): 7,522,746
[crossres] warm start from models/c39_mae_base.pth: loaded 188/188 (missing 0)
WARNING: All log messages before absl::InitializeLog() is called are written to STDERR
E0000 00:00:1790737074.501107  582412 cuda_dnn.cc:8579] Unable to register cuDNN factory: Attempting to register factory for plugin cuDNN when one has already been registered
E0000 00:00:1790737074.504742  582412 cuda_blas.cc:1407] Unable to register cuBLAS factory: Attempting to register factory for plugin cuBLAS when one has already been registered
W0000 00:00:1790737074.514732  582412 computation_placer.cc:177] computation placer already registered. Please check linkage and avoid linking the same target more than once.
W0000 00:00:1790737074.514753  582412 computation_placer.cc:177] computation placer already registered. Please check linkage and avoid linking the same target more than once.
W0000 00:00:1790737074.514758  582412 computation_placer.cc:177] computation placer already registered. Please check linkage and avoid linking the same target more than once.
W0000 00:00:1790737074.514760  582412 computation_placer.cc:177] computation placer already registered. Please check linkage and avoid linking the same target more than once.
[crossres] step 0/2000 monitor_rec=0.25771 monitor_rec_slab=0.25700 monitor_sr=0.02417 monitor_sr_trilinear=0.02417 monitor_sr_linear3=0.02080 monitor_sr_masked=0.02414 monitor_sr_gain_vs_linear3=-0.16190 1s
[crossres] step 50/2000 train_rec=0.23579 lr=0.00000 lr_head=0.00037 train_sr=0.02080 monitor_rec=0.12574 monitor_rec_slab=0.13803 monitor_sr=0.02280 monitor_sr_trilinear=0.02417 monitor_sr_linear3=0.02080 monitor_sr_masked=0.02292 monitor_sr_gain_vs_linear3=-0.09594 21s
[crossres] step 100/2000 train_rec=0.08337 lr=0.00000 lr_head=0.00075 train_sr=0.02002 monitor_rec=0.02658 monitor_rec_slab=0.04758 monitor_sr=0.02265 monitor_sr_trilinear=0.02417 monitor_sr_linear3=0.02080 monitor_sr_masked=0.02278 monitor_sr_gain_vs_linear3=-0.08855 42s
[crossres] step 150/2000 train_rec=0.04173 lr=0.00000 lr_head=0.00075 train_sr=0.01963 monitor_rec=0.02122 monitor_rec_slab=0.04333 monitor_sr=0.02267 monitor_sr_trilinear=0.02417 monitor_sr_linear3=0.02080 monitor_sr_masked=0.02278 monitor_sr_gain_vs_linear3=-0.08983 62s
[crossres] step 200/2000 train_rec=0.03945 lr=0.00000 lr_head=0.00074 train_sr=0.01917 monitor_rec=0.01921 monitor_rec_slab=0.04201 monitor_sr=0.02222 monitor_sr_trilinear=0.02417 monitor_sr_linear3=0.02080 monitor_sr_masked=0.02222 monitor_sr_gain_vs_linear3=-0.06802 82s
[crossres] step 250/2000 train_rec=0.03647 lr=0.00007 lr_head=0.00074 train_sr=0.01991 monitor_rec=0.01909 monitor_rec_slab=0.03849 monitor_sr=0.02177 monitor_sr_trilinear=0.02417 monitor_sr_linear3=0.02080 monitor_sr_masked=0.02182 monitor_sr_gain_vs_linear3=-0.04645 102s
[crossres] step 300/2000 train_rec=0.03548 lr=0.00015 lr_head=0.00073 train_sr=0.02004 monitor_rec=0.01951 monitor_rec_slab=0.03461 monitor_sr=0.02225 monitor_sr_trilinear=0.02417 monitor_sr_linear3=0.02080 monitor_sr_masked=0.02231 monitor_sr_gain_vs_linear3=-0.06947 122s
[crossres] step 350/2000 train_rec=0.03265 lr=0.00014 lr_head=0.00072 train_sr=0.02102 monitor_rec=0.01931 monitor_rec_slab=0.03179 monitor_sr=0.02201 monitor_sr_trilinear=0.02417 monitor_sr_linear3=0.02080 monitor_sr_masked=0.02203 monitor_sr_gain_vs_linear3=-0.05799 141s
[crossres] step 400/2000 train_rec=0.03053 lr=0.00014 lr_head=0.00071 train_sr=0.01979 monitor_rec=0.01933 monitor_rec_slab=0.02844 monitor_sr=0.02179 monitor_sr_trilinear=0.02417 monitor_sr_linear3=0.02080 monitor_sr_masked=0.02185 monitor_sr_gain_vs_linear3=-0.04726 161s
[crossres] step 450/2000 train_rec=0.02932 lr=0.00014 lr_head=0.00069 train_sr=0.01900 monitor_rec=0.01893 monitor_rec_slab=0.02712 monitor_sr=0.02169 monitor_sr_trilinear=0.02417 monitor_sr_linear3=0.02080 monitor_sr_masked=0.02169 monitor_sr_gain_vs_linear3=-0.04248 181s
[crossres] step 500/2000 train_rec=0.02740 lr=0.00013 lr_head=0.00067 train_sr=0.01856 monitor_rec=0.01898 monitor_rec_slab=0.02594 monitor_sr=0.02172 monitor_sr_trilinear=0.02417 monitor_sr_linear3=0.02080 monitor_sr_masked=0.02175 monitor_sr_gain_vs_linear3=-0.04416 200s
[crossres] saved models/c39_mae_crossres_depth.pth (188 backbone keys)
[crossres] step 550/2000 train_rec=0.02682 lr=0.00013 lr_head=0.00065 train_sr=0.01874 monitor_rec=0.01845 monitor_rec_slab=0.02510 monitor_sr=0.02168 monitor_sr_trilinear=0.02417 monitor_sr_linear3=0.02080 monitor_sr_masked=0.02171 monitor_sr_gain_vs_linear3=-0.04220 218s
[crossres] step 600/2000 train_rec=0.02567 lr=0.00013 lr_head=0.00063 train_sr=0.01925 monitor_rec=0.01903 monitor_rec_slab=0.02535 monitor_sr=0.02165 monitor_sr_trilinear=0.02417 monitor_sr_linear3=0.02080 monitor_sr_masked=0.02171 monitor_sr_gain_vs_linear3=-0.04059 238s
[crossres] step 650/2000 train_rec=0.02611 lr=0.00012 lr_head=0.00061 train_sr=0.01883 monitor_rec=0.01804 monitor_rec_slab=0.02387 monitor_sr=0.02216 monitor_sr_trilinear=0.02417 monitor_sr_linear3=0.02080 monitor_sr_masked=0.02224 monitor_sr_gain_vs_linear3=-0.06536 258s
[crossres] step 700/2000 train_rec=0.02522 lr=0.00012 lr_head=0.00058 train_sr=0.01853 monitor_rec=0.01765 monitor_rec_slab=0.02345 monitor_sr=0.02170 monitor_sr_trilinear=0.02417 monitor_sr_linear3=0.02080 monitor_sr_masked=0.02169 monitor_sr_gain_vs_linear3=-0.04315 277s
[crossres] step 750/2000 train_rec=0.02541 lr=0.00011 lr_head=0.00056 train_sr=0.01885 monitor_rec=0.01733 monitor_rec_slab=0.02295 monitor_sr=0.02165 monitor_sr_trilinear=0.02417 monitor_sr_linear3=0.02080 monitor_sr_masked=0.02168 monitor_sr_gain_vs_linear3=-0.04045 296s
[crossres] step 800/2000 train_rec=0.02447 lr=0.00011 lr_head=0.00053 train_sr=0.01823 monitor_rec=0.01703 monitor_rec_slab=0.02263 monitor_sr=0.02160 monitor_sr_trilinear=0.02417 monitor_sr_linear3=0.02080 monitor_sr_masked=0.02165 monitor_sr_gain_vs_linear3=-0.03813 316s
[crossres] step 850/2000 train_rec=0.02395 lr=0.00010 lr_head=0.00050 train_sr=0.01871 monitor_rec=0.01678 monitor_rec_slab=0.02235 monitor_sr=0.02140 monitor_sr_trilinear=0.02417 monitor_sr_linear3=0.02080 monitor_sr_masked=0.02147 monitor_sr_gain_vs_linear3=-0.02880 335s
[crossres] step 900/2000 train_rec=0.02362 lr=0.00009 lr_head=0.00047 train_sr=0.01891 monitor_rec=0.01659 monitor_rec_slab=0.02205 monitor_sr=0.02140 monitor_sr_trilinear=0.02417 monitor_sr_linear3=0.02080 monitor_sr_masked=0.02144 monitor_sr_gain_vs_linear3=-0.02883 355s
[crossres] step 950/2000 train_rec=0.02360 lr=0.00009 lr_head=0.00044 train_sr=0.01836 monitor_rec=0.01672 monitor_rec_slab=0.02202 monitor_sr=0.02138 monitor_sr_trilinear=0.02417 monitor_sr_linear3=0.02080 monitor_sr_masked=0.02144 monitor_sr_gain_vs_linear3=-0.02777 375s
[crossres] step 1000/2000 train_rec=0.02342 lr=0.00008 lr_head=0.00041 train_sr=0.01873 monitor_rec=0.01642 monitor_rec_slab=0.02174 monitor_sr=0.02142 monitor_sr_trilinear=0.02417 monitor_sr_linear3=0.02080 monitor_sr_masked=0.02143 monitor_sr_gain_vs_linear3=-0.02949 395s
[crossres] saved models/c39_mae_crossres_depth.pth (188 backbone keys)
[crossres] saved models/c39_mae_crossres_depth.step1000.pth (188 backbone keys)
[crossres] step 1050/2000 train_rec=0.02364 lr=0.00008 lr_head=0.00038 train_sr=0.01858 monitor_rec=0.01640 monitor_rec_slab=0.02195 monitor_sr=0.02142 monitor_sr_trilinear=0.02417 monitor_sr_linear3=0.02080 monitor_sr_masked=0.02149 monitor_sr_gain_vs_linear3=-0.02947 413s
[crossres] step 1100/2000 train_rec=0.02341 lr=0.00007 lr_head=0.00035 train_sr=0.01846 monitor_rec=0.01606 monitor_rec_slab=0.02129 monitor_sr=0.02129 monitor_sr_trilinear=0.02417 monitor_sr_linear3=0.02080 monitor_sr_masked=0.02132 monitor_sr_gain_vs_linear3=-0.02343 433s
[crossres] step 1150/2000 train_rec=0.02333 lr=0.00006 lr_head=0.00032 train_sr=0.01852 monitor_rec=0.01607 monitor_rec_slab=0.02132 monitor_sr=0.02119 monitor_sr_trilinear=0.02417 monitor_sr_linear3=0.02080 monitor_sr_masked=0.02127 monitor_sr_gain_vs_linear3=-0.01848 452s
[crossres] step 1200/2000 train_rec=0.02270 lr=0.00006 lr_head=0.00029 train_sr=0.01863 monitor_rec=0.01588 monitor_rec_slab=0.02114 monitor_sr=0.02132 monitor_sr_trilinear=0.02417 monitor_sr_linear3=0.02080 monitor_sr_masked=0.02135 monitor_sr_gain_vs_linear3=-0.02478 471s
[crossres] step 1250/2000 train_rec=0.02218 lr=0.00005 lr_head=0.00026 train_sr=0.01853 monitor_rec=0.01578 monitor_rec_slab=0.02095 monitor_sr=0.02145 monitor_sr_trilinear=0.02417 monitor_sr_linear3=0.02080 monitor_sr_masked=0.02145 monitor_sr_gain_vs_linear3=-0.03103 490s
[crossres] step 1300/2000 train_rec=0.02238 lr=0.00005 lr_head=0.00023 train_sr=0.01887 monitor_rec=0.01570 monitor_rec_slab=0.02093 monitor_sr=0.02117 monitor_sr_trilinear=0.02417 monitor_sr_linear3=0.02080 monitor_sr_masked=0.02119 monitor_sr_gain_vs_linear3=-0.01757 509s
[crossres] step 1350/2000 train_rec=0.02198 lr=0.00004 lr_head=0.00021 train_sr=0.01829 monitor_rec=0.01576 monitor_rec_slab=0.02093 monitor_sr=0.02118 monitor_sr_trilinear=0.02417 monitor_sr_linear3=0.02080 monitor_sr_masked=0.02122 monitor_sr_gain_vs_linear3=-0.01787 527s
[crossres] step 1400/2000 train_rec=0.02262 lr=0.00004 lr_head=0.00018 train_sr=0.01872 monitor_rec=0.01563 monitor_rec_slab=0.02068 monitor_sr=0.02126 monitor_sr_trilinear=0.02417 monitor_sr_linear3=0.02080 monitor_sr_masked=0.02129 monitor_sr_gain_vs_linear3=-0.02168 545s
[crossres] step 1450/2000 train_rec=0.02207 lr=0.00003 lr_head=0.00016 train_sr=0.01789 monitor_rec=0.01561 monitor_rec_slab=0.02064 monitor_sr=0.02117 monitor_sr_trilinear=0.02417 monitor_sr_linear3=0.02080 monitor_sr_masked=0.02116 monitor_sr_gain_vs_linear3=-0.01743 564s
[crossres] step 1500/2000 train_rec=0.02231 lr=0.00003 lr_head=0.00013 train_sr=0.01767 monitor_rec=0.01552 monitor_rec_slab=0.02055 monitor_sr=0.02122 monitor_sr_trilinear=0.02417 monitor_sr_linear3=0.02080 monitor_sr_masked=0.02124 monitor_sr_gain_vs_linear3=-0.01980 583s
[crossres] saved models/c39_mae_crossres_depth.pth (188 backbone keys)
[crossres] step 1550/2000 train_rec=0.02225 lr=0.00002 lr_head=0.00011 train_sr=0.01843 monitor_rec=0.01546 monitor_rec_slab=0.02054 monitor_sr=0.02116 monitor_sr_trilinear=0.02417 monitor_sr_linear3=0.02080 monitor_sr_masked=0.02117 monitor_sr_gain_vs_linear3=-0.01730 601s
[crossres] step 1600/2000 train_rec=0.02208 lr=0.00002 lr_head=0.00009 train_sr=0.01920 monitor_rec=0.01556 monitor_rec_slab=0.02062 monitor_sr=0.02115 monitor_sr_trilinear=0.02417 monitor_sr_linear3=0.02080 monitor_sr_masked=0.02118 monitor_sr_gain_vs_linear3=-0.01673 620s
[crossres] step 1650/2000 train_rec=0.02258 lr=0.00001 lr_head=0.00007 train_sr=0.01853 monitor_rec=0.01549 monitor_rec_slab=0.02056 monitor_sr=0.02113 monitor_sr_trilinear=0.02417 monitor_sr_linear3=0.02080 monitor_sr_masked=0.02113 monitor_sr_gain_vs_linear3=-0.01561 639s
[crossres] step 1700/2000 train_rec=0.02233 lr=0.00001 lr_head=0.00006 train_sr=0.01876 monitor_rec=0.01544 monitor_rec_slab=0.02053 monitor_sr=0.02103 monitor_sr_trilinear=0.02417 monitor_sr_linear3=0.02080 monitor_sr_masked=0.02102 monitor_sr_gain_vs_linear3=-0.01073 657s
[crossres] step 1750/2000 train_rec=0.02199 lr=0.00001 lr_head=0.00005 train_sr=0.01893 monitor_rec=0.01540 monitor_rec_slab=0.02048 monitor_sr=0.02099 monitor_sr_trilinear=0.02417 monitor_sr_linear3=0.02080 monitor_sr_masked=0.02098 monitor_sr_gain_vs_linear3=-0.00869 675s
[crossres] step 1800/2000 train_rec=0.02176 lr=0.00001 lr_head=0.00003 train_sr=0.01885 monitor_rec=0.01538 monitor_rec_slab=0.02047 monitor_sr=0.02107 monitor_sr_trilinear=0.02417 monitor_sr_linear3=0.02080 monitor_sr_masked=0.02106 monitor_sr_gain_vs_linear3=-0.01275 693s
[crossres] step 1850/2000 train_rec=0.02205 lr=0.00001 lr_head=0.00003 train_sr=0.01824 monitor_rec=0.01540 monitor_rec_slab=0.02048 monitor_sr=0.02104 monitor_sr_trilinear=0.02417 monitor_sr_linear3=0.02080 monitor_sr_masked=0.02103 monitor_sr_gain_vs_linear3=-0.01133 712s
[crossres] step 1900/2000 train_rec=0.02189 lr=0.00000 lr_head=0.00002 train_sr=0.01786 monitor_rec=0.01539 monitor_rec_slab=0.02045 monitor_sr=0.02105 monitor_sr_trilinear=0.02417 monitor_sr_linear3=0.02080 monitor_sr_masked=0.02105 monitor_sr_gain_vs_linear3=-0.01178 731s
[crossres] step 1950/2000 train_rec=0.02227 lr=0.00000 lr_head=0.00002 train_sr=0.01855 monitor_rec=0.01539 monitor_rec_slab=0.02044 monitor_sr=0.02106 monitor_sr_trilinear=0.02417 monitor_sr_linear3=0.02080 monitor_sr_masked=0.02104 monitor_sr_gain_vs_linear3=-0.01208 749s
[crossres] step 2000/2000 train_rec=0.02165 lr=0.00000 lr_head=0.00001 train_sr=0.01778 monitor_rec=0.01538 monitor_rec_slab=0.02042 monitor_sr=0.02103 monitor_sr_trilinear=0.02417 monitor_sr_linear3=0.02080 monitor_sr_masked=0.02103 monitor_sr_gain_vs_linear3=-0.01084 767s
[crossres] saved models/c39_mae_crossres_depth.pth (188 backbone keys)
