[upsampler] 11 segments ['w044', 'w059', 'w030', 'w043', 'w045', 'w040', 'w041', 'w039', 'w035', '500P2_front', 'seg46527']; scroll weights {'PHerc0139': 0.697, 'PHerc0500P2': 0.223, 'PHerc0814': 0.081}
[upsampler] params=395,632
WARNING: All log messages before absl::InitializeLog() is called are written to STDERR
E0000 00:00:1790740226.945718  584593 cuda_dnn.cc:8579] Unable to register cuDNN factory: Attempting to register factory for plugin cuDNN when one has already been registered
E0000 00:00:1790740226.949441  584593 cuda_blas.cc:1407] Unable to register cuBLAS factory: Attempting to register factory for plugin cuBLAS when one has already been registered
W0000 00:00:1790740226.960437  584593 computation_placer.cc:177] computation placer already registered. Please check linkage and avoid linking the same target more than once.
W0000 00:00:1790740226.960460  584593 computation_placer.cc:177] computation placer already registered. Please check linkage and avoid linking the same target more than once.
W0000 00:00:1790740226.960463  584593 computation_placer.cc:177] computation placer already registered. Please check linkage and avoid linking the same target more than once.
W0000 00:00:1790740226.960465  584593 computation_placer.cc:177] computation placer already registered. Please check linkage and avoid linking the same target more than once.
[upsampler] step 0/3000 monitor=0.02371 trilinear=0.02371 linear3=0.02025 ratio_vs_trilinear=1.00000 ratio_vs_linear3=1.17102 1s
[upsampler] step 100/3000 train=0.02209 monitor=0.02209 trilinear=0.02371 linear3=0.02025 ratio_vs_trilinear=0.93156 ratio_vs_linear3=1.09087 82s
[upsampler] step 200/3000 train=0.02141 monitor=0.02194 trilinear=0.02371 linear3=0.02025 ratio_vs_trilinear=0.92551 ratio_vs_linear3=1.08380 162s
[upsampler] step 300/3000 train=0.02047 monitor=0.02154 trilinear=0.02371 linear3=0.02025 ratio_vs_trilinear=0.90827 ratio_vs_linear3=1.06360 243s
[upsampler] step 400/3000 train=0.01995 monitor=0.02178 trilinear=0.02371 linear3=0.02025 ratio_vs_trilinear=0.91865 ratio_vs_linear3=1.07576 324s
[upsampler] step 500/3000 train=0.01982 monitor=0.02134 trilinear=0.02371 linear3=0.02025 ratio_vs_trilinear=0.89998 ratio_vs_linear3=1.05390 406s
[upsampler] step 600/3000 train=0.02052 monitor=0.02138 trilinear=0.02371 linear3=0.02025 ratio_vs_trilinear=0.90158 ratio_vs_linear3=1.05576 487s
[upsampler] step 700/3000 train=0.02006 monitor=0.02139 trilinear=0.02371 linear3=0.02025 ratio_vs_trilinear=0.90197 ratio_vs_linear3=1.05622 568s
[upsampler] step 800/3000 train=0.01939 monitor=0.02113 trilinear=0.02371 linear3=0.02025 ratio_vs_trilinear=0.89111 ratio_vs_linear3=1.04350 648s
[upsampler] step 900/3000 train=0.01982 monitor=0.02116 trilinear=0.02371 linear3=0.02025 ratio_vs_trilinear=0.89238 ratio_vs_linear3=1.04499 729s
[upsampler] step 1000/3000 train=0.01942 monitor=0.02111 trilinear=0.02371 linear3=0.02025 ratio_vs_trilinear=0.89021 ratio_vs_linear3=1.04245 810s
[upsampler] step 1100/3000 train=0.01974 monitor=0.02118 trilinear=0.02371 linear3=0.02025 ratio_vs_trilinear=0.89311 ratio_vs_linear3=1.04585 891s
[upsampler] step 1200/3000 train=0.01984 monitor=0.02123 trilinear=0.02371 linear3=0.02025 ratio_vs_trilinear=0.89536 ratio_vs_linear3=1.04848 971s
[upsampler] step 1300/3000 train=0.02010 monitor=0.02095 trilinear=0.02371 linear3=0.02025 ratio_vs_trilinear=0.88359 ratio_vs_linear3=1.03470 1052s
[upsampler] step 1400/3000 train=0.01996 monitor=0.02113 trilinear=0.02371 linear3=0.02025 ratio_vs_trilinear=0.89109 ratio_vs_linear3=1.04349 1133s
[upsampler] step 1500/3000 train=0.01986 monitor=0.02093 trilinear=0.02371 linear3=0.02025 ratio_vs_trilinear=0.88264 ratio_vs_linear3=1.03359 1214s
[upsampler] step 1600/3000 train=0.01941 monitor=0.02094 trilinear=0.02371 linear3=0.02025 ratio_vs_trilinear=0.88316 ratio_vs_linear3=1.03420 1295s
[upsampler] step 1700/3000 train=0.01943 monitor=0.02094 trilinear=0.02371 linear3=0.02025 ratio_vs_trilinear=0.88304 ratio_vs_linear3=1.03406 1376s
[upsampler] step 1800/3000 train=0.02001 monitor=0.02089 trilinear=0.02371 linear3=0.02025 ratio_vs_trilinear=0.88106 ratio_vs_linear3=1.03174 1457s
[upsampler] step 1900/3000 train=0.01976 monitor=0.02095 trilinear=0.02371 linear3=0.02025 ratio_vs_trilinear=0.88364 ratio_vs_linear3=1.03476 1538s
[upsampler] step 2000/3000 train=0.01936 monitor=0.02085 trilinear=0.02371 linear3=0.02025 ratio_vs_trilinear=0.87928 ratio_vs_linear3=1.02965 1618s
[upsampler] step 2100/3000 train=0.01953 monitor=0.02083 trilinear=0.02371 linear3=0.02025 ratio_vs_trilinear=0.87849 ratio_vs_linear3=1.02873 1699s
[upsampler] step 2200/3000 train=0.01951 monitor=0.02083 trilinear=0.02371 linear3=0.02025 ratio_vs_trilinear=0.87856 ratio_vs_linear3=1.02881 1780s
[upsampler] step 2300/3000 train=0.01947 monitor=0.02083 trilinear=0.02371 linear3=0.02025 ratio_vs_trilinear=0.87832 ratio_vs_linear3=1.02853 1860s
[upsampler] step 2400/3000 train=0.01965 monitor=0.02081 trilinear=0.02371 linear3=0.02025 ratio_vs_trilinear=0.87778 ratio_vs_linear3=1.02790 1941s
[upsampler] step 2500/3000 train=0.01975 monitor=0.02083 trilinear=0.02371 linear3=0.02025 ratio_vs_trilinear=0.87860 ratio_vs_linear3=1.02885 2021s
[upsampler] step 2600/3000 train=0.01930 monitor=0.02080 trilinear=0.02371 linear3=0.02025 ratio_vs_trilinear=0.87707 ratio_vs_linear3=1.02707 2102s
[upsampler] step 2700/3000 train=0.01937 monitor=0.02079 trilinear=0.02371 linear3=0.02025 ratio_vs_trilinear=0.87697 ratio_vs_linear3=1.02695 2183s
[upsampler] step 2800/3000 train=0.01956 monitor=0.02076 trilinear=0.02371 linear3=0.02025 ratio_vs_trilinear=0.87571 ratio_vs_linear3=1.02548 2265s
[upsampler] step 2900/3000 train=0.01955 monitor=0.02077 trilinear=0.02371 linear3=0.02025 ratio_vs_trilinear=0.87600 ratio_vs_linear3=1.02581 2345s
[upsampler] step 3000/3000 train=0.01968 monitor=0.02074 trilinear=0.02371 linear3=0.02025 ratio_vs_trilinear=0.87477 ratio_vs_linear3=1.02437 2426s
[upsampler] best step 3000: ratio_vs_trilinear=0.8748 ratio_vs_linear3=1.0244 -> models/c39_upsampler_learned.pth
