/usr/local/lib/python3.10/dist-packages/torch/_utils.py:831: UserWarning: TypedStorage is deprecated. It will be removed in the future and UntypedStorage will be the only storage class. This should only matter to you if you are using storages directly.  To access UntypedStorage directly, use tensor.untyped_storage() instead of tensor.storage()
  return self.fget.__get__(instance, owner)()
[noise] 20260115000000: 38,916,481 candidate origins
[noise] 20260317000000: 20,701,292 candidate origins
[noise] 20250223000000: 52,195,720 candidate origins
[noise] 20250108000005: 41,226,784 candidate origins
[noise] 20260112000000: 39,920,583 candidate origins
[noise] 20260126000000: 39,765,200 candidate origins
[noise] 20250831000000: 36,853,622 candidate origins
[noise] 20260108000000: 39,605,890 candidate origins
[noise] 20260302000000: 37,697,007 candidate origins
[noise] 20260226000000: 2,786,816 candidate origins
[noise] 20250628074500: 7,220,954 candidate origins
{
 "scroll_ids": [
  20260115000000,
  20260317000000,
  20250223000000,
  20250108000005,
  20260112000000,
  20260126000000,
  20250831000000,
  20260108000000,
  20260302000000,
  20260226000000,
  20250628074500
 ],
 "patches_per_scroll": {
  "20260115000000": 24,
  "20260317000000": 24,
  "20250223000000": 24,
  "20250108000005": 23,
  "20260112000000": 23,
  "20260126000000": 23,
  "20250831000000": 23,
  "20260108000000": 23,
  "20260302000000": 23,
  "20260226000000": 23,
  "20250628074500": 23
 },
 "denoiser": "denoiser_n2v_block3_4k.pth",
 "slices": [
  6,
  22
 ],
 "size": 128,
 "label_margin": 64,
 "normalisation": "norm_cache.json, clipped to [0, 1]",
 "norm_mode": "surface_anchor",
 "residual_std": 0.02043653279542923,
 "sigma_spread": 1.92126367665504,
 "intensity_scaled": true,
 "sigma_coeffs": [
  0.016442860038793968,
  0.011813785118187356
 ],
 "sigma_floor": 0.0067075625993311405
}
[noise] intensity 0.150: sigma 0.0149
[noise] intensity 0.220: sigma 0.0137
[noise] intensity 0.266: sigma 0.0134
[noise] intensity 0.324: sigma 0.0182
[noise] intensity 0.433: sigma 0.0220
[noise] intensity 0.533: sigma 0.0220
[noise] intensity 0.615: sigma 0.0220
[noise] intensity 0.691: sigma 0.0226
[noise] intensity 0.772: sigma 0.0241
[noise] intensity 0.901: sigma 0.0258
[noise] wrote /vesuvius/_ves_tmp/native_noise_bank.npy (256, 16, 128, 128) (134 MB)
