[crossres] w044 (train): 16 train / 2 monitor tiles, LUT 0/128/255 -> -0.082/0.790/1.490
[crossres] w059 (train): 54 train / 6 monitor tiles, LUT 0/128/255 -> -0.080/0.778/1.417
[crossres] w030 (train): 14 train / 2 monitor tiles, LUT 0/128/255 -> -0.176/0.917/1.024
[crossres] w043 (train): 29 train / 4 monitor tiles, LUT 0/128/255 -> -0.112/0.798/1.265
[crossres] w045 (train): 50 train / 6 monitor tiles, LUT 0/128/255 -> -0.127/0.817/1.146
[crossres] w040 (train): 108 train / 13 monitor tiles, LUT 0/128/255 -> -0.114/0.812/1.500
[crossres] w041 (train): 57 train / 7 monitor tiles, LUT 0/128/255 -> -0.122/0.820/1.464
[crossres] w039 (train): 17 train / 2 monitor tiles, LUT 0/128/255 -> -0.130/0.846/1.331
[crossres] w035 (train): 27 train / 3 monitor tiles, LUT 0/128/255 -> -0.210/0.977/1.000
[crossres] 500P2_front (train): 38 train / 5 monitor tiles, LUT 0/128/255 -> -0.067/0.817/1.510
[crossres] seg46527 (train): 5 train / 1 monitor tiles, LUT 0/128/255 -> -0.041/0.647/1.276
[crossres] paired scroll weights (sqrt tiles): {'PHerc0139': 0.697, 'PHerc0500P2': 0.223, 'PHerc0814': 0.081}
/usr/local/lib/python3.10/dist-packages/torch/_utils.py:831: UserWarning: TypedStorage is deprecated. It will be removed in the future and UntypedStorage will be the only storage class. This should only matter to you if you are using storages directly.  To access UntypedStorage directly, use tensor.untyped_storage() instead of tensor.storage()
  return self.fget.__get__(instance, owner)()
Model parameters (nnunet3d_lcndz): 7,522,746
[crossres] warm start from models/c39_mae_base.pth: loaded 188/188 (missing 0)
WARNING: All log messages before absl::InitializeLog() is called are written to STDERR
E0000 00:00:1790738073.262325  583083 cuda_dnn.cc:8579] Unable to register cuDNN factory: Attempting to register factory for plugin cuDNN when one has already been registered
E0000 00:00:1790738073.269544  583083 cuda_blas.cc:1407] Unable to register cuBLAS factory: Attempting to register factory for plugin cuBLAS when one has already been registered
W0000 00:00:1790738073.312105  583083 computation_placer.cc:177] computation placer already registered. Please check linkage and avoid linking the same target more than once.
W0000 00:00:1790738073.312144  583083 computation_placer.cc:177] computation placer already registered. Please check linkage and avoid linking the same target more than once.
W0000 00:00:1790738073.312149  583083 computation_placer.cc:177] computation placer already registered. Please check linkage and avoid linking the same target more than once.
W0000 00:00:1790738073.312151  583083 computation_placer.cc:177] computation placer already registered. Please check linkage and avoid linking the same target more than once.
[crossres] step 0/2000 monitor_rec=0.25771 monitor_rec_slab=0.25700 monitor_sr=0.02537 monitor_sr_trilinear=0.02537 monitor_sr_linear3=0.02232 monitor_sr_masked=0.02535 monitor_sr_gain_vs_linear3=-0.13696 1s
[crossres] step 50/2000 train_rec=0.23577 lr=0.00000 lr_head=0.00037 train_sr=0.02207 monitor_rec=0.12569 monitor_rec_slab=0.13798 monitor_sr=0.02392 monitor_sr_trilinear=0.02537 monitor_sr_linear3=0.02232 monitor_sr_masked=0.02403 monitor_sr_gain_vs_linear3=-0.07171 30s
[crossres] step 100/2000 train_rec=0.08329 lr=0.00000 lr_head=0.00075 train_sr=0.02131 monitor_rec=0.02665 monitor_rec_slab=0.04764 monitor_sr=0.02379 monitor_sr_trilinear=0.02537 monitor_sr_linear3=0.02232 monitor_sr_masked=0.02389 monitor_sr_gain_vs_linear3=-0.06621 56s
[crossres] step 150/2000 train_rec=0.04213 lr=0.00000 lr_head=0.00075 train_sr=0.02133 monitor_rec=0.02140 monitor_rec_slab=0.04356 monitor_sr=0.02369 monitor_sr_trilinear=0.02537 monitor_sr_linear3=0.02232 monitor_sr_masked=0.02373 monitor_sr_gain_vs_linear3=-0.06162 84s
[crossres] step 200/2000 train_rec=0.03949 lr=0.00000 lr_head=0.00074 train_sr=0.02565 monitor_rec=0.01929 monitor_rec_slab=0.04198 monitor_sr=0.02448 monitor_sr_trilinear=0.02537 monitor_sr_linear3=0.02232 monitor_sr_masked=0.02445 monitor_sr_gain_vs_linear3=-0.09714 111s
[crossres] step 250/2000 train_rec=0.03641 lr=0.00007 lr_head=0.00074 train_sr=0.02205 monitor_rec=0.01902 monitor_rec_slab=0.03915 monitor_sr=0.02405 monitor_sr_trilinear=0.02537 monitor_sr_linear3=0.02232 monitor_sr_masked=0.02410 monitor_sr_gain_vs_linear3=-0.07769 139s
[crossres] step 300/2000 train_rec=0.03527 lr=0.00015 lr_head=0.00073 train_sr=0.02155 monitor_rec=0.01913 monitor_rec_slab=0.03568 monitor_sr=0.02376 monitor_sr_trilinear=0.02537 monitor_sr_linear3=0.02232 monitor_sr_masked=0.02373 monitor_sr_gain_vs_linear3=-0.06471 166s
[crossres] step 350/2000 train_rec=0.03346 lr=0.00014 lr_head=0.00072 train_sr=0.02314 monitor_rec=0.01907 monitor_rec_slab=0.03336 monitor_sr=0.02423 monitor_sr_trilinear=0.02537 monitor_sr_linear3=0.02232 monitor_sr_masked=0.02430 monitor_sr_gain_vs_linear3=-0.08555 194s
[crossres] step 400/2000 train_rec=0.03181 lr=0.00014 lr_head=0.00071 train_sr=0.02188 monitor_rec=0.01939 monitor_rec_slab=0.03074 monitor_sr=0.02360 monitor_sr_trilinear=0.02537 monitor_sr_linear3=0.02232 monitor_sr_masked=0.02357 monitor_sr_gain_vs_linear3=-0.05749 222s
[crossres] step 450/2000 train_rec=0.02968 lr=0.00014 lr_head=0.00069 train_sr=0.02078 monitor_rec=0.01912 monitor_rec_slab=0.02865 monitor_sr=0.02357 monitor_sr_trilinear=0.02537 monitor_sr_linear3=0.02232 monitor_sr_masked=0.02361 monitor_sr_gain_vs_linear3=-0.05641 250s
[crossres] step 500/2000 train_rec=0.02820 lr=0.00013 lr_head=0.00067 train_sr=0.02071 monitor_rec=0.01910 monitor_rec_slab=0.02734 monitor_sr=0.02354 monitor_sr_trilinear=0.02537 monitor_sr_linear3=0.02232 monitor_sr_masked=0.02355 monitor_sr_gain_vs_linear3=-0.05488 279s
[crossres] saved models/c39_mae_crossres_xyz.pth (188 backbone keys)
[crossres] step 550/2000 train_rec=0.02747 lr=0.00013 lr_head=0.00065 train_sr=0.02079 monitor_rec=0.01860 monitor_rec_slab=0.02634 monitor_sr=0.02368 monitor_sr_trilinear=0.02537 monitor_sr_linear3=0.02232 monitor_sr_masked=0.02369 monitor_sr_gain_vs_linear3=-0.06095 305s
[crossres] step 600/2000 train_rec=0.02725 lr=0.00013 lr_head=0.00063 train_sr=0.02157 monitor_rec=0.01826 monitor_rec_slab=0.02552 monitor_sr=0.02353 monitor_sr_trilinear=0.02537 monitor_sr_linear3=0.02232 monitor_sr_masked=0.02356 monitor_sr_gain_vs_linear3=-0.05425 332s
[crossres] step 650/2000 train_rec=0.02669 lr=0.00012 lr_head=0.00061 train_sr=0.02054 monitor_rec=0.01815 monitor_rec_slab=0.02504 monitor_sr=0.02338 monitor_sr_trilinear=0.02537 monitor_sr_linear3=0.02232 monitor_sr_masked=0.02333 monitor_sr_gain_vs_linear3=-0.04766 360s
[crossres] step 700/2000 train_rec=0.02541 lr=0.00012 lr_head=0.00058 train_sr=0.01986 monitor_rec=0.01784 monitor_rec_slab=0.02447 monitor_sr=0.02321 monitor_sr_trilinear=0.02537 monitor_sr_linear3=0.02232 monitor_sr_masked=0.02320 monitor_sr_gain_vs_linear3=-0.04017 386s
[crossres] step 750/2000 train_rec=0.02615 lr=0.00011 lr_head=0.00056 train_sr=0.02041 monitor_rec=0.01791 monitor_rec_slab=0.02435 monitor_sr=0.02320 monitor_sr_trilinear=0.02537 monitor_sr_linear3=0.02232 monitor_sr_masked=0.02321 monitor_sr_gain_vs_linear3=-0.03977 413s
[crossres] step 800/2000 train_rec=0.02517 lr=0.00011 lr_head=0.00053 train_sr=0.01989 monitor_rec=0.01746 monitor_rec_slab=0.02377 monitor_sr=0.02322 monitor_sr_trilinear=0.02537 monitor_sr_linear3=0.02232 monitor_sr_masked=0.02326 monitor_sr_gain_vs_linear3=-0.04044 440s
[crossres] step 850/2000 train_rec=0.02542 lr=0.00010 lr_head=0.00050 train_sr=0.02041 monitor_rec=0.01726 monitor_rec_slab=0.02360 monitor_sr=0.02309 monitor_sr_trilinear=0.02537 monitor_sr_linear3=0.02232 monitor_sr_masked=0.02308 monitor_sr_gain_vs_linear3=-0.03471 469s
[crossres] step 900/2000 train_rec=0.02481 lr=0.00009 lr_head=0.00047 train_sr=0.02064 monitor_rec=0.01729 monitor_rec_slab=0.02334 monitor_sr=0.02332 monitor_sr_trilinear=0.02537 monitor_sr_linear3=0.02232 monitor_sr_masked=0.02331 monitor_sr_gain_vs_linear3=-0.04521 496s
[crossres] step 950/2000 train_rec=0.02454 lr=0.00009 lr_head=0.00044 train_sr=0.01998 monitor_rec=0.01705 monitor_rec_slab=0.02299 monitor_sr=0.02311 monitor_sr_trilinear=0.02537 monitor_sr_linear3=0.02232 monitor_sr_masked=0.02314 monitor_sr_gain_vs_linear3=-0.03567 524s
[crossres] step 1000/2000 train_rec=0.02447 lr=0.00008 lr_head=0.00041 train_sr=0.02035 monitor_rec=0.01691 monitor_rec_slab=0.02282 monitor_sr=0.02307 monitor_sr_trilinear=0.02537 monitor_sr_linear3=0.02232 monitor_sr_masked=0.02304 monitor_sr_gain_vs_linear3=-0.03361 552s
[crossres] saved models/c39_mae_crossres_xyz.pth (188 backbone keys)
[crossres] saved models/c39_mae_crossres_xyz.step1000.pth (188 backbone keys)
[crossres] step 1050/2000 train_rec=0.02424 lr=0.00008 lr_head=0.00038 train_sr=0.02033 monitor_rec=0.01672 monitor_rec_slab=0.02272 monitor_sr=0.02328 monitor_sr_trilinear=0.02537 monitor_sr_linear3=0.02232 monitor_sr_masked=0.02329 monitor_sr_gain_vs_linear3=-0.04333 579s
[crossres] step 1100/2000 train_rec=0.02403 lr=0.00007 lr_head=0.00035 train_sr=0.02006 monitor_rec=0.01653 monitor_rec_slab=0.02228 monitor_sr=0.02307 monitor_sr_trilinear=0.02537 monitor_sr_linear3=0.02232 monitor_sr_masked=0.02306 monitor_sr_gain_vs_linear3=-0.03356 607s
[crossres] step 1150/2000 train_rec=0.02396 lr=0.00006 lr_head=0.00032 train_sr=0.02011 monitor_rec=0.01657 monitor_rec_slab=0.02229 monitor_sr=0.02307 monitor_sr_trilinear=0.02537 monitor_sr_linear3=0.02232 monitor_sr_masked=0.02307 monitor_sr_gain_vs_linear3=-0.03397 635s
[crossres] step 1200/2000 train_rec=0.02307 lr=0.00006 lr_head=0.00029 train_sr=0.02034 monitor_rec=0.01626 monitor_rec_slab=0.02197 monitor_sr=0.02303 monitor_sr_trilinear=0.02537 monitor_sr_linear3=0.02232 monitor_sr_masked=0.02302 monitor_sr_gain_vs_linear3=-0.03199 662s
[crossres] step 1250/2000 train_rec=0.02344 lr=0.00005 lr_head=0.00026 train_sr=0.02017 monitor_rec=0.01624 monitor_rec_slab=0.02186 monitor_sr=0.02319 monitor_sr_trilinear=0.02537 monitor_sr_linear3=0.02232 monitor_sr_masked=0.02315 monitor_sr_gain_vs_linear3=-0.03898 689s
[crossres] step 1300/2000 train_rec=0.02292 lr=0.00005 lr_head=0.00023 train_sr=0.02057 monitor_rec=0.01614 monitor_rec_slab=0.02181 monitor_sr=0.02299 monitor_sr_trilinear=0.02537 monitor_sr_linear3=0.02232 monitor_sr_masked=0.02302 monitor_sr_gain_vs_linear3=-0.03028 716s
[crossres] step 1350/2000 train_rec=0.02280 lr=0.00004 lr_head=0.00021 train_sr=0.01995 monitor_rec=0.01606 monitor_rec_slab=0.02166 monitor_sr=0.02295 monitor_sr_trilinear=0.02537 monitor_sr_linear3=0.02232 monitor_sr_masked=0.02299 monitor_sr_gain_vs_linear3=-0.02829 745s
[crossres] step 1400/2000 train_rec=0.02306 lr=0.00004 lr_head=0.00018 train_sr=0.02043 monitor_rec=0.01602 monitor_rec_slab=0.02152 monitor_sr=0.02297 monitor_sr_trilinear=0.02537 monitor_sr_linear3=0.02232 monitor_sr_masked=0.02300 monitor_sr_gain_vs_linear3=-0.02912 774s
[crossres] step 1450/2000 train_rec=0.02328 lr=0.00003 lr_head=0.00016 train_sr=0.01992 monitor_rec=0.01608 monitor_rec_slab=0.02160 monitor_sr=0.02295 monitor_sr_trilinear=0.02537 monitor_sr_linear3=0.02232 monitor_sr_masked=0.02298 monitor_sr_gain_vs_linear3=-0.02831 801s
[crossres] step 1500/2000 train_rec=0.02323 lr=0.00003 lr_head=0.00013 train_sr=0.01942 monitor_rec=0.01605 monitor_rec_slab=0.02157 monitor_sr=0.02304 monitor_sr_trilinear=0.02537 monitor_sr_linear3=0.02232 monitor_sr_masked=0.02307 monitor_sr_gain_vs_linear3=-0.03249 830s
[crossres] saved models/c39_mae_crossres_xyz.pth (188 backbone keys)
[crossres] step 1550/2000 train_rec=0.02340 lr=0.00002 lr_head=0.00011 train_sr=0.02026 monitor_rec=0.01596 monitor_rec_slab=0.02153 monitor_sr=0.02297 monitor_sr_trilinear=0.02537 monitor_sr_linear3=0.02232 monitor_sr_masked=0.02298 monitor_sr_gain_vs_linear3=-0.02947 858s
[crossres] step 1600/2000 train_rec=0.02260 lr=0.00002 lr_head=0.00009 train_sr=0.02095 monitor_rec=0.01593 monitor_rec_slab=0.02149 monitor_sr=0.02298 monitor_sr_trilinear=0.02537 monitor_sr_linear3=0.02232 monitor_sr_masked=0.02298 monitor_sr_gain_vs_linear3=-0.02964 888s
[crossres] step 1650/2000 train_rec=0.02298 lr=0.00001 lr_head=0.00007 train_sr=0.02023 monitor_rec=0.01587 monitor_rec_slab=0.02140 monitor_sr=0.02295 monitor_sr_trilinear=0.02537 monitor_sr_linear3=0.02232 monitor_sr_masked=0.02299 monitor_sr_gain_vs_linear3=-0.02852 916s
[crossres] step 1700/2000 train_rec=0.02341 lr=0.00001 lr_head=0.00006 train_sr=0.02048 monitor_rec=0.01590 monitor_rec_slab=0.02142 monitor_sr=0.02290 monitor_sr_trilinear=0.02537 monitor_sr_linear3=0.02232 monitor_sr_masked=0.02291 monitor_sr_gain_vs_linear3=-0.02601 944s
[crossres] step 1750/2000 train_rec=0.02275 lr=0.00001 lr_head=0.00005 train_sr=0.02089 monitor_rec=0.01585 monitor_rec_slab=0.02134 monitor_sr=0.02286 monitor_sr_trilinear=0.02537 monitor_sr_linear3=0.02232 monitor_sr_masked=0.02289 monitor_sr_gain_vs_linear3=-0.02456 971s
[crossres] step 1800/2000 train_rec=0.02229 lr=0.00001 lr_head=0.00003 train_sr=0.02043 monitor_rec=0.01582 monitor_rec_slab=0.02130 monitor_sr=0.02291 monitor_sr_trilinear=0.02537 monitor_sr_linear3=0.02232 monitor_sr_masked=0.02293 monitor_sr_gain_vs_linear3=-0.02670 1001s
[crossres] step 1850/2000 train_rec=0.02277 lr=0.00001 lr_head=0.00003 train_sr=0.01995 monitor_rec=0.01584 monitor_rec_slab=0.02132 monitor_sr=0.02290 monitor_sr_trilinear=0.02537 monitor_sr_linear3=0.02232 monitor_sr_masked=0.02292 monitor_sr_gain_vs_linear3=-0.02632 1029s
[crossres] step 1900/2000 train_rec=0.02281 lr=0.00000 lr_head=0.00002 train_sr=0.01976 monitor_rec=0.01585 monitor_rec_slab=0.02131 monitor_sr=0.02290 monitor_sr_trilinear=0.02537 monitor_sr_linear3=0.02232 monitor_sr_masked=0.02292 monitor_sr_gain_vs_linear3=-0.02634 1057s
[crossres] step 1950/2000 train_rec=0.02237 lr=0.00000 lr_head=0.00002 train_sr=0.01957 monitor_rec=0.01583 monitor_rec_slab=0.02129 monitor_sr=0.02290 monitor_sr_trilinear=0.02537 monitor_sr_linear3=0.02232 monitor_sr_masked=0.02293 monitor_sr_gain_vs_linear3=-0.02639 1085s
[crossres] step 2000/2000 train_rec=0.02257 lr=0.00000 lr_head=0.00001 train_sr=0.01958 monitor_rec=0.01582 monitor_rec_slab=0.02127 monitor_sr=0.02287 monitor_sr_trilinear=0.02537 monitor_sr_linear3=0.02232 monitor_sr_masked=0.02289 monitor_sr_gain_vs_linear3=-0.02496 1113s
[crossres] saved models/c39_mae_crossres_xyz.pth (188 backbone keys)
