
======================================================================
[translate] w013 (20240304141531)
======================================================================
/usr/local/lib/python3.10/dist-packages/zarr/creation.py:614: UserWarning: ignoring keyword argument 'zarr_format'
  compressor, fill_value = _kwargs_compat(compressor, fill_value, kwargs)
[degrader] /vesuvius/ves_zarrs2/20240304141531.zarr -> /vesuvius/ves_zarrs2/20240304141531.translated.zarr: input median/MAD 48.00/22.24, {'width': 48, 'layers': 8, 'ref_median': 0.290283203125, 'ref_mad': 0.1804395009765625}, device cuda
[degrader] rows 256/10400
[degrader] rows 512/10400
[degrader] rows 768/10400
[degrader] rows 1024/10400
[degrader] rows 1280/10400
[degrader] rows 1536/10400
[degrader] rows 1792/10400
[degrader] rows 2048/10400
[degrader] rows 2304/10400
[degrader] rows 2560/10400
[degrader] rows 2816/10400
[degrader] rows 3072/10400
[degrader] rows 3328/10400
[degrader] rows 3584/10400
[degrader] rows 3840/10400
[degrader] rows 4096/10400
[degrader] rows 4352/10400
[degrader] rows 4608/10400
[degrader] rows 4864/10400
[degrader] rows 5120/10400
[degrader] rows 5376/10400
[degrader] rows 5632/10400
[degrader] rows 5888/10400
[degrader] rows 6144/10400
[degrader] rows 6400/10400
[degrader] rows 6656/10400
[degrader] rows 6912/10400
[degrader] rows 7168/10400
[degrader] rows 7424/10400
[degrader] rows 7680/10400
[degrader] rows 7936/10400
[degrader] rows 8192/10400
[degrader] rows 8448/10400
[degrader] rows 8704/10400
[degrader] rows 8960/10400
[degrader] rows 9216/10400
[degrader] rows 9472/10400
[degrader] rows 9728/10400
[degrader] rows 9984/10400
[degrader] rows 10240/10400
[degrader] rows 10400/10400
[norm] 20240304141531.translated vol=(28,10400,4975) chunk_z=8 mask_valid=0.880
[norm]   z 0:8 done  n=364452880
[norm]   z 8:16 done  n=728905760
[norm]   z 16:24 done  n=1093358640
[norm]   z 24:28 done  n=1275585080
[norm] 20240304141531.translated mean=74.4030 std=34.0385 norm_min=-2.1858 norm_max=5.3057
[anchor] 20240304141531.translated {'gap': 13.0, 'papyrus': 78.0, 'surface_mad': 7.338495596510227, 'tiles': 384}

======================================================================
[translate] w018 (20240304144031)
======================================================================
[degrader] /vesuvius/ves_zarrs2/20240304144031.zarr -> /vesuvius/ves_zarrs2/20240304144031.translated.zarr: input median/MAD 47.00/22.24, {'width': 48, 'layers': 8, 'ref_median': 0.290283203125, 'ref_mad': 0.1804395009765625}, device cuda
[degrader] rows 256/10595
[degrader] rows 512/10595
[degrader] rows 768/10595
[degrader] rows 1024/10595
[degrader] rows 1280/10595
[degrader] rows 1536/10595
[degrader] rows 1792/10595
[degrader] rows 2048/10595
[degrader] rows 2304/10595
[degrader] rows 2560/10595
[degrader] rows 2816/10595
[degrader] rows 3072/10595
[degrader] rows 3328/10595
[degrader] rows 3584/10595
[degrader] rows 3840/10595
[degrader] rows 4096/10595
[degrader] rows 4352/10595
[degrader] rows 4608/10595
[degrader] rows 4864/10595
[degrader] rows 5120/10595
[degrader] rows 5376/10595
[degrader] rows 5632/10595
[degrader] rows 5888/10595
[degrader] rows 6144/10595
[degrader] rows 6400/10595
[degrader] rows 6656/10595
[degrader] rows 6912/10595
[degrader] rows 7168/10595
[degrader] rows 7424/10595
[degrader] rows 7680/10595
[degrader] rows 7936/10595
[degrader] rows 8192/10595
[degrader] rows 8448/10595
[degrader] rows 8704/10595
[degrader] rows 8960/10595
[degrader] rows 9216/10595
[degrader] rows 9472/10595
[degrader] rows 9728/10595
[degrader] rows 9984/10595
[degrader] rows 10240/10595
[degrader] rows 10496/10595
[degrader] rows 10595/10595
[norm] 20240304144031.translated vol=(28,10595,24525) chunk_z=8 mask_valid=0.873
[norm]   z 0:8 done  n=1814285072
[norm]   z 8:16 done  n=3628570144
[norm]   z 16:24 done  n=5442855216
[norm]   z 24:28 done  n=6349997752
[norm] 20240304144031.translated mean=75.1750 std=34.0720 norm_min=-2.2064 norm_max=5.2778
[anchor] 20240304144031.translated {'gap': 14.0, 'papyrus': 76.0, 'surface_mad': 7.338495596510227, 'tiles': 384}

======================================================================
[translate] paris4 (20231210121321)
======================================================================
[degrader] /vesuvius/ves_zarrs2/20231210121321.zarr -> /vesuvius/ves_zarrs2/20231210121321.translated.zarr: input median/MAD 76.00/47.44, {'width': 48, 'layers': 8, 'ref_median': 0.290283203125, 'ref_mad': 0.1804395009765625}, device cuda
[degrader] rows 256/12750
[degrader] rows 512/12750
[degrader] rows 768/12750
[degrader] rows 1024/12750
[degrader] rows 1280/12750
[degrader] rows 1536/12750
[degrader] rows 1792/12750
[degrader] rows 2048/12750
[degrader] rows 2304/12750
[degrader] rows 2560/12750
[degrader] rows 2816/12750
[degrader] rows 3072/12750
[degrader] rows 3328/12750
[degrader] rows 3584/12750
[degrader] rows 3840/12750
[degrader] rows 4096/12750
[degrader] rows 4352/12750
[degrader] rows 4608/12750
[degrader] rows 4864/12750
[degrader] rows 5120/12750
[degrader] rows 5376/12750
[degrader] rows 5632/12750
[degrader] rows 5888/12750
[degrader] rows 6144/12750
[degrader] rows 6400/12750
[degrader] rows 6656/12750
[degrader] rows 6912/12750
[degrader] rows 7168/12750
[degrader] rows 7424/12750
[degrader] rows 7680/12750
[degrader] rows 7936/12750
[degrader] rows 8192/12750
[degrader] rows 8448/12750
[degrader] rows 8704/12750
[degrader] rows 8960/12750
[degrader] rows 9216/12750
[degrader] rows 9472/12750
[degrader] rows 9728/12750
[degrader] rows 9984/12750
[degrader] rows 10240/12750
[degrader] rows 10496/12750
[degrader] rows 10752/12750
[degrader] rows 11008/12750
[degrader] rows 11264/12750
[degrader] rows 11520/12750
[degrader] rows 11776/12750
[degrader] rows 12032/12750
[degrader] rows 12288/12750
[degrader] rows 12544/12750
[degrader] rows 12750/12750
[norm] 20231210121321.translated vol=(28,12750,9995) chunk_z=8 mask_valid=0.862
[norm]   z 0:8 done  n=879130120
[norm]   z 8:16 done  n=1758260240
[norm]   z 16:24 done  n=2637390360
[norm]   z 24:28 done  n=3076955420
[norm] 20231210121321.translated mean=86.1448 std=37.0905 norm_min=-2.3226 norm_max=4.5525
[anchor] 20231210121321.translated {'gap': 32.0, 'papyrus': 94.0, 'surface_mad': 4.193426055148701, 'tiles': 384}

======================================================================
[translate] paris2_fr143 (20230301213755)
======================================================================
[degrader] /vesuvius/ves_zarrs2/20230301213755.zarr -> /vesuvius/ves_zarrs2/20230301213755.translated.zarr: input median/MAD 24382.00/3624.96, {'width': 48, 'layers': 8, 'ref_median': 0.290283203125, 'ref_mad': 0.1804395009765625}, device cuda
[degrader] rows 256/5132
[degrader] rows 512/5132
[degrader] rows 768/5132
[degrader] rows 1024/5132
[degrader] rows 1280/5132
[degrader] rows 1536/5132
[degrader] rows 1792/5132
[degrader] rows 2048/5132
[degrader] rows 2304/5132
[degrader] rows 2560/5132
[degrader] rows 2816/5132
[degrader] rows 3072/5132
[degrader] rows 3328/5132
[degrader] rows 3584/5132
[degrader] rows 3840/5132
[degrader] rows 4096/5132
[degrader] rows 4352/5132
[degrader] rows 4608/5132
[degrader] rows 4864/5132
[degrader] rows 5120/5132
[degrader] rows 5132/5132
[norm] 20230301213755.translated vol=(28,5132,3290) chunk_z=8 mask_valid=0.693
[norm]   z 0:8 done  n=93540920
[norm]   z 8:16 done  n=187081840
[norm]   z 16:24 done  n=280622760
[norm]   z 24:28 done  n=327393220
[norm] 20230301213755.translated mean=48.9223 std=40.9287 norm_min=-1.1953 norm_max=5.0350
[anchor] 20230301213755.translated {'gap': 1.0, 'papyrus': 76.0, 'surface_mad': 12.580278165446103, 'tiles': 384}

======================================================================
[translate] paris2_fr47 (20230205142449)
======================================================================
[degrader] /vesuvius/ves_zarrs2/20230205142449.zarr -> /vesuvius/ves_zarrs2/20230205142449.translated.zarr: input median/MAD 23234.00/2864.38, {'width': 48, 'layers': 8, 'ref_median': 0.290283203125, 'ref_mad': 0.1804395009765625}, device cuda
[degrader] rows 256/2831
[degrader] rows 512/2831
[degrader] rows 768/2831
[degrader] rows 1024/2831
[degrader] rows 1280/2831
[degrader] rows 1536/2831
[degrader] rows 1792/2831
[degrader] rows 2048/2831
[degrader] rows 2304/2831
[degrader] rows 2560/2831
[degrader] rows 2816/2831
[degrader] rows 2831/2831
[norm] 20230205142449.translated vol=(28,2831,2191) chunk_z=8 mask_valid=0.561
[norm]   z 0:8 done  n=27841496
[norm]   z 8:16 done  n=55682992
[norm]   z 16:24 done  n=83524488
[norm]   z 24:28 done  n=97445236
[norm] 20230205142449.translated mean=44.9181 std=43.1582 norm_min=-1.0408 norm_max=4.8677
[anchor] 20230205142449.translated {'gap': 1.0, 'papyrus': 75.0, 'surface_mad': 13.628634679233278, 'tiles': 384}

======================================================================
[translate] scroll6_fr8 (20231205222200)
======================================================================
[degrader] /vesuvius/ves_zarrs2/20231205222200.zarr -> /vesuvius/ves_zarrs2/20231205222200.translated.zarr: input median/MAD 24714.00/3952.61, {'width': 48, 'layers': 8, 'ref_median': 0.290283203125, 'ref_mad': 0.1804395009765625}, device cuda
[degrader] rows 256/3064
[degrader] rows 512/3064
[degrader] rows 768/3064
[degrader] rows 1024/3064
[degrader] rows 1280/3064
[degrader] rows 1536/3064
[degrader] rows 1792/3064
[degrader] rows 2048/3064
[degrader] rows 2304/3064
[degrader] rows 2560/3064
[degrader] rows 2816/3064
[degrader] rows 3064/3064
[norm] 20231205222200.translated vol=(28,3064,2147) chunk_z=8 mask_valid=0.671
[norm]   z 0:8 done  n=35332928
[norm]   z 8:16 done  n=70665856
[norm]   z 16:24 done  n=105998784
[norm]   z 24:28 done  n=123665248
[norm] 20231205222200.translated mean=46.9843 std=38.9782 norm_min=-1.2054 norm_max=5.3367
[anchor] 20231205222200.translated {'gap': 1.0, 'papyrus': 69.0, 'surface_mad': 18.870417248169154, 'tiles': 384}

======================================================================
[translate] paris1_fr34 (20230301213423)
======================================================================
[degrader] /vesuvius/ves_zarrs2/20230301213423.zarr -> /vesuvius/ves_zarrs2/20230301213423.translated.zarr: input median/MAD 25189.00/3593.82, {'width': 48, 'layers': 8, 'ref_median': 0.290283203125, 'ref_mad': 0.1804395009765625}, device cuda
[degrader] rows 256/2632
[degrader] rows 512/2632
[degrader] rows 768/2632
[degrader] rows 1024/2632
[degrader] rows 1280/2632
[degrader] rows 1536/2632
[degrader] rows 1792/2632
[degrader] rows 2048/2632
[degrader] rows 2304/2632
[degrader] rows 2560/2632
[degrader] rows 2632/2632
[norm] 20230301213423.translated vol=(28,2632,1817) chunk_z=8 mask_valid=0.626
[norm]   z 0:8 done  n=23962920
[norm]   z 8:16 done  n=47925840
[norm]   z 16:24 done  n=71888760
[norm]   z 24:28 done  n=83870220
[norm] 20230301213423.translated mean=47.4600 std=40.4359 norm_min=-1.1737 norm_max=5.1326
[anchor] 20230301213423.translated {'gap': 1.0, 'papyrus': 71.0, 'surface_mad': 13.628634679233278, 'tiles': 384}

======================================================================
[translate] cr1fr3 (20231201215900)
======================================================================
[degrader] /vesuvius/ves_zarrs2/20231201215900.zarr -> /vesuvius/ves_zarrs2/20231201215900.translated.zarr: input median/MAD 23071.00/4819.93, {'width': 48, 'layers': 8, 'ref_median': 0.290283203125, 'ref_mad': 0.1804395009765625}, device cuda
[degrader] rows 256/2529
[degrader] rows 512/2529
[degrader] rows 768/2529
[degrader] rows 1024/2529
[degrader] rows 1280/2529
[degrader] rows 1536/2529
[degrader] rows 1792/2529
[degrader] rows 2048/2529
[degrader] rows 2304/2529
[degrader] rows 2529/2529
[norm] 20231201215900.translated vol=(28,2529,1578) chunk_z=8 mask_valid=0.675
[norm]   z 0:8 done  n=21565696
[norm]   z 8:16 done  n=43131392
[norm]   z 16:24 done  n=64697088
[norm]   z 24:28 done  n=75479936
[norm] 20231201215900.translated mean=51.1114 std=40.0651 norm_min=-1.2757 norm_max=5.0889
[anchor] 20231201215900.translated {'gap': 1.0, 'papyrus': 80.0, 'surface_mad': 18.870417248169154, 'tiles': 384}

[translate] SUMMARY
  w013: OK
  w018: OK
  paris4: OK
  paris2_fr143: OK
  paris2_fr47: OK
  scroll6_fr8: OK
  paris1_fr34: OK
  cr1fr3: OK
