WARNING: All log messages before absl::InitializeLog() is called are written to STDERR
E0000 00:00:1790736050.835797  581719 cuda_dnn.cc:8579] Unable to register cuDNN factory: Attempting to register factory for plugin cuDNN when one has already been registered
E0000 00:00:1790736050.845630  581719 cuda_blas.cc:1407] Unable to register cuBLAS factory: Attempting to register factory for plugin cuBLAS when one has already been registered
W0000 00:00:1790736050.907427  581719 computation_placer.cc:177] computation placer already registered. Please check linkage and avoid linking the same target more than once.
W0000 00:00:1790736050.907486  581719 computation_placer.cc:177] computation placer already registered. Please check linkage and avoid linking the same target more than once.
W0000 00:00:1790736050.907496  581719 computation_placer.cc:177] computation placer already registered. Please check linkage and avoid linking the same target more than once.
W0000 00:00:1790736050.907503  581719 computation_placer.cc:177] computation placer already registered. Please check linkage and avoid linking the same target more than once.
[mae] 20260115000000 (6040x8160) axis=y frac=0.8055 -> y[0,4800] x[0,8160]
[mae] 20260317000000 (5820x5240) axis=y frac=0.75 -> y[0,4320] x[0,5184]
[mae] 20250223000000 (7220x10020) axis=x frac=0.75 -> y[0,7200] x[0,7488]
[mae] 20250108000005 (7140x7460) axis=x frac=1.0 -> y[0,7104] x[0,7392]
[mae] 20260112000000 (6120x8120) axis=x frac=1.0 -> y[0,6048] x[0,8064]
[mae] 20260126000000 (5980x8240) axis=x frac=1.0 -> y[0,5952] x[0,8160]
[mae] 20250831000000 (6400x7980) axis=x frac=1.0 -> y[0,6336] x[0,7968]
[mae] 20260108000000 (6200x8020) axis=x frac=1.0 -> y[0,6144] x[0,7968]
[mae] 20260302000000 (8560x7720) axis=x frac=1.0 -> y[0,8544] x[0,7680]
[mae] 20251111010954 (11051x12606) axis=x frac=0.75 -> y[0,11040] x[0,9408]
[mae] 20251112000002 (10494x8128) axis=x frac=0.75 -> y[0,10464] x[0,6048]
[mae] 20240304141531 (10400x4975) axis=x frac=0.75 -> y[0,10368] x[0,3648]
[mae] 20240304144031 (10595x24525) axis=x frac=0.75 -> y[0,10560] x[0,18336]
[mae] 20231201215900 (2529x1578) axis=x frac=0.75 -> y[0,2496] x[0,1152]
[mae] 20250919125754 (6497x5260) axis=x frac=0.75 -> y[0,6432] x[0,3936]
[mae] 20231210121321 (12750x9995) axis=x frac=0.75 -> y[0,12672] x[0,7488]
[mae] 20250628074500 (6280x3580) axis=x frac=0.6 -> y[0,6240] x[0,2112]
[mae] 20260226000000 (2180x3560) axis=y frac=0.75 -> y[0,1632] x[0,3552]
[mae] 20230301213755 (5132x3290) axis=x frac=0.75 -> y[0,5088] x[0,2400]
[mae] 20230205142449 (2831x2191) axis=x frac=0.75 -> y[0,2784] x[0,1632]
[mae] 20231205222200 (3064x2147) axis=x frac=0.75 -> y[0,2976] x[0,1536]
[mae] 20230301213423 (2632x1817) axis=x frac=0.75 -> y[0,2592] x[0,1344]
[mae] 20250511003658 (3175x1901) axis=x frac=0.75 -> y[0,3168] x[0,1344]
[mae] 20260221022814 (3760x4900) axis=x frac=0.75 -> y[0,3744] x[0,3648]
[mae] 20260814140748 (4641x5081) axis=x frac=1.0 -> y[0,4608] x[0,4992]
[mae] 20260717193517 (6721x5861) axis=x frac=1.0 -> y[0,6720] x[0,5856]
[mae] 20260720090842 (3001x3401) axis=x frac=1.0 -> y[0,2976] x[0,3360]
[mae] 20250703034159 (6741x8901) axis=x frac=1.0 -> y[0,6720] x[0,8832]
[mae] 20260723112922 (5181x2601) axis=x frac=1.0 -> y[0,5088] x[0,2592]
[mae] 20260921094413 (4621x7341) axis=x frac=1.0 -> y[0,4608] x[0,7296]
[mae] 20260918132724 (3841x4581) axis=x frac=1.0 -> y[0,3840] x[0,4512]
[mae] 20260922073234 (5101x5741) axis=x frac=1.0 -> y[0,5088] x[0,5664]
[mae] 20260922161631 (6821x7741) axis=x frac=1.0 -> y[0,6816] x[0,7680]
[mae] 20260925085345 (4901x4621) axis=x frac=1.0 -> y[0,4896] x[0,4608]
[mae] 20260928000001 (2321x4141) axis=x frac=1.0 -> y[0,2304] x[0,4128]
[mae] 20260928000002 (1161x3141) axis=x frac=1.0 -> y[0,1152] x[0,3072]
[mae] 20260928000003 (1941x3641) axis=x frac=1.0 -> y[0,1920] x[0,3552]
[mae] balanced round-robin across 31 physical scrolls and 37/37 surfaces
Model parameters (nnunet3d_lcndz): 7,522,746
[mae] nnunet3d backbone  ctx=96 ds=1 depth=8 ibn=True effective_batch=32 mask_frac=0.65  steps=2000  log=runs_mae/c39_mae_base_0930_02-40-53
[mae] architecture norm=ibn_full early_2d=(True,x1.0) mid_2d=False factorized_2plus1d=False divided=(False,False) mednext=(False,k5) fiber=True
[mae] save -> models/c39_mae_base.pth   use as:  c.init_weights = 'models/c39_mae_base.pth'
[mae] step 50/2000  mse=0.21142  (33s)
[mae] step 100/2000  mse=0.06995  (65s)
[mae] step 150/2000  mse=0.04311  (94s)
[mae] step 200/2000  mse=0.03555  (122s)
[mae] step 250/2000  mse=0.03485  (149s)
[mae] step 300/2000  mse=0.03034  (176s)
[mae] step 350/2000  mse=0.03318  (201s)
[mae] step 400/2000  mse=0.03273  (227s)
[mae] step 450/2000  mse=0.03216  (253s)
[mae] step 500/2000  mse=0.03197  (278s)
[mae] step 550/2000  mse=0.03119  (302s)
[mae] step 600/2000  mse=0.03464  (326s)
[mae] step 650/2000  mse=0.03131  (349s)
[mae] step 700/2000  mse=0.03098  (373s)
[mae] step 750/2000  mse=0.03063  (397s)
[mae] step 800/2000  mse=0.03027  (420s)
[mae] step 850/2000  mse=0.03224  (442s)
[mae] step 900/2000  mse=0.03092  (466s)
[mae] step 950/2000  mse=0.02988  (489s)
[mae] step 1000/2000  mse=0.02723  (512s)
[mae] saved models/c39_mae_base.pth @ step 1000 (188 keys)
[mae] step 1050/2000  mse=0.02516  (534s)
[mae] step 1100/2000  mse=0.03018  (555s)
[mae] step 1150/2000  mse=0.02588  (576s)
[mae] step 1200/2000  mse=0.02272  (598s)
[mae] step 1250/2000  mse=0.02287  (619s)
[mae] step 1300/2000  mse=0.02210  (640s)
[mae] step 1350/2000  mse=0.02562  (662s)
[mae] step 1400/2000  mse=0.02283  (684s)
[mae] step 1450/2000  mse=0.02093  (704s)
[mae] step 1500/2000  mse=0.02154  (726s)
[mae] step 1550/2000  mse=0.02099  (747s)
[mae] step 1600/2000  mse=0.02276  (767s)
[mae] step 1650/2000  mse=0.01991  (786s)
[mae] step 1700/2000  mse=0.02085  (806s)
[mae] step 1750/2000  mse=0.02302  (827s)
[mae] step 1800/2000  mse=0.02088  (850s)
[mae] step 1850/2000  mse=0.02519  (872s)
[mae] step 1900/2000  mse=0.02399  (893s)
[mae] step 1950/2000  mse=0.02192  (914s)
[mae] step 2000/2000  mse=0.02178  (935s)
[mae] saved models/c39_mae_base.pth @ step 2000 (188 keys)
[mae] done.  warm-start fine-tune:  c.init_weights = 'models/c39_mae_base.pth'
