[crossres] plan U: models/c39_upsampler_learned.pth {'depth_factor': 4, 'scale': 2, 'width': 48, 'layers': 8, 'depth_pool': 2} -> network input 16 x 192 x 192
/usr/local/lib/python3.10/dist-packages/torch/_utils.py:831: UserWarning: TypedStorage is deprecated. It will be removed in the future and UntypedStorage will be the only storage class. This should only matter to you if you are using storages directly.  To access UntypedStorage directly, use tensor.untyped_storage() instead of tensor.storage()
  return self.fget.__get__(instance, owner)()
Model parameters (nnunet3d_lcndz): 7,522,746
[crossres] warm start from models/c39_mae_base.pth: loaded 188/188 (missing 0)
WARNING: All log messages before absl::InitializeLog() is called are written to STDERR
E0000 00:00:1790742680.609884  586218 cuda_dnn.cc:8579] Unable to register cuDNN factory: Attempting to register factory for plugin cuDNN when one has already been registered
E0000 00:00:1790742680.614388  586218 cuda_blas.cc:1407] Unable to register cuBLAS factory: Attempting to register factory for plugin cuBLAS when one has already been registered
W0000 00:00:1790742680.626813  586218 computation_placer.cc:177] computation placer already registered. Please check linkage and avoid linking the same target more than once.
W0000 00:00:1790742680.626837  586218 computation_placer.cc:177] computation placer already registered. Please check linkage and avoid linking the same target more than once.
W0000 00:00:1790742680.626841  586218 computation_placer.cc:177] computation placer already registered. Please check linkage and avoid linking the same target more than once.
W0000 00:00:1790742680.626845  586218 computation_placer.cc:177] computation placer already registered. Please check linkage and avoid linking the same target more than once.
[crossres] step 0/2000 monitor_rec=0.26518 monitor_rec_slab=0.26474 3s
[crossres] step 50/2000 train_rec=0.26475 lr=0.00000 lr_head=0.00007 monitor_rec=0.23725 monitor_rec_slab=0.23794 64s
[crossres] step 100/2000 train_rec=0.21064 lr=0.00000 lr_head=0.00015 monitor_rec=0.16912 monitor_rec_slab=0.17274 124s
[crossres] step 150/2000 train_rec=0.14390 lr=0.00000 lr_head=0.00015 monitor_rec=0.10981 monitor_rec_slab=0.11625 183s
[crossres] step 200/2000 train_rec=0.09812 lr=0.00000 lr_head=0.00015 monitor_rec=0.07709 monitor_rec_slab=0.08537 243s
[crossres] step 250/2000 train_rec=0.05628 lr=0.00007 lr_head=0.00015 monitor_rec=0.02735 monitor_rec_slab=0.04859 303s
[crossres] step 300/2000 train_rec=0.03664 lr=0.00015 lr_head=0.00015 monitor_rec=0.02207 monitor_rec_slab=0.04245 361s
[crossres] step 350/2000 train_rec=0.03474 lr=0.00014 lr_head=0.00014 monitor_rec=0.02083 monitor_rec_slab=0.03709 420s
[crossres] step 400/2000 train_rec=0.03126 lr=0.00014 lr_head=0.00014 monitor_rec=0.01975 monitor_rec_slab=0.03301 478s
[crossres] step 450/2000 train_rec=0.02868 lr=0.00014 lr_head=0.00014 monitor_rec=0.01888 monitor_rec_slab=0.02942 535s
[crossres] step 500/2000 train_rec=0.02695 lr=0.00013 lr_head=0.00013 monitor_rec=0.01795 monitor_rec_slab=0.02706 592s
[crossres] saved models/c39_mae_upsampled_learned.pth (188 backbone keys)
[crossres] step 550/2000 train_rec=0.02531 lr=0.00013 lr_head=0.00013 monitor_rec=0.01736 monitor_rec_slab=0.02508 649s
[crossres] step 600/2000 train_rec=0.02464 lr=0.00013 lr_head=0.00013 monitor_rec=0.01661 monitor_rec_slab=0.02340 705s
[crossres] step 650/2000 train_rec=0.02324 lr=0.00012 lr_head=0.00012 monitor_rec=0.01624 monitor_rec_slab=0.02223 761s
[crossres] step 700/2000 train_rec=0.02240 lr=0.00012 lr_head=0.00012 monitor_rec=0.01585 monitor_rec_slab=0.02115 816s
[crossres] step 750/2000 train_rec=0.02147 lr=0.00011 lr_head=0.00011 monitor_rec=0.01551 monitor_rec_slab=0.02024 872s
[crossres] step 800/2000 train_rec=0.02129 lr=0.00011 lr_head=0.00011 monitor_rec=0.01522 monitor_rec_slab=0.01976 928s
[crossres] step 850/2000 train_rec=0.02081 lr=0.00010 lr_head=0.00010 monitor_rec=0.01499 monitor_rec_slab=0.01924 983s
[crossres] step 900/2000 train_rec=0.02057 lr=0.00009 lr_head=0.00009 monitor_rec=0.01479 monitor_rec_slab=0.01889 1039s
[crossres] step 950/2000 train_rec=0.01996 lr=0.00009 lr_head=0.00009 monitor_rec=0.01454 monitor_rec_slab=0.01851 1094s
[crossres] step 1000/2000 train_rec=0.01972 lr=0.00008 lr_head=0.00008 monitor_rec=0.01449 monitor_rec_slab=0.01843 1148s
[crossres] saved models/c39_mae_upsampled_learned.pth (188 backbone keys)
[crossres] saved models/c39_mae_upsampled_learned.step1000.pth (188 backbone keys)
[crossres] step 1050/2000 train_rec=0.01973 lr=0.00008 lr_head=0.00008 monitor_rec=0.01420 monitor_rec_slab=0.01804 1202s
[crossres] step 1100/2000 train_rec=0.01946 lr=0.00007 lr_head=0.00007 monitor_rec=0.01424 monitor_rec_slab=0.01791 1256s
[crossres] step 1150/2000 train_rec=0.01909 lr=0.00006 lr_head=0.00006 monitor_rec=0.01402 monitor_rec_slab=0.01766 1310s
[crossres] step 1200/2000 train_rec=0.01902 lr=0.00006 lr_head=0.00006 monitor_rec=0.01390 monitor_rec_slab=0.01754 1365s
[crossres] step 1250/2000 train_rec=0.01877 lr=0.00005 lr_head=0.00005 monitor_rec=0.01385 monitor_rec_slab=0.01744 1419s
[crossres] step 1300/2000 train_rec=0.01904 lr=0.00005 lr_head=0.00005 monitor_rec=0.01377 monitor_rec_slab=0.01736 1473s
[crossres] step 1350/2000 train_rec=0.01855 lr=0.00004 lr_head=0.00004 monitor_rec=0.01367 monitor_rec_slab=0.01725 1527s
[crossres] step 1400/2000 train_rec=0.01870 lr=0.00004 lr_head=0.00004 monitor_rec=0.01363 monitor_rec_slab=0.01720 1580s
[crossres] step 1450/2000 train_rec=0.01849 lr=0.00003 lr_head=0.00003 monitor_rec=0.01351 monitor_rec_slab=0.01703 1634s
[crossres] step 1500/2000 train_rec=0.01843 lr=0.00003 lr_head=0.00003 monitor_rec=0.01352 monitor_rec_slab=0.01704 1687s
[crossres] saved models/c39_mae_upsampled_learned.pth (188 backbone keys)
[crossres] step 1550/2000 train_rec=0.01844 lr=0.00002 lr_head=0.00002 monitor_rec=0.01340 monitor_rec_slab=0.01690 1742s
[crossres] step 1600/2000 train_rec=0.01867 lr=0.00002 lr_head=0.00002 monitor_rec=0.01336 monitor_rec_slab=0.01686 1795s
[crossres] step 1650/2000 train_rec=0.01808 lr=0.00001 lr_head=0.00001 monitor_rec=0.01334 monitor_rec_slab=0.01685 1849s
[crossres] step 1700/2000 train_rec=0.01832 lr=0.00001 lr_head=0.00001 monitor_rec=0.01332 monitor_rec_slab=0.01680 1902s
[crossres] step 1750/2000 train_rec=0.01820 lr=0.00001 lr_head=0.00001 monitor_rec=0.01330 monitor_rec_slab=0.01679 1956s
[crossres] step 1800/2000 train_rec=0.01815 lr=0.00001 lr_head=0.00001 monitor_rec=0.01328 monitor_rec_slab=0.01678 2010s
[crossres] step 1850/2000 train_rec=0.01831 lr=0.00001 lr_head=0.00001 monitor_rec=0.01327 monitor_rec_slab=0.01675 2064s
[crossres] step 1900/2000 train_rec=0.01779 lr=0.00000 lr_head=0.00000 monitor_rec=0.01325 monitor_rec_slab=0.01674 2118s
[crossres] step 1950/2000 train_rec=0.01825 lr=0.00000 lr_head=0.00000 monitor_rec=0.01326 monitor_rec_slab=0.01674 2172s
[crossres] step 2000/2000 train_rec=0.01835 lr=0.00000 lr_head=0.00000 monitor_rec=0.01324 monitor_rec_slab=0.01672 2225s
[crossres] saved models/c39_mae_upsampled_learned.pth (188 backbone keys)
