[crossres] plan U: trilinear {'depth_factor': 4, 'scale': 2, 'width': 48, 'layers': 8, 'depth_pool': 2} -> network input 16 x 192 x 192
/usr/local/lib/python3.10/dist-packages/torch/_utils.py:831: UserWarning: TypedStorage is deprecated. It will be removed in the future and UntypedStorage will be the only storage class. This should only matter to you if you are using storages directly.  To access UntypedStorage directly, use tensor.untyped_storage() instead of tensor.storage()
  return self.fget.__get__(instance, owner)()
Model parameters (nnunet3d_lcndz): 7,522,746
[crossres] warm start from models/c39_mae_base.pth: loaded 188/188 (missing 0)
WARNING: All log messages before absl::InitializeLog() is called are written to STDERR
E0000 00:00:1790744931.607842  587511 cuda_dnn.cc:8579] Unable to register cuDNN factory: Attempting to register factory for plugin cuDNN when one has already been registered
E0000 00:00:1790744931.611669  587511 cuda_blas.cc:1407] Unable to register cuBLAS factory: Attempting to register factory for plugin cuBLAS when one has already been registered
W0000 00:00:1790744931.622446  587511 computation_placer.cc:177] computation placer already registered. Please check linkage and avoid linking the same target more than once.
W0000 00:00:1790744931.622470  587511 computation_placer.cc:177] computation placer already registered. Please check linkage and avoid linking the same target more than once.
W0000 00:00:1790744931.622473  587511 computation_placer.cc:177] computation placer already registered. Please check linkage and avoid linking the same target more than once.
W0000 00:00:1790744931.622475  587511 computation_placer.cc:177] computation placer already registered. Please check linkage and avoid linking the same target more than once.
[crossres] step 0/2000 monitor_rec=0.25371 monitor_rec_slab=0.25299 3s
[crossres] step 50/2000 train_rec=0.26023 lr=0.00000 lr_head=0.00007 monitor_rec=0.22447 monitor_rec_slab=0.22629 57s
[crossres] step 100/2000 train_rec=0.20315 lr=0.00000 lr_head=0.00015 monitor_rec=0.15353 monitor_rec_slab=0.16167 110s
[crossres] step 150/2000 train_rec=0.13472 lr=0.00000 lr_head=0.00015 monitor_rec=0.09225 monitor_rec_slab=0.10605 163s
[crossres] step 200/2000 train_rec=0.08779 lr=0.00000 lr_head=0.00015 monitor_rec=0.05852 monitor_rec_slab=0.07567 216s
[crossres] step 250/2000 train_rec=0.05170 lr=0.00007 lr_head=0.00015 monitor_rec=0.02566 monitor_rec_slab=0.04905 270s
[crossres] step 300/2000 train_rec=0.03846 lr=0.00015 lr_head=0.00015 monitor_rec=0.02273 monitor_rec_slab=0.04427 323s
[crossres] step 350/2000 train_rec=0.03678 lr=0.00014 lr_head=0.00014 monitor_rec=0.02083 monitor_rec_slab=0.04065 376s
[crossres] step 400/2000 train_rec=0.03368 lr=0.00014 lr_head=0.00014 monitor_rec=0.01969 monitor_rec_slab=0.03771 429s
[crossres] step 450/2000 train_rec=0.03160 lr=0.00014 lr_head=0.00014 monitor_rec=0.01932 monitor_rec_slab=0.03431 482s
[crossres] step 500/2000 train_rec=0.02992 lr=0.00013 lr_head=0.00013 monitor_rec=0.01895 monitor_rec_slab=0.03154 536s
[crossres] saved models/c39_mae_upsampled_trilinear.pth (188 backbone keys)
[crossres] step 550/2000 train_rec=0.02808 lr=0.00013 lr_head=0.00013 monitor_rec=0.01885 monitor_rec_slab=0.02946 589s
[crossres] step 600/2000 train_rec=0.02766 lr=0.00013 lr_head=0.00013 monitor_rec=0.01837 monitor_rec_slab=0.02758 642s
[crossres] step 650/2000 train_rec=0.02588 lr=0.00012 lr_head=0.00012 monitor_rec=0.01811 monitor_rec_slab=0.02609 695s
[crossres] step 700/2000 train_rec=0.02508 lr=0.00012 lr_head=0.00012 monitor_rec=0.01776 monitor_rec_slab=0.02497 748s
[crossres] step 750/2000 train_rec=0.02417 lr=0.00011 lr_head=0.00011 monitor_rec=0.01755 monitor_rec_slab=0.02393 802s
[crossres] step 800/2000 train_rec=0.02380 lr=0.00011 lr_head=0.00011 monitor_rec=0.01716 monitor_rec_slab=0.02329 855s
[crossres] step 850/2000 train_rec=0.02325 lr=0.00010 lr_head=0.00010 monitor_rec=0.01686 monitor_rec_slab=0.02265 908s
[crossres] step 900/2000 train_rec=0.02295 lr=0.00009 lr_head=0.00009 monitor_rec=0.01656 monitor_rec_slab=0.02204 961s
[crossres] step 950/2000 train_rec=0.02208 lr=0.00009 lr_head=0.00009 monitor_rec=0.01634 monitor_rec_slab=0.02166 1014s
[crossres] step 1000/2000 train_rec=0.02187 lr=0.00008 lr_head=0.00008 monitor_rec=0.01614 monitor_rec_slab=0.02133 1067s
[crossres] saved models/c39_mae_upsampled_trilinear.pth (188 backbone keys)
[crossres] saved models/c39_mae_upsampled_trilinear.step1000.pth (188 backbone keys)
[crossres] step 1050/2000 train_rec=0.02183 lr=0.00008 lr_head=0.00008 monitor_rec=0.01587 monitor_rec_slab=0.02090 1120s
[crossres] step 1100/2000 train_rec=0.02139 lr=0.00007 lr_head=0.00007 monitor_rec=0.01579 monitor_rec_slab=0.02063 1174s
[crossres] step 1150/2000 train_rec=0.02101 lr=0.00006 lr_head=0.00006 monitor_rec=0.01552 monitor_rec_slab=0.02033 1227s
[crossres] step 1200/2000 train_rec=0.02087 lr=0.00006 lr_head=0.00006 monitor_rec=0.01534 monitor_rec_slab=0.02013 1280s
[crossres] step 1250/2000 train_rec=0.02038 lr=0.00005 lr_head=0.00005 monitor_rec=0.01518 monitor_rec_slab=0.01995 1334s
[crossres] step 1300/2000 train_rec=0.02082 lr=0.00005 lr_head=0.00005 monitor_rec=0.01515 monitor_rec_slab=0.01984 1388s
[crossres] step 1350/2000 train_rec=0.02016 lr=0.00004 lr_head=0.00004 monitor_rec=0.01490 monitor_rec_slab=0.01965 1441s
[crossres] step 1400/2000 train_rec=0.02015 lr=0.00004 lr_head=0.00004 monitor_rec=0.01477 monitor_rec_slab=0.01952 1495s
[crossres] step 1450/2000 train_rec=0.01989 lr=0.00003 lr_head=0.00003 monitor_rec=0.01467 monitor_rec_slab=0.01934 1548s
[crossres] step 1500/2000 train_rec=0.01985 lr=0.00003 lr_head=0.00003 monitor_rec=0.01453 monitor_rec_slab=0.01925 1601s
[crossres] saved models/c39_mae_upsampled_trilinear.pth (188 backbone keys)
[crossres] step 1550/2000 train_rec=0.01974 lr=0.00002 lr_head=0.00002 monitor_rec=0.01443 monitor_rec_slab=0.01909 1654s
[crossres] step 1600/2000 train_rec=0.02003 lr=0.00002 lr_head=0.00002 monitor_rec=0.01432 monitor_rec_slab=0.01903 1708s
[crossres] step 1650/2000 train_rec=0.01932 lr=0.00001 lr_head=0.00001 monitor_rec=0.01426 monitor_rec_slab=0.01895 1761s
[crossres] step 1700/2000 train_rec=0.01944 lr=0.00001 lr_head=0.00001 monitor_rec=0.01419 monitor_rec_slab=0.01890 1814s
[crossres] step 1750/2000 train_rec=0.01933 lr=0.00001 lr_head=0.00001 monitor_rec=0.01416 monitor_rec_slab=0.01886 1867s
[crossres] step 1800/2000 train_rec=0.01927 lr=0.00001 lr_head=0.00001 monitor_rec=0.01413 monitor_rec_slab=0.01885 1920s
[crossres] step 1850/2000 train_rec=0.01944 lr=0.00001 lr_head=0.00001 monitor_rec=0.01410 monitor_rec_slab=0.01878 1973s
[crossres] step 1900/2000 train_rec=0.01888 lr=0.00000 lr_head=0.00000 monitor_rec=0.01407 monitor_rec_slab=0.01875 2026s
[crossres] step 1950/2000 train_rec=0.01951 lr=0.00000 lr_head=0.00000 monitor_rec=0.01405 monitor_rec_slab=0.01876 2079s
[crossres] step 2000/2000 train_rec=0.01950 lr=0.00000 lr_head=0.00000 monitor_rec=0.01404 monitor_rec_slab=0.01873 2133s
[crossres] saved models/c39_mae_upsampled_trilinear.pth (188 backbone keys)
