nohup: ignoring input
[w040] ink bbox y[711,5948] x[1561,7741] (63% of the frame) -> 128 tiles (bbox, margin 256px)
[w040] prefetched 200/2056 chunks (41s)
[w040] prefetched 400/2056 chunks (77s)
[w040] prefetched 600/2056 chunks (120s)
[w040] prefetched 800/2056 chunks (161s)
[w040] prefetched 1000/2056 chunks (195s)
[w040] prefetched 1200/2056 chunks (236s)
[w040] prefetched 1400/2056 chunks (276s)
[w040] prefetched 1600/2056 chunks (316s)
[w040] prefetched 1800/2056 chunks (355s)
[w040] prefetched 2000/2056 chunks (401s)
[w040] prefetched 2056/2056 chunks (411s)
[w040] 20/128 tiles, kept 20
[w040] 40/128 tiles, kept 40
[w040] 60/128 tiles, kept 59
[w040] 80/128 tiles, kept 78
[w040] 100/128 tiles, kept 96
[w040] 120/128 tiles, kept 113
[w040] kept 121 tiles (median midslice NCC 0.7948821609898188, median depth shift -0.50 slices), dropped 7 -> /vesuvius/crossres/pairs/depth/20250831000000
