nohup: ignoring input
[w041] ink bbox y[1853,5482] x[559,4589] (29% of the frame) -> 64 tiles (bbox, margin 256px)
[w041] prefetched 200/4032 chunks (41s)
[w041] prefetched 400/4032 chunks (78s)
[w041] prefetched 600/4032 chunks (117s)
[w041] prefetched 800/4032 chunks (158s)
[w041] prefetched 1000/4032 chunks (197s)
[w041] prefetched 1200/4032 chunks (234s)
[w041] prefetched 1400/4032 chunks (274s)
[w041] prefetched 1600/4032 chunks (316s)
[w041] prefetched 1800/4032 chunks (356s)
[w041] prefetched 2000/4032 chunks (397s)
[w041] prefetched 2200/4032 chunks (439s)
[w041] prefetched 2400/4032 chunks (483s)
[w041] prefetched 2600/4032 chunks (524s)
[w041] prefetched 2800/4032 chunks (566s)
[w041] prefetched 3000/4032 chunks (610s)
[w041] prefetched 3200/4032 chunks (654s)
[w041] prefetched 3400/4032 chunks (698s)
[w041] prefetched 3600/4032 chunks (745s)
[w041] prefetched 3800/4032 chunks (787s)
[w041] prefetched 4000/4032 chunks (829s)
[w041] prefetched 4032/4032 chunks (834s)
[w041] 20/64 tiles, kept 20
[w041] 40/64 tiles, kept 40
[w041] 60/64 tiles, kept 60
[w041] kept 64 tiles (median midslice NCC 0.8740152432724788, median depth shift -0.50 slices), dropped 0 -> /vesuvius/crossres/pairs/xyz/20260108000000
