nohup: ignoring input
[w045] ink bbox y[681,4522] x[2547,5512] (23% of the frame) -> 56 tiles (bbox, margin 256px)
[w045] prefetched 200/3648 chunks (41s)
[w045] prefetched 400/3648 chunks (79s)
[w045] prefetched 600/3648 chunks (118s)
[w045] prefetched 800/3648 chunks (157s)
[w045] prefetched 1000/3648 chunks (194s)
[w045] prefetched 1200/3648 chunks (233s)
[w045] prefetched 1400/3648 chunks (274s)
[w045] prefetched 1600/3648 chunks (310s)
[w045] prefetched 1800/3648 chunks (355s)
[w045] prefetched 2000/3648 chunks (396s)
[w045] prefetched 2200/3648 chunks (442s)
[w045] prefetched 2400/3648 chunks (485s)
[w045] prefetched 2600/3648 chunks (530s)
[w045] prefetched 2800/3648 chunks (570s)
[w045] prefetched 3000/3648 chunks (612s)
[w045] prefetched 3200/3648 chunks (656s)
[w045] prefetched 3400/3648 chunks (699s)
[w045] prefetched 3600/3648 chunks (745s)
[w045] prefetched 3648/3648 chunks (753s)
[w045] 20/56 tiles, kept 20
[w045] 40/56 tiles, kept 40
[w045] kept 56 tiles (median midslice NCC 0.8593182468133047, median depth shift -0.31 slices), dropped 0 -> /vesuvius/crossres/pairs/xyz/20260126000000
