nohup: ignoring input
[w040] ink bbox y[711,5948] x[1561,7741] (63% of the frame) -> 128 tiles (bbox, margin 256px)
[w040] prefetched 200/8033 chunks (41s)
[w040] prefetched 400/8033 chunks (79s)
[w040] prefetched 600/8033 chunks (117s)
[w040] prefetched 800/8033 chunks (159s)
[w040] prefetched 1000/8033 chunks (197s)
[w040] prefetched 1200/8033 chunks (235s)
[w040] prefetched 1400/8033 chunks (276s)
[w040] prefetched 1600/8033 chunks (311s)
[w040] prefetched 1800/8033 chunks (350s)
[w040] prefetched 2000/8033 chunks (394s)
[w040] prefetched 2200/8033 chunks (438s)
[w040] prefetched 2400/8033 chunks (480s)
[w040] prefetched 2600/8033 chunks (526s)
[w040] prefetched 2800/8033 chunks (570s)
[w040] prefetched 3000/8033 chunks (611s)
[w040] prefetched 3200/8033 chunks (655s)
[w040] prefetched 3400/8033 chunks (696s)
[w040] prefetched 3600/8033 chunks (738s)
[w040] prefetched 3800/8033 chunks (778s)
[w040] prefetched 4000/8033 chunks (821s)
[w040] prefetched 4200/8033 chunks (862s)
[w040] prefetched 4400/8033 chunks (904s)
[w040] prefetched 4600/8033 chunks (947s)
[w040] prefetched 4800/8033 chunks (990s)
[w040] prefetched 5000/8033 chunks (1029s)
[w040] prefetched 5200/8033 chunks (1073s)
[w040] prefetched 5400/8033 chunks (1112s)
[w040] prefetched 5600/8033 chunks (1151s)
[w040] prefetched 5800/8033 chunks (1188s)
[w040] prefetched 6000/8033 chunks (1227s)
[w040] prefetched 6200/8033 chunks (1264s)
[w040] prefetched 6400/8033 chunks (1303s)
[w040] prefetched 6600/8033 chunks (1344s)
[w040] prefetched 6800/8033 chunks (1378s)
[w040] prefetched 7000/8033 chunks (1421s)
[w040] prefetched 7200/8033 chunks (1459s)
[w040] prefetched 7400/8033 chunks (1494s)
[w040] prefetched 7600/8033 chunks (1532s)
[w040] prefetched 7800/8033 chunks (1563s)
[w040] prefetched 8000/8033 chunks (1596s)
[w040] prefetched 8033/8033 chunks (1600s)
[w040] 20/128 tiles, kept 20
[w040] 40/128 tiles, kept 40
[w040] 60/128 tiles, kept 59
[w040] 80/128 tiles, kept 78
[w040] 100/128 tiles, kept 96
[w040] 120/128 tiles, kept 113
[w040] kept 121 tiles (median midslice NCC 0.7896147082889343, median depth shift -0.50 slices), dropped 7 -> /vesuvius/crossres/pairs/xyz/20250831000000
