nohup: ignoring input
[assemble] 2 fragment(s): ['w018', 'paris4']  (concurrent_fragments=1, workers/frag=32, chunks=(8,64,64))

======================================================================
w018 (20240304144031)  id=20240304144031
======================================================================
/usr/local/lib/python3.10/dist-packages/zarr/creation.py:614: UserWarning: ignoring keyword argument 'zarr_format'
  compressor, fill_value = _kwargs_compat(compressor, fill_value, kwargs)
  [1/3] level-2 pool (109, 10595, 24525) crop=(0, 10595, 0, 24525) depth=109->28 output=(28, 10595, 24525)
  [pool] rows 128/10595
  [pool] rows 256/10595
  [pool] rows 384/10595
  [pool] rows 512/10595
  [pool] rows 640/10595
  [pool] rows 768/10595
  [pool] rows 896/10595
  [pool] rows 1024/10595
  [pool] rows 1152/10595
  [pool] rows 1280/10595
  [pool] rows 1408/10595
  [pool] rows 1536/10595
  [pool] rows 1664/10595
  [pool] rows 1792/10595
  [pool] rows 1920/10595
  [pool] rows 2048/10595
  [pool] rows 2176/10595
  [pool] rows 2304/10595
  [pool] rows 2432/10595
  [pool] rows 2560/10595
  [pool] rows 2688/10595
  [pool] rows 2816/10595
  [pool] rows 2944/10595
  [pool] rows 3072/10595
  [pool] rows 3200/10595
  [pool] rows 3328/10595
  [pool] rows 3456/10595
  [pool] rows 3584/10595
  [pool] rows 3712/10595
  [pool] rows 3840/10595
  [pool] rows 3968/10595
  [pool] rows 4096/10595
  [pool] rows 4224/10595
  [pool] rows 4352/10595
  [pool] rows 4480/10595
  [pool] rows 4608/10595
  [pool] rows 4736/10595
  [pool] rows 4864/10595
  [pool] rows 4992/10595
  [pool] rows 5120/10595
  [pool] rows 5248/10595
  [pool] rows 5376/10595
  [pool] rows 5504/10595
  [pool] rows 5632/10595
  [pool] rows 5760/10595
  [pool] rows 5888/10595
  [pool] rows 6016/10595
  [pool] rows 6144/10595
  [pool] rows 6272/10595
  [pool] rows 6400/10595
  [pool] rows 6528/10595
  [pool] rows 6656/10595
  [pool] rows 6784/10595
  [pool] rows 6912/10595
  [pool] rows 7040/10595
  [pool] rows 7168/10595
  [pool] rows 7296/10595
  [pool] rows 7424/10595
  [pool] rows 7552/10595
  [pool] rows 7680/10595
  [pool] rows 7808/10595
  [pool] rows 7936/10595
  [pool] rows 8064/10595
  [pool] rows 8192/10595
  [pool] rows 8320/10595
  [pool] rows 8448/10595
  [pool] rows 8576/10595
  [pool] rows 8704/10595
  [pool] rows 8832/10595
  [pool] rows 8960/10595
  [pool] rows 9088/10595
  [pool] rows 9216/10595
  [pool] rows 9344/10595
  [pool] rows 9472/10595
  [pool] rows 9600/10595
  [pool] rows 9728/10595
  [pool] rows 9856/10595
  [pool] rows 9984/10595
  [pool] rows 10112/10595
  [pool] rows 10240/10595
  [pool] rows 10368/10595
  [pool] rows 10496/10595
  [pool] rows 10595/10595
  [mask] wrote masks/20240304144031.png from midslice valid_frac=0.873
  [pool] wrote /vesuvius/ves_zarrs2/20240304144031.zarr shape=(28, 10595, 24525)
  [2/3] eroded labels present: eroded_inklabels/20240304144031.png  valid=0.0137
  [3/3] --skip-norm -> skip
[done] w018 (20240304144031)

======================================================================
paris4 (20231210121321)  id=20231210121321
======================================================================
  [1/3] level-2 pool (109, 12750, 9995) crop=(0, 12750, 0, 9995) depth=109->28 output=(28, 12750, 9995)
  [pool] rows 128/12750
  [pool] rows 256/12750
  [pool] rows 384/12750
  [pool] rows 512/12750
  [pool] rows 640/12750
  [pool] rows 768/12750
  [pool] rows 896/12750
  [pool] rows 1024/12750
  [pool] rows 1152/12750
  [pool] rows 1280/12750
  [pool] rows 1408/12750
  [pool] rows 1536/12750
  [pool] rows 1664/12750
  [pool] rows 1792/12750
  [pool] rows 1920/12750
  [pool] rows 2048/12750
  [pool] rows 2176/12750
  [pool] rows 2304/12750
  [pool] rows 2432/12750
  [pool] rows 2560/12750
  [pool] rows 2688/12750
  [pool] rows 2816/12750
  [pool] rows 2944/12750
  [pool] rows 3072/12750
  [pool] rows 3200/12750
  [pool] rows 3328/12750
  [pool] rows 3456/12750
  [pool] rows 3584/12750
  [pool] rows 3712/12750
  [pool] rows 3840/12750
  [pool] rows 3968/12750
  [pool] rows 4096/12750
  [pool] rows 4224/12750
  [pool] rows 4352/12750
  [pool] rows 4480/12750
  [pool] rows 4608/12750
  [pool] rows 4736/12750
  [pool] rows 4864/12750
  [pool] rows 4992/12750
  [pool] rows 5120/12750
  [pool] rows 5248/12750
  [pool] rows 5376/12750
  [pool] rows 5504/12750
  [pool] rows 5632/12750
  [pool] rows 5760/12750
  [pool] rows 5888/12750
  [pool] rows 6016/12750
  [pool] rows 6144/12750
  [pool] rows 6272/12750
  [pool] rows 6400/12750
  [pool] rows 6528/12750
  [pool] rows 6656/12750
  [pool] rows 6784/12750
  [pool] rows 6912/12750
  [pool] rows 7040/12750
  [pool] rows 7168/12750
  [pool] rows 7296/12750
  [pool] rows 7424/12750
  [pool] rows 7552/12750
  [pool] rows 7680/12750
  [pool] rows 7808/12750
  [pool] rows 7936/12750
  [pool] rows 8064/12750
