[crossres] w044 (train): 16 train / 2 monitor tiles, LUT 0/128/255 -> -0.039/0.542/1.068
[crossres] w059 (train): 54 train / 6 monitor tiles, LUT 0/128/255 -> -0.032/0.531/1.021
[crossres] w030 (train): 14 train / 2 monitor tiles, LUT 0/128/255 -> -0.083/0.571/1.120
[crossres] w043 (train): 29 train / 4 monitor tiles, LUT 0/128/255 -> -0.053/0.545/0.978
[crossres] w045 (train): 50 train / 6 monitor tiles, LUT 0/128/255 -> -0.058/0.543/1.030
[crossres] w040 (train): 108 train / 13 monitor tiles, LUT 0/128/255 -> -0.054/0.554/1.087
[crossres] w041 (train): 57 train / 7 monitor tiles, LUT 0/128/255 -> -0.063/0.555/1.073
[crossres] w039 (train): 17 train / 2 monitor tiles, LUT 0/128/255 -> -0.064/0.558/1.093
[crossres] w035 (train): 27 train / 3 monitor tiles, LUT 0/128/255 -> -0.095/0.569/1.159
[crossres] 500P2_front (train): 38 train / 5 monitor tiles, LUT 0/128/255 -> -0.049/0.584/1.236
[crossres] seg46527 (train): 5 train / 1 monitor tiles, LUT 0/128/255 -> -0.049/0.552/1.101
[crossres] paired scroll weights (sqrt tiles): {'PHerc0139': 0.697, 'PHerc0500P2': 0.223, 'PHerc0814': 0.081}
/usr/local/lib/python3.10/dist-packages/torch/_utils.py:831: UserWarning: TypedStorage is deprecated. It will be removed in the future and UntypedStorage will be the only storage class. This should only matter to you if you are using storages directly.  To access UntypedStorage directly, use tensor.untyped_storage() instead of tensor.storage()
  return self.fget.__get__(instance, owner)()
Model parameters (nnunet3d_lcndz): 7,522,618
[crossres] warm start from models/mae_nnunet_192_campaign34_early_gated_native96_2k.pth: loaded 187/187 (missing 0)
WARNING: All log messages before absl::InitializeLog() is called are written to STDERR
E0000 00:00:1790713592.638273  239963 cuda_dnn.cc:8579] Unable to register cuDNN factory: Attempting to register factory for plugin cuDNN when one has already been registered
E0000 00:00:1790713592.645235  239963 cuda_blas.cc:1407] Unable to register cuBLAS factory: Attempting to register factory for plugin cuBLAS when one has already been registered
W0000 00:00:1790713592.684736  239963 computation_placer.cc:177] computation placer already registered. Please check linkage and avoid linking the same target more than once.
W0000 00:00:1790713592.684763  239963 computation_placer.cc:177] computation placer already registered. Please check linkage and avoid linking the same target more than once.
W0000 00:00:1790713592.684766  239963 computation_placer.cc:177] computation placer already registered. Please check linkage and avoid linking the same target more than once.
W0000 00:00:1790713592.684769  239963 computation_placer.cc:177] computation placer already registered. Please check linkage and avoid linking the same target more than once.
[crossres] step 0/2000 monitor_rec=0.15072 monitor_rec_slab=0.15137 monitor_sr=0.01236 monitor_sr_trilinear=0.01236 monitor_sr_linear3=0.01073 monitor_sr_masked=0.01236 monitor_sr_gain_vs_linear3=-0.15184 1s
[crossres] step 50/2000 train_rec=0.14480 lr=0.00000 lr_head=0.00007 train_sr=0.01083 monitor_rec=0.12735 monitor_rec_slab=0.13033 monitor_sr=0.01228 monitor_sr_trilinear=0.01236 monitor_sr_linear3=0.01073 monitor_sr_masked=0.01230 monitor_sr_gain_vs_linear3=-0.14394 30s
[crossres] step 100/2000 train_rec=0.10692 lr=0.00000 lr_head=0.00015 train_sr=0.01052 monitor_rec=0.07555 monitor_rec_slab=0.08358 monitor_sr=0.01221 monitor_sr_trilinear=0.01236 monitor_sr_linear3=0.01073 monitor_sr_masked=0.01219 monitor_sr_gain_vs_linear3=-0.13792 59s
[crossres] step 150/2000 train_rec=0.06154 lr=0.00000 lr_head=0.00015 train_sr=0.01075 monitor_rec=0.03840 monitor_rec_slab=0.05011 monitor_sr=0.01218 monitor_sr_trilinear=0.01236 monitor_sr_linear3=0.01073 monitor_sr_masked=0.01216 monitor_sr_gain_vs_linear3=-0.13478 86s
[crossres] step 200/2000 train_rec=0.03772 lr=0.00000 lr_head=0.00015 train_sr=0.01034 monitor_rec=0.02322 monitor_rec_slab=0.03648 monitor_sr=0.01217 monitor_sr_trilinear=0.01236 monitor_sr_linear3=0.01073 monitor_sr_masked=0.01216 monitor_sr_gain_vs_linear3=-0.13398 113s
[crossres] step 250/2000 train_rec=0.02607 lr=0.00007 lr_head=0.00015 train_sr=0.01054 monitor_rec=0.01513 monitor_rec_slab=0.02860 monitor_sr=0.01215 monitor_sr_trilinear=0.01236 monitor_sr_linear3=0.01073 monitor_sr_masked=0.01215 monitor_sr_gain_vs_linear3=-0.13211 139s
[crossres] step 300/2000 train_rec=0.02306 lr=0.00015 lr_head=0.00015 train_sr=0.01050 monitor_rec=0.01385 monitor_rec_slab=0.02594 monitor_sr=0.01211 monitor_sr_trilinear=0.01236 monitor_sr_linear3=0.01073 monitor_sr_masked=0.01214 monitor_sr_gain_vs_linear3=-0.12876 165s
[crossres] step 350/2000 train_rec=0.02068 lr=0.00014 lr_head=0.00014 train_sr=0.01209 monitor_rec=0.01319 monitor_rec_slab=0.02342 monitor_sr=0.01210 monitor_sr_trilinear=0.01236 monitor_sr_linear3=0.01073 monitor_sr_masked=0.01214 monitor_sr_gain_vs_linear3=-0.12728 191s
[crossres] step 400/2000 train_rec=0.01955 lr=0.00014 lr_head=0.00014 train_sr=0.01069 monitor_rec=0.01291 monitor_rec_slab=0.02140 monitor_sr=0.01211 monitor_sr_trilinear=0.01236 monitor_sr_linear3=0.01073 monitor_sr_masked=0.01216 monitor_sr_gain_vs_linear3=-0.12852 216s
[crossres] step 450/2000 train_rec=0.01808 lr=0.00014 lr_head=0.00014 train_sr=0.01029 monitor_rec=0.01268 monitor_rec_slab=0.02001 monitor_sr=0.01209 monitor_sr_trilinear=0.01236 monitor_sr_linear3=0.01073 monitor_sr_masked=0.01214 monitor_sr_gain_vs_linear3=-0.12677 244s
[crossres] step 500/2000 train_rec=0.01810 lr=0.00013 lr_head=0.00013 train_sr=0.01035 monitor_rec=0.01278 monitor_rec_slab=0.01945 monitor_sr=0.01208 monitor_sr_trilinear=0.01236 monitor_sr_linear3=0.01073 monitor_sr_masked=0.01212 monitor_sr_gain_vs_linear3=-0.12596 271s
[crossres] saved models/mae_crossres_xyz.pth (187 backbone keys)
[crossres] step 550/2000 train_rec=0.01722 lr=0.00013 lr_head=0.00013 train_sr=0.01054 monitor_rec=0.01218 monitor_rec_slab=0.01836 monitor_sr=0.01206 monitor_sr_trilinear=0.01236 monitor_sr_linear3=0.01073 monitor_sr_masked=0.01210 monitor_sr_gain_vs_linear3=-0.12385 298s
[crossres] step 600/2000 train_rec=0.01653 lr=0.00013 lr_head=0.00013 train_sr=0.01091 monitor_rec=0.01197 monitor_rec_slab=0.01759 monitor_sr=0.01204 monitor_sr_trilinear=0.01236 monitor_sr_linear3=0.01073 monitor_sr_masked=0.01209 monitor_sr_gain_vs_linear3=-0.12185 323s
[crossres] step 650/2000 train_rec=0.01607 lr=0.00012 lr_head=0.00012 train_sr=0.01060 monitor_rec=0.01171 monitor_rec_slab=0.01711 monitor_sr=0.01205 monitor_sr_trilinear=0.01236 monitor_sr_linear3=0.01073 monitor_sr_masked=0.01209 monitor_sr_gain_vs_linear3=-0.12286 347s
[crossres] step 700/2000 train_rec=0.01576 lr=0.00012 lr_head=0.00012 train_sr=0.01026 monitor_rec=0.01151 monitor_rec_slab=0.01663 monitor_sr=0.01202 monitor_sr_trilinear=0.01236 monitor_sr_linear3=0.01073 monitor_sr_masked=0.01206 monitor_sr_gain_vs_linear3=-0.12016 373s
[crossres] step 750/2000 train_rec=0.01571 lr=0.00011 lr_head=0.00011 train_sr=0.01051 monitor_rec=0.01130 monitor_rec_slab=0.01616 monitor_sr=0.01199 monitor_sr_trilinear=0.01236 monitor_sr_linear3=0.01073 monitor_sr_masked=0.01205 monitor_sr_gain_vs_linear3=-0.11714 400s
[crossres] step 800/2000 train_rec=0.01502 lr=0.00011 lr_head=0.00011 train_sr=0.01060 monitor_rec=0.01105 monitor_rec_slab=0.01573 monitor_sr=0.01197 monitor_sr_trilinear=0.01236 monitor_sr_linear3=0.01073 monitor_sr_masked=0.01203 monitor_sr_gain_vs_linear3=-0.11559 426s
[crossres] step 850/2000 train_rec=0.01499 lr=0.00010 lr_head=0.00010 train_sr=0.01067 monitor_rec=0.01084 monitor_rec_slab=0.01535 monitor_sr=0.01195 monitor_sr_trilinear=0.01236 monitor_sr_linear3=0.01073 monitor_sr_masked=0.01202 monitor_sr_gain_vs_linear3=-0.11317 451s
[crossres] step 900/2000 train_rec=0.01465 lr=0.00009 lr_head=0.00009 train_sr=0.01053 monitor_rec=0.01060 monitor_rec_slab=0.01501 monitor_sr=0.01198 monitor_sr_trilinear=0.01236 monitor_sr_linear3=0.01073 monitor_sr_masked=0.01203 monitor_sr_gain_vs_linear3=-0.11660 476s
[crossres] step 950/2000 train_rec=0.01418 lr=0.00009 lr_head=0.00009 train_sr=0.01045 monitor_rec=0.01031 monitor_rec_slab=0.01462 monitor_sr=0.01194 monitor_sr_trilinear=0.01236 monitor_sr_linear3=0.01073 monitor_sr_masked=0.01200 monitor_sr_gain_vs_linear3=-0.11235 502s
[crossres] step 1000/2000 train_rec=0.01390 lr=0.00008 lr_head=0.00008 train_sr=0.01030 monitor_rec=0.01013 monitor_rec_slab=0.01431 monitor_sr=0.01194 monitor_sr_trilinear=0.01236 monitor_sr_linear3=0.01073 monitor_sr_masked=0.01200 monitor_sr_gain_vs_linear3=-0.11250 528s
[crossres] saved models/mae_crossres_xyz.pth (187 backbone keys)
[crossres] saved models/mae_crossres_xyz.step1000.pth (187 backbone keys)
[crossres] step 1050/2000 train_rec=0.01383 lr=0.00008 lr_head=0.00008 train_sr=0.01085 monitor_rec=0.00985 monitor_rec_slab=0.01405 monitor_sr=0.01191 monitor_sr_trilinear=0.01236 monitor_sr_linear3=0.01073 monitor_sr_masked=0.01198 monitor_sr_gain_vs_linear3=-0.10936 553s
[crossres] step 1100/2000 train_rec=0.01377 lr=0.00007 lr_head=0.00007 train_sr=0.01091 monitor_rec=0.00972 monitor_rec_slab=0.01381 monitor_sr=0.01190 monitor_sr_trilinear=0.01236 monitor_sr_linear3=0.01073 monitor_sr_masked=0.01197 monitor_sr_gain_vs_linear3=-0.10890 578s
[crossres] step 1150/2000 train_rec=0.01348 lr=0.00006 lr_head=0.00006 train_sr=0.01003 monitor_rec=0.00954 monitor_rec_slab=0.01358 monitor_sr=0.01191 monitor_sr_trilinear=0.01236 monitor_sr_linear3=0.01073 monitor_sr_masked=0.01198 monitor_sr_gain_vs_linear3=-0.11026 604s
[crossres] step 1200/2000 train_rec=0.01327 lr=0.00006 lr_head=0.00006 train_sr=0.01045 monitor_rec=0.00939 monitor_rec_slab=0.01341 monitor_sr=0.01191 monitor_sr_trilinear=0.01236 monitor_sr_linear3=0.01073 monitor_sr_masked=0.01197 monitor_sr_gain_vs_linear3=-0.10981 629s
[crossres] step 1250/2000 train_rec=0.01320 lr=0.00005 lr_head=0.00005 train_sr=0.01065 monitor_rec=0.00931 monitor_rec_slab=0.01329 monitor_sr=0.01190 monitor_sr_trilinear=0.01236 monitor_sr_linear3=0.01073 monitor_sr_masked=0.01198 monitor_sr_gain_vs_linear3=-0.10913 654s
[crossres] step 1300/2000 train_rec=0.01301 lr=0.00005 lr_head=0.00005 train_sr=0.01066 monitor_rec=0.00928 monitor_rec_slab=0.01316 monitor_sr=0.01189 monitor_sr_trilinear=0.01236 monitor_sr_linear3=0.01073 monitor_sr_masked=0.01197 monitor_sr_gain_vs_linear3=-0.10772 678s
[crossres] step 1350/2000 train_rec=0.01268 lr=0.00004 lr_head=0.00004 train_sr=0.01052 monitor_rec=0.00914 monitor_rec_slab=0.01306 monitor_sr=0.01188 monitor_sr_trilinear=0.01236 monitor_sr_linear3=0.01073 monitor_sr_masked=0.01196 monitor_sr_gain_vs_linear3=-0.10683 703s
[crossres] step 1400/2000 train_rec=0.01275 lr=0.00004 lr_head=0.00004 train_sr=0.01102 monitor_rec=0.00906 monitor_rec_slab=0.01300 monitor_sr=0.01189 monitor_sr_trilinear=0.01236 monitor_sr_linear3=0.01073 monitor_sr_masked=0.01197 monitor_sr_gain_vs_linear3=-0.10829 729s
[crossres] step 1450/2000 train_rec=0.01265 lr=0.00003 lr_head=0.00003 train_sr=0.01010 monitor_rec=0.00897 monitor_rec_slab=0.01291 monitor_sr=0.01189 monitor_sr_trilinear=0.01236 monitor_sr_linear3=0.01073 monitor_sr_masked=0.01196 monitor_sr_gain_vs_linear3=-0.10790 753s
[crossres] step 1500/2000 train_rec=0.01285 lr=0.00003 lr_head=0.00003 train_sr=0.00992 monitor_rec=0.00894 monitor_rec_slab=0.01283 monitor_sr=0.01187 monitor_sr_trilinear=0.01236 monitor_sr_linear3=0.01073 monitor_sr_masked=0.01196 monitor_sr_gain_vs_linear3=-0.10650 779s
[crossres] saved models/mae_crossres_xyz.pth (187 backbone keys)
[crossres] step 1550/2000 train_rec=0.01268 lr=0.00002 lr_head=0.00002 train_sr=0.01030 monitor_rec=0.00888 monitor_rec_slab=0.01275 monitor_sr=0.01189 monitor_sr_trilinear=0.01236 monitor_sr_linear3=0.01073 monitor_sr_masked=0.01196 monitor_sr_gain_vs_linear3=-0.10755 805s
[crossres] step 1600/2000 train_rec=0.01257 lr=0.00002 lr_head=0.00002 train_sr=0.01070 monitor_rec=0.00885 monitor_rec_slab=0.01271 monitor_sr=0.01188 monitor_sr_trilinear=0.01236 monitor_sr_linear3=0.01073 monitor_sr_masked=0.01196 monitor_sr_gain_vs_linear3=-0.10675 830s
[crossres] step 1650/2000 train_rec=0.01263 lr=0.00001 lr_head=0.00001 train_sr=0.01058 monitor_rec=0.00881 monitor_rec_slab=0.01269 monitor_sr=0.01188 monitor_sr_trilinear=0.01236 monitor_sr_linear3=0.01073 monitor_sr_masked=0.01196 monitor_sr_gain_vs_linear3=-0.10656 854s
[crossres] step 1700/2000 train_rec=0.01248 lr=0.00001 lr_head=0.00001 train_sr=0.01108 monitor_rec=0.00878 monitor_rec_slab=0.01266 monitor_sr=0.01187 monitor_sr_trilinear=0.01236 monitor_sr_linear3=0.01073 monitor_sr_masked=0.01196 monitor_sr_gain_vs_linear3=-0.10645 881s
[crossres] step 1750/2000 train_rec=0.01232 lr=0.00001 lr_head=0.00001 train_sr=0.01129 monitor_rec=0.00877 monitor_rec_slab=0.01263 monitor_sr=0.01187 monitor_sr_trilinear=0.01236 monitor_sr_linear3=0.01073 monitor_sr_masked=0.01195 monitor_sr_gain_vs_linear3=-0.10587 908s
[crossres] step 1800/2000 train_rec=0.01224 lr=0.00001 lr_head=0.00001 train_sr=0.01091 monitor_rec=0.00876 monitor_rec_slab=0.01259 monitor_sr=0.01188 monitor_sr_trilinear=0.01236 monitor_sr_linear3=0.01073 monitor_sr_masked=0.01196 monitor_sr_gain_vs_linear3=-0.10661 935s
[crossres] step 1850/2000 train_rec=0.01228 lr=0.00001 lr_head=0.00001 train_sr=0.01021 monitor_rec=0.00874 monitor_rec_slab=0.01259 monitor_sr=0.01188 monitor_sr_trilinear=0.01236 monitor_sr_linear3=0.01073 monitor_sr_masked=0.01196 monitor_sr_gain_vs_linear3=-0.10663 962s
[crossres] step 1900/2000 train_rec=0.01251 lr=0.00000 lr_head=0.00000 train_sr=0.01014 monitor_rec=0.00874 monitor_rec_slab=0.01258 monitor_sr=0.01187 monitor_sr_trilinear=0.01236 monitor_sr_linear3=0.01073 monitor_sr_masked=0.01196 monitor_sr_gain_vs_linear3=-0.10648 989s
[crossres] step 1950/2000 train_rec=0.01232 lr=0.00000 lr_head=0.00000 train_sr=0.01052 monitor_rec=0.00873 monitor_rec_slab=0.01258 monitor_sr=0.01187 monitor_sr_trilinear=0.01236 monitor_sr_linear3=0.01073 monitor_sr_masked=0.01196 monitor_sr_gain_vs_linear3=-0.10645 1015s
[crossres] step 2000/2000 train_rec=0.01210 lr=0.00000 lr_head=0.00000 train_sr=0.01029 monitor_rec=0.00873 monitor_rec_slab=0.01257 monitor_sr=0.01187 monitor_sr_trilinear=0.01236 monitor_sr_linear3=0.01073 monitor_sr_masked=0.01195 monitor_sr_gain_vs_linear3=-0.10595 1043s
[crossres] saved models/mae_crossres_xyz.pth (187 backbone keys)
