[crossres] plan U: models/upsampler_learned_xy2_d4.pth {'depth_factor': 4, 'scale': 2, 'width': 48, 'layers': 8, 'depth_pool': 2} -> network input 16 x 192 x 192
/usr/local/lib/python3.10/dist-packages/torch/_utils.py:831: UserWarning: TypedStorage is deprecated. It will be removed in the future and UntypedStorage will be the only storage class. This should only matter to you if you are using storages directly.  To access UntypedStorage directly, use tensor.untyped_storage() instead of tensor.storage()
  return self.fget.__get__(instance, owner)()
Model parameters (nnunet3d_lcndz): 7,522,618
[crossres] warm start from models/mae_nnunet_192_campaign34_early_gated_native96_2k.pth: loaded 187/187 (missing 0)
WARNING: All log messages before absl::InitializeLog() is called are written to STDERR
E0000 00:00:1790718479.278188  251939 cuda_dnn.cc:8579] Unable to register cuDNN factory: Attempting to register factory for plugin cuDNN when one has already been registered
E0000 00:00:1790718479.285244  251939 cuda_blas.cc:1407] Unable to register cuBLAS factory: Attempting to register factory for plugin cuBLAS when one has already been registered
W0000 00:00:1790718479.322828  251939 computation_placer.cc:177] computation placer already registered. Please check linkage and avoid linking the same target more than once.
W0000 00:00:1790718479.322883  251939 computation_placer.cc:177] computation placer already registered. Please check linkage and avoid linking the same target more than once.
W0000 00:00:1790718479.322891  251939 computation_placer.cc:177] computation placer already registered. Please check linkage and avoid linking the same target more than once.
W0000 00:00:1790718479.322894  251939 computation_placer.cc:177] computation placer already registered. Please check linkage and avoid linking the same target more than once.
[crossres] step 0/2000 monitor_rec=0.14886 monitor_rec_slab=0.14942 3s
[crossres] step 50/2000 train_rec=0.14435 lr=0.00000 lr_head=0.00007 monitor_rec=0.12851 monitor_rec_slab=0.13077 66s
[crossres] step 100/2000 train_rec=0.10874 lr=0.00000 lr_head=0.00015 monitor_rec=0.08158 monitor_rec_slab=0.08784 127s
[crossres] step 150/2000 train_rec=0.06647 lr=0.00000 lr_head=0.00015 monitor_rec=0.04642 monitor_rec_slab=0.05590 188s
[crossres] step 200/2000 train_rec=0.04050 lr=0.00000 lr_head=0.00015 monitor_rec=0.02814 monitor_rec_slab=0.04010 246s
[crossres] step 250/2000 train_rec=0.02394 lr=0.00007 lr_head=0.00015 monitor_rec=0.01219 monitor_rec_slab=0.02367 302s
[crossres] step 300/2000 train_rec=0.01780 lr=0.00015 lr_head=0.00015 monitor_rec=0.01064 monitor_rec_slab=0.02135 359s
[crossres] step 350/2000 train_rec=0.01641 lr=0.00014 lr_head=0.00014 monitor_rec=0.00995 monitor_rec_slab=0.01830 415s
[crossres] step 400/2000 train_rec=0.01444 lr=0.00014 lr_head=0.00014 monitor_rec=0.00945 monitor_rec_slab=0.01608 471s
[crossres] step 450/2000 train_rec=0.01344 lr=0.00014 lr_head=0.00014 monitor_rec=0.00918 monitor_rec_slab=0.01459 524s
[crossres] step 500/2000 train_rec=0.01276 lr=0.00013 lr_head=0.00013 monitor_rec=0.00887 monitor_rec_slab=0.01353 577s
[crossres] saved models/mae_upsampled_learned_native96.pth (187 backbone keys)
[crossres] step 550/2000 train_rec=0.01225 lr=0.00013 lr_head=0.00013 monitor_rec=0.00867 monitor_rec_slab=0.01290 632s
[crossres] step 600/2000 train_rec=0.01192 lr=0.00013 lr_head=0.00013 monitor_rec=0.00842 monitor_rec_slab=0.01229 685s
[crossres] step 650/2000 train_rec=0.01147 lr=0.00012 lr_head=0.00012 monitor_rec=0.00822 monitor_rec_slab=0.01192 739s
[crossres] step 700/2000 train_rec=0.01139 lr=0.00012 lr_head=0.00012 monitor_rec=0.00805 monitor_rec_slab=0.01152 792s
[crossres] step 750/2000 train_rec=0.01095 lr=0.00011 lr_head=0.00011 monitor_rec=0.00799 monitor_rec_slab=0.01128 846s
[crossres] step 800/2000 train_rec=0.01091 lr=0.00011 lr_head=0.00011 monitor_rec=0.00778 monitor_rec_slab=0.01107 899s
[crossres] step 850/2000 train_rec=0.01056 lr=0.00010 lr_head=0.00010 monitor_rec=0.00758 monitor_rec_slab=0.01074 953s
[crossres] step 900/2000 train_rec=0.01034 lr=0.00009 lr_head=0.00009 monitor_rec=0.00751 monitor_rec_slab=0.01055 1007s
[crossres] step 950/2000 train_rec=0.01041 lr=0.00009 lr_head=0.00009 monitor_rec=0.00739 monitor_rec_slab=0.01035 1060s
[crossres] step 1000/2000 train_rec=0.01023 lr=0.00008 lr_head=0.00008 monitor_rec=0.00730 monitor_rec_slab=0.01022 1113s
[crossres] saved models/mae_upsampled_learned_native96.pth (187 backbone keys)
[crossres] saved models/mae_upsampled_learned_native96.step1000.pth (187 backbone keys)
[crossres] step 1050/2000 train_rec=0.01001 lr=0.00008 lr_head=0.00008 monitor_rec=0.00723 monitor_rec_slab=0.01003 1166s
[crossres] step 1100/2000 train_rec=0.00984 lr=0.00007 lr_head=0.00007 monitor_rec=0.00713 monitor_rec_slab=0.00991 1219s
[crossres] step 1150/2000 train_rec=0.00971 lr=0.00006 lr_head=0.00006 monitor_rec=0.00709 monitor_rec_slab=0.00981 1272s
[crossres] step 1200/2000 train_rec=0.00992 lr=0.00006 lr_head=0.00006 monitor_rec=0.00701 monitor_rec_slab=0.00967 1325s
[crossres] step 1250/2000 train_rec=0.00967 lr=0.00005 lr_head=0.00005 monitor_rec=0.00698 monitor_rec_slab=0.00958 1378s
[crossres] step 1300/2000 train_rec=0.00954 lr=0.00005 lr_head=0.00005 monitor_rec=0.00693 monitor_rec_slab=0.00951 1431s
[crossres] step 1350/2000 train_rec=0.00948 lr=0.00004 lr_head=0.00004 monitor_rec=0.00695 monitor_rec_slab=0.00950 1484s
[crossres] step 1400/2000 train_rec=0.00958 lr=0.00004 lr_head=0.00004 monitor_rec=0.00682 monitor_rec_slab=0.00938 1537s
[crossres] step 1450/2000 train_rec=0.00929 lr=0.00003 lr_head=0.00003 monitor_rec=0.00679 monitor_rec_slab=0.00933 1589s
[crossres] step 1500/2000 train_rec=0.00937 lr=0.00003 lr_head=0.00003 monitor_rec=0.00679 monitor_rec_slab=0.00936 1642s
[crossres] saved models/mae_upsampled_learned_native96.pth (187 backbone keys)
[crossres] step 1550/2000 train_rec=0.00923 lr=0.00002 lr_head=0.00002 monitor_rec=0.00673 monitor_rec_slab=0.00924 1695s
[crossres] step 1600/2000 train_rec=0.00915 lr=0.00002 lr_head=0.00002 monitor_rec=0.00670 monitor_rec_slab=0.00921 1747s
[crossres] step 1650/2000 train_rec=0.00918 lr=0.00001 lr_head=0.00001 monitor_rec=0.00667 monitor_rec_slab=0.00916 1799s
[crossres] step 1700/2000 train_rec=0.00923 lr=0.00001 lr_head=0.00001 monitor_rec=0.00666 monitor_rec_slab=0.00914 1852s
[crossres] step 1750/2000 train_rec=0.00920 lr=0.00001 lr_head=0.00001 monitor_rec=0.00664 monitor_rec_slab=0.00912 1904s
[crossres] step 1800/2000 train_rec=0.00918 lr=0.00001 lr_head=0.00001 monitor_rec=0.00663 monitor_rec_slab=0.00912 1956s
[crossres] step 1850/2000 train_rec=0.00912 lr=0.00001 lr_head=0.00001 monitor_rec=0.00663 monitor_rec_slab=0.00910 2009s
[crossres] step 1900/2000 train_rec=0.00942 lr=0.00000 lr_head=0.00000 monitor_rec=0.00662 monitor_rec_slab=0.00909 2061s
[crossres] step 1950/2000 train_rec=0.00929 lr=0.00000 lr_head=0.00000 monitor_rec=0.00662 monitor_rec_slab=0.00908 2113s
[crossres] step 2000/2000 train_rec=0.00916 lr=0.00000 lr_head=0.00000 monitor_rec=0.00661 monitor_rec_slab=0.00908 2166s
[crossres] saved models/mae_upsampled_learned_native96.pth (187 backbone keys)
