[crossres] w044 (train): 16 train / 2 monitor tiles, LUT 0/128/255 -> -0.039/0.542/1.068
[crossres] w059 (train): 54 train / 6 monitor tiles, LUT 0/128/255 -> -0.032/0.531/1.021
[crossres] w030 (train): 14 train / 2 monitor tiles, LUT 0/128/255 -> -0.083/0.571/1.120
[crossres] w043 (train): 29 train / 4 monitor tiles, LUT 0/128/255 -> -0.053/0.545/0.978
[crossres] w045 (train): 50 train / 6 monitor tiles, LUT 0/128/255 -> -0.058/0.543/1.030
[crossres] w040 (train): 108 train / 13 monitor tiles, LUT 0/128/255 -> -0.054/0.554/1.087
[crossres] w041 (train): 57 train / 7 monitor tiles, LUT 0/128/255 -> -0.063/0.555/1.073
[crossres] w039 (train): 17 train / 2 monitor tiles, LUT 0/128/255 -> -0.064/0.558/1.093
[crossres] w035 (train): 27 train / 3 monitor tiles, LUT 0/128/255 -> -0.095/0.569/1.159
[crossres] 500P2_front (train): 38 train / 5 monitor tiles, LUT 0/128/255 -> -0.049/0.584/1.236
[crossres] seg46527 (train): 5 train / 1 monitor tiles, LUT 0/128/255 -> -0.049/0.552/1.101
[crossres] paired scroll weights (sqrt tiles): {'PHerc0139': 0.697, 'PHerc0500P2': 0.223, 'PHerc0814': 0.081}
/usr/local/lib/python3.10/dist-packages/torch/_utils.py:831: UserWarning: TypedStorage is deprecated. It will be removed in the future and UntypedStorage will be the only storage class. This should only matter to you if you are using storages directly.  To access UntypedStorage directly, use tensor.untyped_storage() instead of tensor.storage()
  return self.fget.__get__(instance, owner)()
Model parameters (nnunet3d_lcndz): 7,522,618
[crossres] warm start from models/mae_nnunet_192_campaign34_early_gated_native96_2k.pth: loaded 187/187 (missing 0)
WARNING: All log messages before absl::InitializeLog() is called are written to STDERR
E0000 00:00:1790723991.423780  256121 cuda_dnn.cc:8579] Unable to register cuDNN factory: Attempting to register factory for plugin cuDNN when one has already been registered
E0000 00:00:1790723991.427438  256121 cuda_blas.cc:1407] Unable to register cuBLAS factory: Attempting to register factory for plugin cuBLAS when one has already been registered
W0000 00:00:1790723991.437704  256121 computation_placer.cc:177] computation placer already registered. Please check linkage and avoid linking the same target more than once.
W0000 00:00:1790723991.437726  256121 computation_placer.cc:177] computation placer already registered. Please check linkage and avoid linking the same target more than once.
W0000 00:00:1790723991.437729  256121 computation_placer.cc:177] computation placer already registered. Please check linkage and avoid linking the same target more than once.
W0000 00:00:1790723991.437732  256121 computation_placer.cc:177] computation placer already registered. Please check linkage and avoid linking the same target more than once.
[crossres] step 0/2000 monitor_rec=0.15072 monitor_rec_slab=0.15137 monitor_sr=0.01236 monitor_sr_trilinear=0.01236 monitor_sr_linear3=0.01073 monitor_sr_masked=0.01236 monitor_sr_gain_vs_linear3=-0.15184 1s
[crossres] step 50/2000 train_rec=0.12075 lr=0.00000 lr_head=0.00037 train_sr=0.01060 monitor_rec=0.06079 monitor_rec_slab=0.07037 monitor_sr=0.01171 monitor_sr_trilinear=0.01236 monitor_sr_linear3=0.01073 monitor_sr_masked=0.01173 monitor_sr_gain_vs_linear3=-0.09148 26s
[crossres] step 100/2000 train_rec=0.03648 lr=0.00000 lr_head=0.00075 train_sr=0.01017 monitor_rec=0.01449 monitor_rec_slab=0.02882 monitor_sr=0.01177 monitor_sr_trilinear=0.01236 monitor_sr_linear3=0.01073 monitor_sr_masked=0.01186 monitor_sr_gain_vs_linear3=-0.09680 53s
[crossres] step 150/2000 train_rec=0.02231 lr=0.00000 lr_head=0.00075 train_sr=0.01037 monitor_rec=0.01215 monitor_rec_slab=0.02703 monitor_sr=0.01167 monitor_sr_trilinear=0.01236 monitor_sr_linear3=0.01073 monitor_sr_masked=0.01175 monitor_sr_gain_vs_linear3=-0.08765 80s
[crossres] step 200/2000 train_rec=0.02082 lr=0.00000 lr_head=0.00074 train_sr=0.01008 monitor_rec=0.01145 monitor_rec_slab=0.02640 monitor_sr=0.01176 monitor_sr_trilinear=0.01236 monitor_sr_linear3=0.01073 monitor_sr_masked=0.01185 monitor_sr_gain_vs_linear3=-0.09570 106s
[crossres] step 250/2000 train_rec=0.01952 lr=0.00007 lr_head=0.00074 train_sr=0.00996 monitor_rec=0.01169 monitor_rec_slab=0.02330 monitor_sr=0.01147 monitor_sr_trilinear=0.01236 monitor_sr_linear3=0.01073 monitor_sr_masked=0.01151 monitor_sr_gain_vs_linear3=-0.06887 131s
[crossres] step 300/2000 train_rec=0.01866 lr=0.00015 lr_head=0.00073 train_sr=0.00982 monitor_rec=0.01148 monitor_rec_slab=0.02106 monitor_sr=0.01160 monitor_sr_trilinear=0.01236 monitor_sr_linear3=0.01073 monitor_sr_masked=0.01165 monitor_sr_gain_vs_linear3=-0.08120 157s
[crossres] step 350/2000 train_rec=0.01741 lr=0.00014 lr_head=0.00072 train_sr=0.01040 monitor_rec=0.01142 monitor_rec_slab=0.01901 monitor_sr=0.01154 monitor_sr_trilinear=0.01236 monitor_sr_linear3=0.01073 monitor_sr_masked=0.01151 monitor_sr_gain_vs_linear3=-0.07528 182s
[crossres] step 400/2000 train_rec=0.01645 lr=0.00014 lr_head=0.00071 train_sr=0.00992 monitor_rec=0.01104 monitor_rec_slab=0.01704 monitor_sr=0.01138 monitor_sr_trilinear=0.01236 monitor_sr_linear3=0.01073 monitor_sr_masked=0.01137 monitor_sr_gain_vs_linear3=-0.06059 207s
[crossres] step 450/2000 train_rec=0.01509 lr=0.00014 lr_head=0.00069 train_sr=0.00966 monitor_rec=0.01053 monitor_rec_slab=0.01584 monitor_sr=0.01138 monitor_sr_trilinear=0.01236 monitor_sr_linear3=0.01073 monitor_sr_masked=0.01136 monitor_sr_gain_vs_linear3=-0.06017 231s
[crossres] step 500/2000 train_rec=0.01489 lr=0.00013 lr_head=0.00067 train_sr=0.00954 monitor_rec=0.01037 monitor_rec_slab=0.01519 monitor_sr=0.01136 monitor_sr_trilinear=0.01236 monitor_sr_linear3=0.01073 monitor_sr_masked=0.01137 monitor_sr_gain_vs_linear3=-0.05847 256s
[crossres] saved models/mae_crossres_xyz_v2.pth (187 backbone keys)
[crossres] step 550/2000 train_rec=0.01444 lr=0.00013 lr_head=0.00065 train_sr=0.00952 monitor_rec=0.00983 monitor_rec_slab=0.01461 monitor_sr=0.01144 monitor_sr_trilinear=0.01236 monitor_sr_linear3=0.01073 monitor_sr_masked=0.01143 monitor_sr_gain_vs_linear3=-0.06585 282s
[crossres] step 600/2000 train_rec=0.01375 lr=0.00013 lr_head=0.00063 train_sr=0.00976 monitor_rec=0.00956 monitor_rec_slab=0.01410 monitor_sr=0.01130 monitor_sr_trilinear=0.01236 monitor_sr_linear3=0.01073 monitor_sr_masked=0.01129 monitor_sr_gain_vs_linear3=-0.05278 307s
[crossres] step 650/2000 train_rec=0.01343 lr=0.00012 lr_head=0.00061 train_sr=0.00929 monitor_rec=0.00940 monitor_rec_slab=0.01383 monitor_sr=0.01131 monitor_sr_trilinear=0.01236 monitor_sr_linear3=0.01073 monitor_sr_masked=0.01130 monitor_sr_gain_vs_linear3=-0.05387 333s
[crossres] step 700/2000 train_rec=0.01305 lr=0.00012 lr_head=0.00058 train_sr=0.00925 monitor_rec=0.00919 monitor_rec_slab=0.01355 monitor_sr=0.01123 monitor_sr_trilinear=0.01236 monitor_sr_linear3=0.01073 monitor_sr_masked=0.01122 monitor_sr_gain_vs_linear3=-0.04629 358s
[crossres] step 750/2000 train_rec=0.01312 lr=0.00011 lr_head=0.00056 train_sr=0.00952 monitor_rec=0.00909 monitor_rec_slab=0.01324 monitor_sr=0.01129 monitor_sr_trilinear=0.01236 monitor_sr_linear3=0.01073 monitor_sr_masked=0.01129 monitor_sr_gain_vs_linear3=-0.05185 383s
[crossres] step 800/2000 train_rec=0.01257 lr=0.00011 lr_head=0.00053 train_sr=0.00937 monitor_rec=0.00891 monitor_rec_slab=0.01298 monitor_sr=0.01130 monitor_sr_trilinear=0.01236 monitor_sr_linear3=0.01073 monitor_sr_masked=0.01132 monitor_sr_gain_vs_linear3=-0.05252 410s
[crossres] step 850/2000 train_rec=0.01272 lr=0.00010 lr_head=0.00050 train_sr=0.00961 monitor_rec=0.00877 monitor_rec_slab=0.01288 monitor_sr=0.01124 monitor_sr_trilinear=0.01236 monitor_sr_linear3=0.01073 monitor_sr_masked=0.01126 monitor_sr_gain_vs_linear3=-0.04728 436s
[crossres] step 900/2000 train_rec=0.01250 lr=0.00009 lr_head=0.00047 train_sr=0.00956 monitor_rec=0.00869 monitor_rec_slab=0.01269 monitor_sr=0.01123 monitor_sr_trilinear=0.01236 monitor_sr_linear3=0.01073 monitor_sr_masked=0.01124 monitor_sr_gain_vs_linear3=-0.04610 463s
[crossres] step 950/2000 train_rec=0.01228 lr=0.00009 lr_head=0.00044 train_sr=0.00943 monitor_rec=0.00862 monitor_rec_slab=0.01259 monitor_sr=0.01123 monitor_sr_trilinear=0.01236 monitor_sr_linear3=0.01073 monitor_sr_masked=0.01123 monitor_sr_gain_vs_linear3=-0.04608 488s
[crossres] step 1000/2000 train_rec=0.01200 lr=0.00008 lr_head=0.00041 train_sr=0.00961 monitor_rec=0.00852 monitor_rec_slab=0.01237 monitor_sr=0.01123 monitor_sr_trilinear=0.01236 monitor_sr_linear3=0.01073 monitor_sr_masked=0.01123 monitor_sr_gain_vs_linear3=-0.04642 514s
[crossres] saved models/mae_crossres_xyz_v2.pth (187 backbone keys)
[crossres] saved models/mae_crossres_xyz_v2.step1000.pth (187 backbone keys)
[crossres] step 1050/2000 train_rec=0.01209 lr=0.00008 lr_head=0.00038 train_sr=0.00953 monitor_rec=0.00840 monitor_rec_slab=0.01230 monitor_sr=0.01126 monitor_sr_trilinear=0.01236 monitor_sr_linear3=0.01073 monitor_sr_masked=0.01128 monitor_sr_gain_vs_linear3=-0.04908 538s
[crossres] step 1100/2000 train_rec=0.01214 lr=0.00007 lr_head=0.00035 train_sr=0.00946 monitor_rec=0.00842 monitor_rec_slab=0.01222 monitor_sr=0.01117 monitor_sr_trilinear=0.01236 monitor_sr_linear3=0.01073 monitor_sr_masked=0.01118 monitor_sr_gain_vs_linear3=-0.04049 564s
[crossres] step 1150/2000 train_rec=0.01189 lr=0.00006 lr_head=0.00032 train_sr=0.00941 monitor_rec=0.00832 monitor_rec_slab=0.01210 monitor_sr=0.01115 monitor_sr_trilinear=0.01236 monitor_sr_linear3=0.01073 monitor_sr_masked=0.01116 monitor_sr_gain_vs_linear3=-0.03859 590s
[crossres] step 1200/2000 train_rec=0.01187 lr=0.00006 lr_head=0.00029 train_sr=0.00947 monitor_rec=0.00821 monitor_rec_slab=0.01199 monitor_sr=0.01122 monitor_sr_trilinear=0.01236 monitor_sr_linear3=0.01073 monitor_sr_masked=0.01122 monitor_sr_gain_vs_linear3=-0.04522 615s
[crossres] step 1250/2000 train_rec=0.01185 lr=0.00005 lr_head=0.00026 train_sr=0.00959 monitor_rec=0.00823 monitor_rec_slab=0.01192 monitor_sr=0.01126 monitor_sr_trilinear=0.01236 monitor_sr_linear3=0.01073 monitor_sr_masked=0.01126 monitor_sr_gain_vs_linear3=-0.04939 640s
[crossres] step 1300/2000 train_rec=0.01174 lr=0.00005 lr_head=0.00023 train_sr=0.00973 monitor_rec=0.00825 monitor_rec_slab=0.01185 monitor_sr=0.01113 monitor_sr_trilinear=0.01236 monitor_sr_linear3=0.01073 monitor_sr_masked=0.01116 monitor_sr_gain_vs_linear3=-0.03694 665s
[crossres] step 1350/2000 train_rec=0.01138 lr=0.00004 lr_head=0.00021 train_sr=0.00949 monitor_rec=0.00811 monitor_rec_slab=0.01182 monitor_sr=0.01111 monitor_sr_trilinear=0.01236 monitor_sr_linear3=0.01073 monitor_sr_masked=0.01114 monitor_sr_gain_vs_linear3=-0.03540 690s
[crossres] step 1400/2000 train_rec=0.01155 lr=0.00004 lr_head=0.00018 train_sr=0.00956 monitor_rec=0.00804 monitor_rec_slab=0.01177 monitor_sr=0.01116 monitor_sr_trilinear=0.01236 monitor_sr_linear3=0.01073 monitor_sr_masked=0.01118 monitor_sr_gain_vs_linear3=-0.03963 716s
[crossres] step 1450/2000 train_rec=0.01143 lr=0.00003 lr_head=0.00016 train_sr=0.00937 monitor_rec=0.00803 monitor_rec_slab=0.01172 monitor_sr=0.01112 monitor_sr_trilinear=0.01236 monitor_sr_linear3=0.01073 monitor_sr_masked=0.01115 monitor_sr_gain_vs_linear3=-0.03595 741s
[crossres] step 1500/2000 train_rec=0.01170 lr=0.00003 lr_head=0.00013 train_sr=0.00920 monitor_rec=0.00802 monitor_rec_slab=0.01170 monitor_sr=0.01115 monitor_sr_trilinear=0.01236 monitor_sr_linear3=0.01073 monitor_sr_masked=0.01119 monitor_sr_gain_vs_linear3=-0.03914 767s
[crossres] saved models/mae_crossres_xyz_v2.pth (187 backbone keys)
[crossres] step 1550/2000 train_rec=0.01151 lr=0.00002 lr_head=0.00011 train_sr=0.00941 monitor_rec=0.00801 monitor_rec_slab=0.01161 monitor_sr=0.01111 monitor_sr_trilinear=0.01236 monitor_sr_linear3=0.01073 monitor_sr_masked=0.01115 monitor_sr_gain_vs_linear3=-0.03518 795s
[crossres] step 1600/2000 train_rec=0.01142 lr=0.00002 lr_head=0.00009 train_sr=0.00971 monitor_rec=0.00804 monitor_rec_slab=0.01157 monitor_sr=0.01110 monitor_sr_trilinear=0.01236 monitor_sr_linear3=0.01073 monitor_sr_masked=0.01113 monitor_sr_gain_vs_linear3=-0.03396 822s
[crossres] step 1650/2000 train_rec=0.01152 lr=0.00001 lr_head=0.00007 train_sr=0.00947 monitor_rec=0.00798 monitor_rec_slab=0.01155 monitor_sr=0.01111 monitor_sr_trilinear=0.01236 monitor_sr_linear3=0.01073 monitor_sr_masked=0.01113 monitor_sr_gain_vs_linear3=-0.03522 850s
[crossres] step 1700/2000 train_rec=0.01140 lr=0.00001 lr_head=0.00006 train_sr=0.00958 monitor_rec=0.00796 monitor_rec_slab=0.01154 monitor_sr=0.01108 monitor_sr_trilinear=0.01236 monitor_sr_linear3=0.01073 monitor_sr_masked=0.01111 monitor_sr_gain_vs_linear3=-0.03211 876s
[crossres] step 1750/2000 train_rec=0.01126 lr=0.00001 lr_head=0.00005 train_sr=0.00979 monitor_rec=0.00795 monitor_rec_slab=0.01152 monitor_sr=0.01104 monitor_sr_trilinear=0.01236 monitor_sr_linear3=0.01073 monitor_sr_masked=0.01107 monitor_sr_gain_vs_linear3=-0.02914 902s
[crossres] step 1800/2000 train_rec=0.01114 lr=0.00001 lr_head=0.00003 train_sr=0.00957 monitor_rec=0.00795 monitor_rec_slab=0.01148 monitor_sr=0.01107 monitor_sr_trilinear=0.01236 monitor_sr_linear3=0.01073 monitor_sr_masked=0.01110 monitor_sr_gain_vs_linear3=-0.03194 927s
[crossres] step 1850/2000 train_rec=0.01117 lr=0.00001 lr_head=0.00003 train_sr=0.00931 monitor_rec=0.00792 monitor_rec_slab=0.01149 monitor_sr=0.01108 monitor_sr_trilinear=0.01236 monitor_sr_linear3=0.01073 monitor_sr_masked=0.01110 monitor_sr_gain_vs_linear3=-0.03206 952s
[crossres] step 1900/2000 train_rec=0.01148 lr=0.00000 lr_head=0.00002 train_sr=0.00908 monitor_rec=0.00793 monitor_rec_slab=0.01149 monitor_sr=0.01109 monitor_sr_trilinear=0.01236 monitor_sr_linear3=0.01073 monitor_sr_masked=0.01112 monitor_sr_gain_vs_linear3=-0.03312 977s
[crossres] step 1950/2000 train_rec=0.01127 lr=0.00000 lr_head=0.00002 train_sr=0.00920 monitor_rec=0.00793 monitor_rec_slab=0.01149 monitor_sr=0.01108 monitor_sr_trilinear=0.01236 monitor_sr_linear3=0.01073 monitor_sr_masked=0.01111 monitor_sr_gain_vs_linear3=-0.03278 1002s
[crossres] step 2000/2000 train_rec=0.01106 lr=0.00000 lr_head=0.00001 train_sr=0.00910 monitor_rec=0.00792 monitor_rec_slab=0.01149 monitor_sr=0.01107 monitor_sr_trilinear=0.01236 monitor_sr_linear3=0.01073 monitor_sr_masked=0.01110 monitor_sr_gain_vs_linear3=-0.03149 1027s
[crossres] saved models/mae_crossres_xyz_v2.pth (187 backbone keys)
