[crossres] w044 (train): 16 train / 2 monitor tiles, LUT 0/128/255 -> -0.049/0.547/1.097
[crossres] w059 (train): 54 train / 6 monitor tiles, LUT 0/128/255 -> -0.040/0.531/1.041
[crossres] w030 (train): 14 train / 2 monitor tiles, LUT 0/128/255 -> -0.092/0.575/1.137
[crossres] w043 (train): 29 train / 4 monitor tiles, LUT 0/128/255 -> -0.066/0.545/0.993
[crossres] w045 (train): 50 train / 6 monitor tiles, LUT 0/128/255 -> -0.069/0.547/1.046
[crossres] w040 (train): 108 train / 13 monitor tiles, LUT 0/128/255 -> -0.064/0.558/1.114
[crossres] w041 (train): 57 train / 7 monitor tiles, LUT 0/128/255 -> -0.073/0.559/1.100
[crossres] w039 (train): 17 train / 2 monitor tiles, LUT 0/128/255 -> -0.079/0.563/1.123
[crossres] w035 (train): 27 train / 3 monitor tiles, LUT 0/128/255 -> -0.110/0.573/1.185
[crossres] 500P2_front (train): 38 train / 5 monitor tiles, LUT 0/128/255 -> -0.046/0.586/1.246
[crossres] seg46527 (train): 5 train / 1 monitor tiles, LUT 0/128/255 -> -0.060/0.553/1.115
[crossres] paired scroll weights (sqrt tiles): {'PHerc0139': 0.697, 'PHerc0500P2': 0.223, 'PHerc0814': 0.081}
/usr/local/lib/python3.10/dist-packages/torch/_utils.py:831: UserWarning: TypedStorage is deprecated. It will be removed in the future and UntypedStorage will be the only storage class. This should only matter to you if you are using storages directly.  To access UntypedStorage directly, use tensor.untyped_storage() instead of tensor.storage()
  return self.fget.__get__(instance, owner)()
Model parameters (nnunet3d_lcndz): 7,522,618
[crossres] warm start from models/mae_nnunet_192_campaign34_early_gated_native96_2k.pth: loaded 187/187 (missing 0)
WARNING: All log messages before absl::InitializeLog() is called are written to STDERR
E0000 00:00:1790709853.994536  233385 cuda_dnn.cc:8579] Unable to register cuDNN factory: Attempting to register factory for plugin cuDNN when one has already been registered
E0000 00:00:1790709854.092298  233385 cuda_blas.cc:1407] Unable to register cuBLAS factory: Attempting to register factory for plugin cuBLAS when one has already been registered
W0000 00:00:1790709854.198388  233385 computation_placer.cc:177] computation placer already registered. Please check linkage and avoid linking the same target more than once.
W0000 00:00:1790709854.198443  233385 computation_placer.cc:177] computation placer already registered. Please check linkage and avoid linking the same target more than once.
W0000 00:00:1790709854.198448  233385 computation_placer.cc:177] computation placer already registered. Please check linkage and avoid linking the same target more than once.
W0000 00:00:1790709854.198450  233385 computation_placer.cc:177] computation placer already registered. Please check linkage and avoid linking the same target more than once.
[crossres] step 0/2000 monitor_rec=0.15072 monitor_rec_slab=0.15137 monitor_sr=0.01179 monitor_sr_trilinear=0.01179 monitor_sr_linear3=0.01000 monitor_sr_masked=0.01178 monitor_sr_gain_vs_linear3=-0.17857 3s
[crossres] step 50/2000 train_rec=0.14480 lr=0.00000 lr_head=0.00007 train_sr=0.01022 monitor_rec=0.12735 monitor_rec_slab=0.13033 monitor_sr=0.01170 monitor_sr_trilinear=0.01179 monitor_sr_linear3=0.01000 monitor_sr_masked=0.01172 monitor_sr_gain_vs_linear3=-0.17021 60s
[crossres] step 100/2000 train_rec=0.10674 lr=0.00000 lr_head=0.00015 train_sr=0.00991 monitor_rec=0.07546 monitor_rec_slab=0.08350 monitor_sr=0.01164 monitor_sr_trilinear=0.01179 monitor_sr_linear3=0.01000 monitor_sr_masked=0.01162 monitor_sr_gain_vs_linear3=-0.16394 116s
[crossres] step 150/2000 train_rec=0.06139 lr=0.00000 lr_head=0.00015 train_sr=0.00996 monitor_rec=0.03800 monitor_rec_slab=0.04984 monitor_sr=0.01162 monitor_sr_trilinear=0.01179 monitor_sr_linear3=0.01000 monitor_sr_masked=0.01160 monitor_sr_gain_vs_linear3=-0.16141 167s
[crossres] step 200/2000 train_rec=0.03738 lr=0.00000 lr_head=0.00015 train_sr=0.00966 monitor_rec=0.02303 monitor_rec_slab=0.03635 monitor_sr=0.01161 monitor_sr_trilinear=0.01179 monitor_sr_linear3=0.01000 monitor_sr_masked=0.01158 monitor_sr_gain_vs_linear3=-0.16110 223s
[crossres] step 250/2000 train_rec=0.02612 lr=0.00007 lr_head=0.00015 train_sr=0.00994 monitor_rec=0.01504 monitor_rec_slab=0.02856 monitor_sr=0.01158 monitor_sr_trilinear=0.01179 monitor_sr_linear3=0.01000 monitor_sr_masked=0.01157 monitor_sr_gain_vs_linear3=-0.15775 272s
[crossres] step 300/2000 train_rec=0.02284 lr=0.00015 lr_head=0.00015 train_sr=0.00990 monitor_rec=0.01382 monitor_rec_slab=0.02584 monitor_sr=0.01154 monitor_sr_trilinear=0.01179 monitor_sr_linear3=0.01000 monitor_sr_masked=0.01157 monitor_sr_gain_vs_linear3=-0.15395 320s
[crossres] step 350/2000 train_rec=0.02067 lr=0.00014 lr_head=0.00014 train_sr=0.01151 monitor_rec=0.01322 monitor_rec_slab=0.02336 monitor_sr=0.01153 monitor_sr_trilinear=0.01179 monitor_sr_linear3=0.01000 monitor_sr_masked=0.01156 monitor_sr_gain_vs_linear3=-0.15257 371s
[crossres] step 400/2000 train_rec=0.01972 lr=0.00014 lr_head=0.00014 train_sr=0.01012 monitor_rec=0.01294 monitor_rec_slab=0.02144 monitor_sr=0.01154 monitor_sr_trilinear=0.01179 monitor_sr_linear3=0.01000 monitor_sr_masked=0.01159 monitor_sr_gain_vs_linear3=-0.15404 420s
[crossres] step 450/2000 train_rec=0.01806 lr=0.00014 lr_head=0.00014 train_sr=0.00969 monitor_rec=0.01258 monitor_rec_slab=0.02003 monitor_sr=0.01152 monitor_sr_trilinear=0.01179 monitor_sr_linear3=0.01000 monitor_sr_masked=0.01157 monitor_sr_gain_vs_linear3=-0.15178 467s
[crossres] step 500/2000 train_rec=0.01750 lr=0.00013 lr_head=0.00013 train_sr=0.00975 monitor_rec=0.01236 monitor_rec_slab=0.01896 monitor_sr=0.01149 monitor_sr_trilinear=0.01179 monitor_sr_linear3=0.01000 monitor_sr_masked=0.01154 monitor_sr_gain_vs_linear3=-0.14920 512s
[crossres] saved models/mae_crossres_depth.pth (187 backbone keys)
[crossres] step 550/2000 train_rec=0.01711 lr=0.00013 lr_head=0.00013 train_sr=0.00994 monitor_rec=0.01211 monitor_rec_slab=0.01824 monitor_sr=0.01149 monitor_sr_trilinear=0.01179 monitor_sr_linear3=0.01000 monitor_sr_masked=0.01152 monitor_sr_gain_vs_linear3=-0.14889 560s
[crossres] step 600/2000 train_rec=0.01636 lr=0.00013 lr_head=0.00013 train_sr=0.01031 monitor_rec=0.01186 monitor_rec_slab=0.01768 monitor_sr=0.01147 monitor_sr_trilinear=0.01179 monitor_sr_linear3=0.01000 monitor_sr_masked=0.01151 monitor_sr_gain_vs_linear3=-0.14652 608s
[crossres] step 650/2000 train_rec=0.01630 lr=0.00012 lr_head=0.00012 train_sr=0.01003 monitor_rec=0.01165 monitor_rec_slab=0.01719 monitor_sr=0.01147 monitor_sr_trilinear=0.01179 monitor_sr_linear3=0.01000 monitor_sr_masked=0.01152 monitor_sr_gain_vs_linear3=-0.14698 651s
[crossres] step 700/2000 train_rec=0.01580 lr=0.00012 lr_head=0.00012 train_sr=0.00974 monitor_rec=0.01148 monitor_rec_slab=0.01662 monitor_sr=0.01143 monitor_sr_trilinear=0.01179 monitor_sr_linear3=0.01000 monitor_sr_masked=0.01148 monitor_sr_gain_vs_linear3=-0.14239 694s
[crossres] step 750/2000 train_rec=0.01584 lr=0.00011 lr_head=0.00011 train_sr=0.00990 monitor_rec=0.01130 monitor_rec_slab=0.01618 monitor_sr=0.01142 monitor_sr_trilinear=0.01179 monitor_sr_linear3=0.01000 monitor_sr_masked=0.01146 monitor_sr_gain_vs_linear3=-0.14177 736s
[crossres] step 800/2000 train_rec=0.01509 lr=0.00011 lr_head=0.00011 train_sr=0.00999 monitor_rec=0.01115 monitor_rec_slab=0.01582 monitor_sr=0.01139 monitor_sr_trilinear=0.01179 monitor_sr_linear3=0.01000 monitor_sr_masked=0.01145 monitor_sr_gain_vs_linear3=-0.13897 775s
[crossres] step 850/2000 train_rec=0.01499 lr=0.00010 lr_head=0.00010 train_sr=0.01008 monitor_rec=0.01080 monitor_rec_slab=0.01532 monitor_sr=0.01137 monitor_sr_trilinear=0.01179 monitor_sr_linear3=0.01000 monitor_sr_masked=0.01144 monitor_sr_gain_vs_linear3=-0.13648 817s
[crossres] step 900/2000 train_rec=0.01445 lr=0.00009 lr_head=0.00009 train_sr=0.00991 monitor_rec=0.01055 monitor_rec_slab=0.01505 monitor_sr=0.01141 monitor_sr_trilinear=0.01179 monitor_sr_linear3=0.01000 monitor_sr_masked=0.01146 monitor_sr_gain_vs_linear3=-0.14046 861s
[crossres] step 950/2000 train_rec=0.01408 lr=0.00009 lr_head=0.00009 train_sr=0.00985 monitor_rec=0.01030 monitor_rec_slab=0.01458 monitor_sr=0.01134 monitor_sr_trilinear=0.01179 monitor_sr_linear3=0.01000 monitor_sr_masked=0.01141 monitor_sr_gain_vs_linear3=-0.13406 902s
[crossres] step 1000/2000 train_rec=0.01420 lr=0.00008 lr_head=0.00008 train_sr=0.00972 monitor_rec=0.01020 monitor_rec_slab=0.01442 monitor_sr=0.01136 monitor_sr_trilinear=0.01179 monitor_sr_linear3=0.01000 monitor_sr_masked=0.01143 monitor_sr_gain_vs_linear3=-0.13580 938s
[crossres] saved models/mae_crossres_depth.pth (187 backbone keys)
[crossres] saved models/mae_crossres_depth.step1000.pth (187 backbone keys)
[crossres] step 1050/2000 train_rec=0.01372 lr=0.00008 lr_head=0.00008 train_sr=0.01028 monitor_rec=0.00984 monitor_rec_slab=0.01410 monitor_sr=0.01132 monitor_sr_trilinear=0.01179 monitor_sr_linear3=0.01000 monitor_sr_masked=0.01139 monitor_sr_gain_vs_linear3=-0.13206 974s
[crossres] step 1100/2000 train_rec=0.01375 lr=0.00007 lr_head=0.00007 train_sr=0.01030 monitor_rec=0.00975 monitor_rec_slab=0.01382 monitor_sr=0.01132 monitor_sr_trilinear=0.01179 monitor_sr_linear3=0.01000 monitor_sr_masked=0.01140 monitor_sr_gain_vs_linear3=-0.13188 1010s
[crossres] step 1150/2000 train_rec=0.01326 lr=0.00006 lr_head=0.00006 train_sr=0.00968 monitor_rec=0.00955 monitor_rec_slab=0.01362 monitor_sr=0.01133 monitor_sr_trilinear=0.01179 monitor_sr_linear3=0.01000 monitor_sr_masked=0.01140 monitor_sr_gain_vs_linear3=-0.13303 1047s
[crossres] step 1200/2000 train_rec=0.01321 lr=0.00006 lr_head=0.00006 train_sr=0.00987 monitor_rec=0.00939 monitor_rec_slab=0.01344 monitor_sr=0.01133 monitor_sr_trilinear=0.01179 monitor_sr_linear3=0.01000 monitor_sr_masked=0.01140 monitor_sr_gain_vs_linear3=-0.13328 1079s
[crossres] step 1250/2000 train_rec=0.01306 lr=0.00005 lr_head=0.00005 train_sr=0.01006 monitor_rec=0.00926 monitor_rec_slab=0.01331 monitor_sr=0.01132 monitor_sr_trilinear=0.01179 monitor_sr_linear3=0.01000 monitor_sr_masked=0.01140 monitor_sr_gain_vs_linear3=-0.13218 1111s
[crossres] step 1300/2000 train_rec=0.01298 lr=0.00005 lr_head=0.00005 train_sr=0.01004 monitor_rec=0.00925 monitor_rec_slab=0.01318 monitor_sr=0.01131 monitor_sr_trilinear=0.01179 monitor_sr_linear3=0.01000 monitor_sr_masked=0.01139 monitor_sr_gain_vs_linear3=-0.13040 1140s
[crossres] step 1350/2000 train_rec=0.01277 lr=0.00004 lr_head=0.00004 train_sr=0.00993 monitor_rec=0.00910 monitor_rec_slab=0.01306 monitor_sr=0.01129 monitor_sr_trilinear=0.01179 monitor_sr_linear3=0.01000 monitor_sr_masked=0.01138 monitor_sr_gain_vs_linear3=-0.12934 1171s
[crossres] step 1400/2000 train_rec=0.01269 lr=0.00004 lr_head=0.00004 train_sr=0.01041 monitor_rec=0.00903 monitor_rec_slab=0.01300 monitor_sr=0.01132 monitor_sr_trilinear=0.01179 monitor_sr_linear3=0.01000 monitor_sr_masked=0.01139 monitor_sr_gain_vs_linear3=-0.13136 1200s
[crossres] step 1450/2000 train_rec=0.01260 lr=0.00003 lr_head=0.00003 train_sr=0.00934 monitor_rec=0.00894 monitor_rec_slab=0.01291 monitor_sr=0.01131 monitor_sr_trilinear=0.01179 monitor_sr_linear3=0.01000 monitor_sr_masked=0.01139 monitor_sr_gain_vs_linear3=-0.13134 1232s
[crossres] step 1500/2000 train_rec=0.01288 lr=0.00003 lr_head=0.00003 train_sr=0.00931 monitor_rec=0.00893 monitor_rec_slab=0.01287 monitor_sr=0.01130 monitor_sr_trilinear=0.01179 monitor_sr_linear3=0.01000 monitor_sr_masked=0.01138 monitor_sr_gain_vs_linear3=-0.12981 1263s
[crossres] saved models/mae_crossres_depth.pth (187 backbone keys)
[crossres] step 1550/2000 train_rec=0.01268 lr=0.00002 lr_head=0.00002 train_sr=0.00978 monitor_rec=0.00887 monitor_rec_slab=0.01276 monitor_sr=0.01131 monitor_sr_trilinear=0.01179 monitor_sr_linear3=0.01000 monitor_sr_masked=0.01139 monitor_sr_gain_vs_linear3=-0.13130 1290s
[crossres] step 1600/2000 train_rec=0.01248 lr=0.00002 lr_head=0.00002 train_sr=0.01005 monitor_rec=0.00882 monitor_rec_slab=0.01272 monitor_sr=0.01130 monitor_sr_trilinear=0.01179 monitor_sr_linear3=0.01000 monitor_sr_masked=0.01139 monitor_sr_gain_vs_linear3=-0.13033 1321s
[crossres] step 1650/2000 train_rec=0.01273 lr=0.00001 lr_head=0.00001 train_sr=0.01000 monitor_rec=0.00879 monitor_rec_slab=0.01272 monitor_sr=0.01130 monitor_sr_trilinear=0.01179 monitor_sr_linear3=0.01000 monitor_sr_masked=0.01138 monitor_sr_gain_vs_linear3=-0.12987 1350s
[crossres] step 1700/2000 train_rec=0.01238 lr=0.00001 lr_head=0.00001 train_sr=0.01031 monitor_rec=0.00877 monitor_rec_slab=0.01266 monitor_sr=0.01129 monitor_sr_trilinear=0.01179 monitor_sr_linear3=0.01000 monitor_sr_masked=0.01138 monitor_sr_gain_vs_linear3=-0.12927 1379s
[crossres] step 1750/2000 train_rec=0.01240 lr=0.00001 lr_head=0.00001 train_sr=0.01050 monitor_rec=0.00875 monitor_rec_slab=0.01264 monitor_sr=0.01129 monitor_sr_trilinear=0.01179 monitor_sr_linear3=0.01000 monitor_sr_masked=0.01138 monitor_sr_gain_vs_linear3=-0.12857 1407s
[crossres] step 1800/2000 train_rec=0.01211 lr=0.00001 lr_head=0.00001 train_sr=0.01045 monitor_rec=0.00874 monitor_rec_slab=0.01260 monitor_sr=0.01130 monitor_sr_trilinear=0.01179 monitor_sr_linear3=0.01000 monitor_sr_masked=0.01138 monitor_sr_gain_vs_linear3=-0.12936 1436s
[crossres] step 1850/2000 train_rec=0.01225 lr=0.00001 lr_head=0.00001 train_sr=0.00962 monitor_rec=0.00872 monitor_rec_slab=0.01259 monitor_sr=0.01130 monitor_sr_trilinear=0.01179 monitor_sr_linear3=0.01000 monitor_sr_masked=0.01138 monitor_sr_gain_vs_linear3=-0.12945 1465s
[crossres] step 1900/2000 train_rec=0.01245 lr=0.00000 lr_head=0.00000 train_sr=0.00945 monitor_rec=0.00872 monitor_rec_slab=0.01258 monitor_sr=0.01129 monitor_sr_trilinear=0.01179 monitor_sr_linear3=0.01000 monitor_sr_masked=0.01138 monitor_sr_gain_vs_linear3=-0.12904 1493s
[crossres] step 1950/2000 train_rec=0.01242 lr=0.00000 lr_head=0.00000 train_sr=0.01042 monitor_rec=0.00871 monitor_rec_slab=0.01257 monitor_sr=0.01129 monitor_sr_trilinear=0.01179 monitor_sr_linear3=0.01000 monitor_sr_masked=0.01138 monitor_sr_gain_vs_linear3=-0.12911 1523s
[crossres] step 2000/2000 train_rec=0.01209 lr=0.00000 lr_head=0.00000 train_sr=0.00969 monitor_rec=0.00870 monitor_rec_slab=0.01257 monitor_sr=0.01129 monitor_sr_trilinear=0.01179 monitor_sr_linear3=0.01000 monitor_sr_masked=0.01138 monitor_sr_gain_vs_linear3=-0.12871 1553s
[crossres] saved models/mae_crossres_depth.pth (187 backbone keys)
