[crossres] w044 (train): 16 train / 2 monitor tiles, LUT 0/128/255 -> -0.049/0.547/1.097
[crossres] w059 (train): 54 train / 6 monitor tiles, LUT 0/128/255 -> -0.040/0.531/1.041
[crossres] w030 (train): 14 train / 2 monitor tiles, LUT 0/128/255 -> -0.092/0.575/1.137
[crossres] w043 (train): 29 train / 4 monitor tiles, LUT 0/128/255 -> -0.066/0.545/0.993
[crossres] w045 (train): 50 train / 6 monitor tiles, LUT 0/128/255 -> -0.069/0.547/1.046
[crossres] w040 (train): 108 train / 13 monitor tiles, LUT 0/128/255 -> -0.064/0.558/1.114
[crossres] w041 (train): 57 train / 7 monitor tiles, LUT 0/128/255 -> -0.073/0.559/1.100
[crossres] w039 (train): 17 train / 2 monitor tiles, LUT 0/128/255 -> -0.079/0.563/1.123
[crossres] w035 (train): 27 train / 3 monitor tiles, LUT 0/128/255 -> -0.110/0.573/1.185
[crossres] 500P2_front (train): 38 train / 5 monitor tiles, LUT 0/128/255 -> -0.046/0.586/1.246
[crossres] seg46527 (train): 5 train / 1 monitor tiles, LUT 0/128/255 -> -0.060/0.553/1.115
[crossres] paired scroll weights (sqrt tiles): {'PHerc0139': 0.697, 'PHerc0500P2': 0.223, 'PHerc0814': 0.081}
/usr/local/lib/python3.10/dist-packages/torch/_utils.py:831: UserWarning: TypedStorage is deprecated. It will be removed in the future and UntypedStorage will be the only storage class. This should only matter to you if you are using storages directly.  To access UntypedStorage directly, use tensor.untyped_storage() instead of tensor.storage()
  return self.fget.__get__(instance, owner)()
Model parameters (nnunet3d_lcndz): 7,522,618
[crossres] warm start from models/mae_nnunet_192_campaign34_early_gated_native96_2k.pth: loaded 187/187 (missing 0)
WARNING: All log messages before absl::InitializeLog() is called are written to STDERR
E0000 00:00:1790723077.067653  255647 cuda_dnn.cc:8579] Unable to register cuDNN factory: Attempting to register factory for plugin cuDNN when one has already been registered
E0000 00:00:1790723077.072323  255647 cuda_blas.cc:1407] Unable to register cuBLAS factory: Attempting to register factory for plugin cuBLAS when one has already been registered
W0000 00:00:1790723077.084790  255647 computation_placer.cc:177] computation placer already registered. Please check linkage and avoid linking the same target more than once.
W0000 00:00:1790723077.084830  255647 computation_placer.cc:177] computation placer already registered. Please check linkage and avoid linking the same target more than once.
W0000 00:00:1790723077.084836  255647 computation_placer.cc:177] computation placer already registered. Please check linkage and avoid linking the same target more than once.
W0000 00:00:1790723077.084841  255647 computation_placer.cc:177] computation placer already registered. Please check linkage and avoid linking the same target more than once.
[crossres] step 0/2000 monitor_rec=0.15072 monitor_rec_slab=0.15137 monitor_sr=0.01179 monitor_sr_trilinear=0.01179 monitor_sr_linear3=0.01000 monitor_sr_masked=0.01178 monitor_sr_gain_vs_linear3=-0.17857 1s
[crossres] step 50/2000 train_rec=0.12075 lr=0.00000 lr_head=0.00037 train_sr=0.00998 monitor_rec=0.06078 monitor_rec_slab=0.07036 monitor_sr=0.01116 monitor_sr_trilinear=0.01179 monitor_sr_linear3=0.01000 monitor_sr_masked=0.01117 monitor_sr_gain_vs_linear3=-0.11593 17s
[crossres] step 100/2000 train_rec=0.03623 lr=0.00000 lr_head=0.00075 train_sr=0.00956 monitor_rec=0.01447 monitor_rec_slab=0.02882 monitor_sr=0.01117 monitor_sr_trilinear=0.01179 monitor_sr_linear3=0.01000 monitor_sr_masked=0.01126 monitor_sr_gain_vs_linear3=-0.11707 34s
[crossres] step 150/2000 train_rec=0.02213 lr=0.00000 lr_head=0.00075 train_sr=0.00971 monitor_rec=0.01215 monitor_rec_slab=0.02700 monitor_sr=0.01144 monitor_sr_trilinear=0.01179 monitor_sr_linear3=0.01000 monitor_sr_masked=0.01143 monitor_sr_gain_vs_linear3=-0.14390 51s
[crossres] step 200/2000 train_rec=0.02052 lr=0.00000 lr_head=0.00074 train_sr=0.00958 monitor_rec=0.01143 monitor_rec_slab=0.02642 monitor_sr=0.01109 monitor_sr_trilinear=0.01179 monitor_sr_linear3=0.01000 monitor_sr_masked=0.01112 monitor_sr_gain_vs_linear3=-0.10873 69s
[crossres] step 250/2000 train_rec=0.01961 lr=0.00007 lr_head=0.00074 train_sr=0.00955 monitor_rec=0.01167 monitor_rec_slab=0.02330 monitor_sr=0.01092 monitor_sr_trilinear=0.01179 monitor_sr_linear3=0.01000 monitor_sr_masked=0.01098 monitor_sr_gain_vs_linear3=-0.09137 86s
[crossres] step 300/2000 train_rec=0.01861 lr=0.00015 lr_head=0.00073 train_sr=0.00926 monitor_rec=0.01148 monitor_rec_slab=0.02096 monitor_sr=0.01091 monitor_sr_trilinear=0.01179 monitor_sr_linear3=0.01000 monitor_sr_masked=0.01091 monitor_sr_gain_vs_linear3=-0.09064 103s
[crossres] step 350/2000 train_rec=0.01747 lr=0.00014 lr_head=0.00072 train_sr=0.00985 monitor_rec=0.01142 monitor_rec_slab=0.01906 monitor_sr=0.01078 monitor_sr_trilinear=0.01179 monitor_sr_linear3=0.01000 monitor_sr_masked=0.01078 monitor_sr_gain_vs_linear3=-0.07793 119s
[crossres] step 400/2000 train_rec=0.01685 lr=0.00014 lr_head=0.00071 train_sr=0.00941 monitor_rec=0.01117 monitor_rec_slab=0.01724 monitor_sr=0.01085 monitor_sr_trilinear=0.01179 monitor_sr_linear3=0.01000 monitor_sr_masked=0.01082 monitor_sr_gain_vs_linear3=-0.08482 136s
[crossres] step 450/2000 train_rec=0.01507 lr=0.00014 lr_head=0.00069 train_sr=0.00905 monitor_rec=0.01066 monitor_rec_slab=0.01605 monitor_sr=0.01078 monitor_sr_trilinear=0.01179 monitor_sr_linear3=0.01000 monitor_sr_masked=0.01074 monitor_sr_gain_vs_linear3=-0.07737 152s
[crossres] step 500/2000 train_rec=0.01459 lr=0.00013 lr_head=0.00067 train_sr=0.00891 monitor_rec=0.01027 monitor_rec_slab=0.01512 monitor_sr=0.01067 monitor_sr_trilinear=0.01179 monitor_sr_linear3=0.01000 monitor_sr_masked=0.01067 monitor_sr_gain_vs_linear3=-0.06648 170s
[crossres] saved models/mae_crossres_depth_v2.pth (187 backbone keys)
[crossres] step 550/2000 train_rec=0.01414 lr=0.00013 lr_head=0.00065 train_sr=0.00889 monitor_rec=0.00975 monitor_rec_slab=0.01447 monitor_sr=0.01069 monitor_sr_trilinear=0.01179 monitor_sr_linear3=0.01000 monitor_sr_masked=0.01070 monitor_sr_gain_vs_linear3=-0.06924 186s
[crossres] step 600/2000 train_rec=0.01354 lr=0.00013 lr_head=0.00063 train_sr=0.00907 monitor_rec=0.00965 monitor_rec_slab=0.01418 monitor_sr=0.01059 monitor_sr_trilinear=0.01179 monitor_sr_linear3=0.01000 monitor_sr_masked=0.01058 monitor_sr_gain_vs_linear3=-0.05918 203s
[crossres] step 650/2000 train_rec=0.01349 lr=0.00012 lr_head=0.00061 train_sr=0.00865 monitor_rec=0.00938 monitor_rec_slab=0.01389 monitor_sr=0.01065 monitor_sr_trilinear=0.01179 monitor_sr_linear3=0.01000 monitor_sr_masked=0.01065 monitor_sr_gain_vs_linear3=-0.06513 221s
[crossres] step 700/2000 train_rec=0.01316 lr=0.00012 lr_head=0.00058 train_sr=0.00862 monitor_rec=0.00919 monitor_rec_slab=0.01361 monitor_sr=0.01056 monitor_sr_trilinear=0.01179 monitor_sr_linear3=0.01000 monitor_sr_masked=0.01057 monitor_sr_gain_vs_linear3=-0.05574 239s
[crossres] step 750/2000 train_rec=0.01326 lr=0.00011 lr_head=0.00056 train_sr=0.00884 monitor_rec=0.00909 monitor_rec_slab=0.01331 monitor_sr=0.01059 monitor_sr_trilinear=0.01179 monitor_sr_linear3=0.01000 monitor_sr_masked=0.01059 monitor_sr_gain_vs_linear3=-0.05855 257s
[crossres] step 800/2000 train_rec=0.01267 lr=0.00011 lr_head=0.00053 train_sr=0.00871 monitor_rec=0.00906 monitor_rec_slab=0.01308 monitor_sr=0.01061 monitor_sr_trilinear=0.01179 monitor_sr_linear3=0.01000 monitor_sr_masked=0.01061 monitor_sr_gain_vs_linear3=-0.06067 275s
[crossres] step 850/2000 train_rec=0.01269 lr=0.00010 lr_head=0.00050 train_sr=0.00893 monitor_rec=0.00877 monitor_rec_slab=0.01281 monitor_sr=0.01048 monitor_sr_trilinear=0.01179 monitor_sr_linear3=0.01000 monitor_sr_masked=0.01050 monitor_sr_gain_vs_linear3=-0.04830 292s
[crossres] step 900/2000 train_rec=0.01230 lr=0.00009 lr_head=0.00047 train_sr=0.00886 monitor_rec=0.00871 monitor_rec_slab=0.01272 monitor_sr=0.01051 monitor_sr_trilinear=0.01179 monitor_sr_linear3=0.01000 monitor_sr_masked=0.01053 monitor_sr_gain_vs_linear3=-0.05101 308s
[crossres] step 950/2000 train_rec=0.01207 lr=0.00009 lr_head=0.00044 train_sr=0.00873 monitor_rec=0.00863 monitor_rec_slab=0.01252 monitor_sr=0.01050 monitor_sr_trilinear=0.01179 monitor_sr_linear3=0.01000 monitor_sr_masked=0.01052 monitor_sr_gain_vs_linear3=-0.04988 325s
[crossres] step 1000/2000 train_rec=0.01221 lr=0.00008 lr_head=0.00041 train_sr=0.00892 monitor_rec=0.00874 monitor_rec_slab=0.01254 monitor_sr=0.01054 monitor_sr_trilinear=0.01179 monitor_sr_linear3=0.01000 monitor_sr_masked=0.01055 monitor_sr_gain_vs_linear3=-0.05418 342s
[crossres] saved models/mae_crossres_depth_v2.pth (187 backbone keys)
[crossres] saved models/mae_crossres_depth_v2.step1000.pth (187 backbone keys)
[crossres] step 1050/2000 train_rec=0.01195 lr=0.00008 lr_head=0.00038 train_sr=0.00881 monitor_rec=0.00838 monitor_rec_slab=0.01228 monitor_sr=0.01055 monitor_sr_trilinear=0.01179 monitor_sr_linear3=0.01000 monitor_sr_masked=0.01055 monitor_sr_gain_vs_linear3=-0.05463 358s
[crossres] step 1100/2000 train_rec=0.01206 lr=0.00007 lr_head=0.00035 train_sr=0.00877 monitor_rec=0.00847 monitor_rec_slab=0.01217 monitor_sr=0.01044 monitor_sr_trilinear=0.01179 monitor_sr_linear3=0.01000 monitor_sr_masked=0.01045 monitor_sr_gain_vs_linear3=-0.04358 375s
[crossres] step 1150/2000 train_rec=0.01167 lr=0.00006 lr_head=0.00032 train_sr=0.00876 monitor_rec=0.00830 monitor_rec_slab=0.01204 monitor_sr=0.01045 monitor_sr_trilinear=0.01179 monitor_sr_linear3=0.01000 monitor_sr_masked=0.01048 monitor_sr_gain_vs_linear3=-0.04522 391s
[crossres] step 1200/2000 train_rec=0.01172 lr=0.00006 lr_head=0.00029 train_sr=0.00879 monitor_rec=0.00826 monitor_rec_slab=0.01198 monitor_sr=0.01051 monitor_sr_trilinear=0.01179 monitor_sr_linear3=0.01000 monitor_sr_masked=0.01051 monitor_sr_gain_vs_linear3=-0.05077 407s
[crossres] step 1250/2000 train_rec=0.01164 lr=0.00005 lr_head=0.00026 train_sr=0.00893 monitor_rec=0.00821 monitor_rec_slab=0.01194 monitor_sr=0.01056 monitor_sr_trilinear=0.01179 monitor_sr_linear3=0.01000 monitor_sr_masked=0.01055 monitor_sr_gain_vs_linear3=-0.05563 424s
[crossres] step 1300/2000 train_rec=0.01160 lr=0.00005 lr_head=0.00023 train_sr=0.00902 monitor_rec=0.00831 monitor_rec_slab=0.01187 monitor_sr=0.01042 monitor_sr_trilinear=0.01179 monitor_sr_linear3=0.01000 monitor_sr_masked=0.01044 monitor_sr_gain_vs_linear3=-0.04177 441s
[crossres] step 1350/2000 train_rec=0.01147 lr=0.00004 lr_head=0.00021 train_sr=0.00881 monitor_rec=0.00812 monitor_rec_slab=0.01181 monitor_sr=0.01039 monitor_sr_trilinear=0.01179 monitor_sr_linear3=0.01000 monitor_sr_masked=0.01042 monitor_sr_gain_vs_linear3=-0.03925 458s
[crossres] step 1400/2000 train_rec=0.01144 lr=0.00004 lr_head=0.00018 train_sr=0.00888 monitor_rec=0.00806 monitor_rec_slab=0.01172 monitor_sr=0.01043 monitor_sr_trilinear=0.01179 monitor_sr_linear3=0.01000 monitor_sr_masked=0.01044 monitor_sr_gain_vs_linear3=-0.04251 475s
[crossres] step 1450/2000 train_rec=0.01135 lr=0.00003 lr_head=0.00016 train_sr=0.00852 monitor_rec=0.00801 monitor_rec_slab=0.01166 monitor_sr=0.01040 monitor_sr_trilinear=0.01179 monitor_sr_linear3=0.01000 monitor_sr_masked=0.01043 monitor_sr_gain_vs_linear3=-0.04024 491s
[crossres] step 1500/2000 train_rec=0.01164 lr=0.00003 lr_head=0.00013 train_sr=0.00850 monitor_rec=0.00801 monitor_rec_slab=0.01167 monitor_sr=0.01044 monitor_sr_trilinear=0.01179 monitor_sr_linear3=0.01000 monitor_sr_masked=0.01047 monitor_sr_gain_vs_linear3=-0.04368 508s
[crossres] saved models/mae_crossres_depth_v2.pth (187 backbone keys)
[crossres] step 1550/2000 train_rec=0.01148 lr=0.00002 lr_head=0.00011 train_sr=0.00870 monitor_rec=0.00804 monitor_rec_slab=0.01157 monitor_sr=0.01040 monitor_sr_trilinear=0.01179 monitor_sr_linear3=0.01000 monitor_sr_masked=0.01044 monitor_sr_gain_vs_linear3=-0.04032 525s
[crossres] step 1600/2000 train_rec=0.01134 lr=0.00002 lr_head=0.00009 train_sr=0.00904 monitor_rec=0.00803 monitor_rec_slab=0.01155 monitor_sr=0.01038 monitor_sr_trilinear=0.01179 monitor_sr_linear3=0.01000 monitor_sr_masked=0.01041 monitor_sr_gain_vs_linear3=-0.03811 543s
[crossres] step 1650/2000 train_rec=0.01162 lr=0.00001 lr_head=0.00007 train_sr=0.00879 monitor_rec=0.00796 monitor_rec_slab=0.01153 monitor_sr=0.01040 monitor_sr_trilinear=0.01179 monitor_sr_linear3=0.01000 monitor_sr_masked=0.01043 monitor_sr_gain_vs_linear3=-0.04023 558s
[crossres] step 1700/2000 train_rec=0.01125 lr=0.00001 lr_head=0.00006 train_sr=0.00897 monitor_rec=0.00795 monitor_rec_slab=0.01150 monitor_sr=0.01035 monitor_sr_trilinear=0.01179 monitor_sr_linear3=0.01000 monitor_sr_masked=0.01038 monitor_sr_gain_vs_linear3=-0.03483 575s
[crossres] step 1750/2000 train_rec=0.01123 lr=0.00001 lr_head=0.00005 train_sr=0.00901 monitor_rec=0.00793 monitor_rec_slab=0.01149 monitor_sr=0.01033 monitor_sr_trilinear=0.01179 monitor_sr_linear3=0.01000 monitor_sr_masked=0.01036 monitor_sr_gain_vs_linear3=-0.03301 592s
[crossres] step 1800/2000 train_rec=0.01097 lr=0.00001 lr_head=0.00003 train_sr=0.00896 monitor_rec=0.00793 monitor_rec_slab=0.01145 monitor_sr=0.01036 monitor_sr_trilinear=0.01179 monitor_sr_linear3=0.01000 monitor_sr_masked=0.01039 monitor_sr_gain_vs_linear3=-0.03540 610s
[crossres] step 1850/2000 train_rec=0.01109 lr=0.00001 lr_head=0.00003 train_sr=0.00864 monitor_rec=0.00790 monitor_rec_slab=0.01145 monitor_sr=0.01036 monitor_sr_trilinear=0.01179 monitor_sr_linear3=0.01000 monitor_sr_masked=0.01038 monitor_sr_gain_vs_linear3=-0.03550 626s
[crossres] step 1900/2000 train_rec=0.01136 lr=0.00000 lr_head=0.00002 train_sr=0.00841 monitor_rec=0.00791 monitor_rec_slab=0.01146 monitor_sr=0.01036 monitor_sr_trilinear=0.01179 monitor_sr_linear3=0.01000 monitor_sr_masked=0.01039 monitor_sr_gain_vs_linear3=-0.03592 643s
[crossres] step 1950/2000 train_rec=0.01128 lr=0.00000 lr_head=0.00002 train_sr=0.00889 monitor_rec=0.00791 monitor_rec_slab=0.01144 monitor_sr=0.01036 monitor_sr_trilinear=0.01179 monitor_sr_linear3=0.01000 monitor_sr_masked=0.01039 monitor_sr_gain_vs_linear3=-0.03593 661s
[crossres] step 2000/2000 train_rec=0.01099 lr=0.00000 lr_head=0.00001 train_sr=0.00842 monitor_rec=0.00790 monitor_rec_slab=0.01145 monitor_sr=0.01035 monitor_sr_trilinear=0.01179 monitor_sr_linear3=0.01000 monitor_sr_masked=0.01038 monitor_sr_gain_vs_linear3=-0.03477 679s
[crossres] saved models/mae_crossres_depth_v2.pth (187 backbone keys)
