[crossres] plan U: trilinear {'depth_factor': 4, 'scale': 2, 'width': 48, 'layers': 8, 'depth_pool': 2} -> network input 16 x 192 x 192
/usr/local/lib/python3.10/dist-packages/torch/_utils.py:831: UserWarning: TypedStorage is deprecated. It will be removed in the future and UntypedStorage will be the only storage class. This should only matter to you if you are using storages directly.  To access UntypedStorage directly, use tensor.untyped_storage() instead of tensor.storage()
  return self.fget.__get__(instance, owner)()
Model parameters (nnunet3d_lcndz): 7,522,618
[crossres] warm start from models/mae_nnunet_192_campaign34_early_gated_native96_2k.pth: loaded 187/187 (missing 0)
WARNING: All log messages before absl::InitializeLog() is called are written to STDERR
E0000 00:00:1790720658.291475  253422 cuda_dnn.cc:8579] Unable to register cuDNN factory: Attempting to register factory for plugin cuDNN when one has already been registered
E0000 00:00:1790720658.295303  253422 cuda_blas.cc:1407] Unable to register cuBLAS factory: Attempting to register factory for plugin cuBLAS when one has already been registered
W0000 00:00:1790720658.305945  253422 computation_placer.cc:177] computation placer already registered. Please check linkage and avoid linking the same target more than once.
W0000 00:00:1790720658.305972  253422 computation_placer.cc:177] computation placer already registered. Please check linkage and avoid linking the same target more than once.
W0000 00:00:1790720658.305975  253422 computation_placer.cc:177] computation placer already registered. Please check linkage and avoid linking the same target more than once.
W0000 00:00:1790720658.305978  253422 computation_placer.cc:177] computation placer already registered. Please check linkage and avoid linking the same target more than once.
[crossres] step 0/2000 monitor_rec=0.14882 monitor_rec_slab=0.14943 3s
[crossres] step 50/2000 train_rec=0.14582 lr=0.00000 lr_head=0.00007 monitor_rec=0.12836 monitor_rec_slab=0.13082 56s
[crossres] step 100/2000 train_rec=0.10994 lr=0.00000 lr_head=0.00015 monitor_rec=0.08153 monitor_rec_slab=0.08823 108s
[crossres] step 150/2000 train_rec=0.06789 lr=0.00000 lr_head=0.00015 monitor_rec=0.04632 monitor_rec_slab=0.05644 160s
[crossres] step 200/2000 train_rec=0.04154 lr=0.00000 lr_head=0.00015 monitor_rec=0.02806 monitor_rec_slab=0.04063 212s
[crossres] step 250/2000 train_rec=0.02592 lr=0.00007 lr_head=0.00015 monitor_rec=0.01441 monitor_rec_slab=0.02600 263s
[crossres] step 300/2000 train_rec=0.02014 lr=0.00015 lr_head=0.00015 monitor_rec=0.01265 monitor_rec_slab=0.02330 314s
[crossres] step 350/2000 train_rec=0.01848 lr=0.00014 lr_head=0.00014 monitor_rec=0.01198 monitor_rec_slab=0.02015 366s
[crossres] step 400/2000 train_rec=0.01662 lr=0.00014 lr_head=0.00014 monitor_rec=0.01150 monitor_rec_slab=0.01835 418s
[crossres] step 450/2000 train_rec=0.01580 lr=0.00014 lr_head=0.00014 monitor_rec=0.01101 monitor_rec_slab=0.01718 471s
[crossres] step 500/2000 train_rec=0.01508 lr=0.00013 lr_head=0.00013 monitor_rec=0.01076 monitor_rec_slab=0.01620 524s
[crossres] saved models/mae_upsampled_trilinear_native96.pth (187 backbone keys)
[crossres] step 550/2000 train_rec=0.01456 lr=0.00013 lr_head=0.00013 monitor_rec=0.01045 monitor_rec_slab=0.01558 576s
[crossres] step 600/2000 train_rec=0.01420 lr=0.00013 lr_head=0.00013 monitor_rec=0.01021 monitor_rec_slab=0.01486 627s
[crossres] step 650/2000 train_rec=0.01374 lr=0.00012 lr_head=0.00012 monitor_rec=0.01008 monitor_rec_slab=0.01446 679s
[crossres] step 700/2000 train_rec=0.01362 lr=0.00012 lr_head=0.00012 monitor_rec=0.00985 monitor_rec_slab=0.01398 732s
[crossres] step 750/2000 train_rec=0.01313 lr=0.00011 lr_head=0.00011 monitor_rec=0.00986 monitor_rec_slab=0.01380 785s
[crossres] step 800/2000 train_rec=0.01310 lr=0.00011 lr_head=0.00011 monitor_rec=0.00957 monitor_rec_slab=0.01351 837s
[crossres] step 850/2000 train_rec=0.01272 lr=0.00010 lr_head=0.00010 monitor_rec=0.00942 monitor_rec_slab=0.01318 888s
[crossres] step 900/2000 train_rec=0.01250 lr=0.00009 lr_head=0.00009 monitor_rec=0.00934 monitor_rec_slab=0.01294 940s
[crossres] step 950/2000 train_rec=0.01259 lr=0.00009 lr_head=0.00009 monitor_rec=0.00921 monitor_rec_slab=0.01273 992s
[crossres] step 1000/2000 train_rec=0.01240 lr=0.00008 lr_head=0.00008 monitor_rec=0.00911 monitor_rec_slab=0.01255 1044s
[crossres] saved models/mae_upsampled_trilinear_native96.pth (187 backbone keys)
[crossres] saved models/mae_upsampled_trilinear_native96.step1000.pth (187 backbone keys)
[crossres] step 1050/2000 train_rec=0.01211 lr=0.00008 lr_head=0.00008 monitor_rec=0.00905 monitor_rec_slab=0.01240 1096s
[crossres] step 1100/2000 train_rec=0.01191 lr=0.00007 lr_head=0.00007 monitor_rec=0.00895 monitor_rec_slab=0.01224 1149s
[crossres] step 1150/2000 train_rec=0.01173 lr=0.00006 lr_head=0.00006 monitor_rec=0.00884 monitor_rec_slab=0.01209 1202s
[crossres] step 1200/2000 train_rec=0.01195 lr=0.00006 lr_head=0.00006 monitor_rec=0.00881 monitor_rec_slab=0.01200 1254s
[crossres] step 1250/2000 train_rec=0.01173 lr=0.00005 lr_head=0.00005 monitor_rec=0.00877 monitor_rec_slab=0.01185 1305s
[crossres] step 1300/2000 train_rec=0.01165 lr=0.00005 lr_head=0.00005 monitor_rec=0.00872 monitor_rec_slab=0.01184 1357s
[crossres] step 1350/2000 train_rec=0.01149 lr=0.00004 lr_head=0.00004 monitor_rec=0.00866 monitor_rec_slab=0.01172 1410s
[crossres] step 1400/2000 train_rec=0.01163 lr=0.00004 lr_head=0.00004 monitor_rec=0.00852 monitor_rec_slab=0.01160 1462s
[crossres] step 1450/2000 train_rec=0.01131 lr=0.00003 lr_head=0.00003 monitor_rec=0.00848 monitor_rec_slab=0.01154 1514s
[crossres] step 1500/2000 train_rec=0.01141 lr=0.00003 lr_head=0.00003 monitor_rec=0.00846 monitor_rec_slab=0.01154 1567s
[crossres] saved models/mae_upsampled_trilinear_native96.pth (187 backbone keys)
[crossres] step 1550/2000 train_rec=0.01113 lr=0.00002 lr_head=0.00002 monitor_rec=0.00838 monitor_rec_slab=0.01139 1618s
[crossres] step 1600/2000 train_rec=0.01106 lr=0.00002 lr_head=0.00002 monitor_rec=0.00834 monitor_rec_slab=0.01136 1671s
[crossres] step 1650/2000 train_rec=0.01107 lr=0.00001 lr_head=0.00001 monitor_rec=0.00832 monitor_rec_slab=0.01131 1723s
[crossres] step 1700/2000 train_rec=0.01111 lr=0.00001 lr_head=0.00001 monitor_rec=0.00828 monitor_rec_slab=0.01126 1775s
[crossres] step 1750/2000 train_rec=0.01110 lr=0.00001 lr_head=0.00001 monitor_rec=0.00825 monitor_rec_slab=0.01125 1827s
[crossres] step 1800/2000 train_rec=0.01110 lr=0.00001 lr_head=0.00001 monitor_rec=0.00824 monitor_rec_slab=0.01122 1880s
[crossres] step 1850/2000 train_rec=0.01102 lr=0.00001 lr_head=0.00001 monitor_rec=0.00823 monitor_rec_slab=0.01120 1933s
[crossres] step 1900/2000 train_rec=0.01132 lr=0.00000 lr_head=0.00000 monitor_rec=0.00821 monitor_rec_slab=0.01119 1985s
[crossres] step 1950/2000 train_rec=0.01121 lr=0.00000 lr_head=0.00000 monitor_rec=0.00821 monitor_rec_slab=0.01117 2038s
[crossres] step 2000/2000 train_rec=0.01106 lr=0.00000 lr_head=0.00000 monitor_rec=0.00820 monitor_rec_slab=0.01118 2089s
[crossres] saved models/mae_upsampled_trilinear_native96.pth (187 backbone keys)
