--- Configuration ---
data: DataConfig(zarr_path='/vesuvius/ves_zarrs2', tra_scroll_id=20240304161941, tra_scroll_ids=[20240304161941], vis_scroll_ids=None, scroll2_id=20230709155141, scroll4_id=20231210132040, scroll3_id=20240716140050, test_on_scroll4=False, test_scroll2_only=False, tile_size=32, depth=8, d_start=0, d_end=64, train_d_start=0, train_d_end=64, smooth_sigma=0.0, input_mode='single', pre_band_start=20, pre_band_end=28, post_band_start=40, post_band_end=48, preload_to_ram=False, mask_memmap=True, ring_negatives=True, ring_label_source='eroded', alternating_ring=False, soft_label_prob=0.0, soft_label_value=0.3, split_axis='y', train_split_frac=0.75, crop_x_frac=(0.6, 1.0), crop_y_frac=(0.0, 0.75))
dl: DataloaderConfig(batch_size=512, num_workers=8, data_aug=True, channel_mixing_prob=0.0, rotation_prob=0.25, flip_prob=0.25, noise_prob=0.3, brightness_prob=0.5, contrast_prob=0.5)
tra: TrainingConfig(n_epochs=15, lr=0.0001, weight_decay=0, l1_lambda=7.65e-06, grad_norm=0.5, patience=5, lr_decay=0.5, save_int=10, log_dir='/vesuvius/runs_scroll4', eval_int=15, test_int=30, probe_int=5, eval_aggregate=True, probe_rois_enabled=False, focal_gamma=0.0, ranking_lambda=0.0, ranking_margin=0.3, ranking_neg_frac=1.0, pretrain_epochs=0, eval_cooldown_secs=0)
model: ModelConfig(conv1_drop=0.0, conv2_drop=0.05, fc1_drop=0.2, fc2_drop=0.1, pooling='avg', gem_p=3.0, conv3_dilation=1, arch='v12_asym_attn_pool')
finetune: FinetuneConfig(learning_rate=1e-05, num_epochs=25)
hm: HardMining(enabled=False, hn_cutoff=0.8, hp_cutoff=0.45, hm_frac=0.1, dir='/vesuvius/hard_negs/cmp_scroll4_2026_07_08_t02_asym_attn_pool_s4_79um')
device: cuda
model_dir: /vesuvius/models
exp_name: cmp_scroll4_2026_07_08_t02_asym_attn_pool_s4_79um
---------------------
Creating datasets...
[info] using cached normalization for segment 20240304161941
[ring_negatives] source='eroded' tile_radius=2  ink_tiles=52236  ring_tiles=85130  ratio=1.63
sampling datasets to calculate average class weights
label distribution (from 7500 samples): Counter({0: 4496, 1: 3004})
using average pos_weight: 1.50
Data setup done in 25.89s
Creating model and loss... l1 lambda 7.65e-06... Model parameters (v12_asym_attn_pool): 1,204,161
 done in 0.38s
Initializing Tensorboard...
[info] using cached normalization for segment 20240304161941
[scroll4] not available, skipping its test figure (could not open zarr at /vesuvius/ves_zarrs2/20231210132040.zarr: nothing found at path '')
[scroll2] not available, skipping its test figure (could not open zarr at /vesuvius/ves_zarrs2/20230709155141.zarr: nothing found at path '')
[scroll3] not available, skipping its test figure (nothing found at path '')
TensorBoard logs will be saved to: /vesuvius/runs_scroll4/cmp_scroll4_2026_07_08_t02_asym_attn_pool_s4_79um_08_18-32-37
To view, run: tensorboard --logdir=/vesuvius/runs_scroll4

--- Epoch 1/15 ---
New best loss model saved! Val Loss: 0.6384
Logging metrics for epoch: 1
Logging hyperparameters and model graph

--- Epoch 2/15 ---
New best loss model saved! Val Loss: 0.5729
Logging metrics for epoch: 2

--- Epoch 3/15 ---
Logging metrics for epoch: 3

--- Epoch 4/15 ---
Logging metrics for epoch: 4

--- Epoch 5/15 ---
Logging metrics for epoch: 5

--- Epoch 6/15 ---
New best F1 model saved! Val F1: 0.2336
Logging metrics for epoch: 6

--- Epoch 7/15 ---
Logging metrics for epoch: 7

--- Epoch 8/15 ---
Logging metrics for epoch: 8

--- Epoch 9/15 ---
Logging metrics for epoch: 9

--- Epoch 10/15 ---
Logging metrics for epoch: 10

--- Epoch 11/15 ---
Logging metrics for epoch: 11

--- Epoch 12/15 ---
Logging metrics for epoch: 12

--- Epoch 13/15 ---
Logging metrics for epoch: 13

--- Epoch 14/15 ---
Logging metrics for epoch: 14

--- Epoch 15/15 ---
Logging metrics for epoch: 15
Starting evaluation figure generation...
[predict] reading 85183 tiles sequentially...
[predict] reading 28552 tiles sequentially...
[predict] reading 85183 tiles sequentially...
[predict] reading 28552 tiles sequentially...
[predict] reading 85183 tiles sequentially...
[predict] reading 28552 tiles sequentially...
[predict] reading 85183 tiles sequentially...
[predict] reading 28552 tiles sequentially...
[predict] reading 85183 tiles sequentially...
[predict] reading 28552 tiles sequentially...
[predict] reading 85183 tiles sequentially...
[predict] reading 28552 tiles sequentially...
[predict] reading 85183 tiles sequentially...
[predict] reading 28552 tiles sequentially...
[predict] reading 85183 tiles sequentially...
[predict] reading 28552 tiles sequentially...
[predict] reading 85183 tiles sequentially...
[predict] reading 28552 tiles sequentially...
[predict] reading 85183 tiles sequentially...
[predict] reading 28552 tiles sequentially...
[predict] reading 85183 tiles sequentially...
[predict] reading 28552 tiles sequentially...
[predict] reading 85183 tiles sequentially...
[predict] reading 28552 tiles sequentially...
[predict] reading 85183 tiles sequentially...
[predict] reading 28552 tiles sequentially...
[predict] reading 85183 tiles sequentially...
[predict] reading 28552 tiles sequentially...
[predict] reading 85183 tiles sequentially...
[predict] reading 28552 tiles sequentially...
TensorBoard logs saved to: /vesuvius/runs_scroll4/cmp_scroll4_2026_07_08_t02_asym_attn_pool_s4_79um_08_18-32-37
Training completed.
